Microchip MPLAB XC8 Compiler V2.32

Linker command line:

-W-3 --edf=C:\Program Files\Microchip\xc8\v2.32\pic\dat\en_msgs.txt -cn \
  -h+dist/default/production\v-meter.X.production.sym \
  --cmf=dist/default/production\v-meter.X.production.cmf -z -Q16F18446 \
  -oC:\Users\kai\AppData\Local\Temp\xcAs9es.4 --defsym=__MPLAB_BUILD=1 \
  -Mdist/default/production/v-meter.X.production.map -E1 -ver=XC8 Compiler \
  --acfsm=1493 -ASTACK=02075h-027EFh -pstack=STACK -ACODE=00h-07FFhx8 \
  -ASTRCODE=00h-03FFFh -ASTRING=00h-0FFhx64 -ACONST=00h-0FFhx64 \
  -AENTRY=00h-0FFhx64 -ACOMMON=070h-07Fh -ABANK0=020h-06Fh \
  -ABANK1=0A0h-0EFh -ABANK2=0120h-016Fh -ABANK3=01A0h-01EFh \
  -ABANK4=0220h-026Fh -ABANK5=02A0h-02EFh -ABANK6=0320h-036Fh \
  -ABANK7=03A0h-03EFh -ABANK8=0420h-046Fh -ABANK9=04A0h-04EFh \
  -ABANK10=0520h-056Fh -ABANK11=05A0h-05EFh -ABANK12=0620h-066Fh \
  -ABANK13=06A0h-06EFh -ABANK14=0720h-076Fh -ABANK15=07A0h-07EFh \
  -ABANK16=0820h-086Fh -ABANK17=08A0h-08EFh -ABANK18=0920h-096Fh \
  -ABANK19=09A0h-09EFh -ABANK20=0A20h-0A6Fh -ABANK21=0AA0h-0AEFh \
  -ABANK22=0B20h-0B6Fh -ABANK23=0BA0h-0BEFh -ABANK24=0C20h-0C6Fh \
  -ABANK25=0CA0h-0CBFh -ABIGRAM=02000h-027EFh \
  -ARAM=020h-06Fh,0A0h-0EFh,0120h-016Fh,01A0h-01EFh,0220h-026Fh,02A0h-02EFh,0320h-036Fh,03A0h-03EFh,0420h-046Fh,04A0h-04EFh,0520h-056Fh,05A0h-05EFh,0620h-066Fh,06A0h-06EFh,0720h-076Fh,07A0h-07EFh,0820h-086Fh,08A0h-08EFh,0920h-096Fh,09A0h-09EFh,0A20h-0A6Fh,0AA0h-0AEFh,0B20h-0B6Fh,0BA0h-0BEFh,0C20h-0C6Fh,0CA0h-0CBFh \
  -AABS1=020h-07Fh,0A0h-0EFh,0120h-016Fh,01A0h-01EFh,0220h-026Fh,02A0h-02EFh,0320h-036Fh,03A0h-03EFh,0420h-046Fh,04A0h-04EFh,0520h-056Fh,05A0h-05EFh,0620h-066Fh,06A0h-06EFh,0720h-076Fh,07A0h-07EFh,0820h-086Fh,08A0h-08EFh,0920h-096Fh,09A0h-09EFh,0A20h-0A6Fh,0AA0h-0AEFh,0B20h-0B6Fh,0BA0h-0BEFh,0C20h-0C6Fh,0CA0h-0CBFh \
  -ASFR0=00h-01Fh -ASFR1=080h-09Fh -ASFR2=0100h-011Fh -ASFR3=0180h-019Fh \
  -ASFR4=0200h-021Fh -ASFR5=0280h-029Fh -ASFR6=0300h-031Fh \
  -ASFR7=0380h-039Fh -ASFR8=0400h-041Fh -ASFR9=0480h-049Fh \
  -ASFR10=0500h-051Fh -ASFR11=0580h-059Fh -ASFR12=0600h-061Fh \
  -ASFR13=0680h-069Fh -ASFR14=0700h-071Fh -ASFR15=0780h-079Fh \
  -ASFR16=0800h-081Fh -ASFR17=0880h-089Fh -ASFR18=0900h-091Fh \
  -ASFR19=0980h-099Fh -ASFR20=0A00h-0A1Fh -ASFR21=0A80h-0A9Fh \
  -ASFR22=0B00h-0B1Fh -ASFR23=0B80h-0B9Fh -ASFR24=0C00h-0C1Fh \
  -ASFR25=0C80h-0C9Fh -ASFR26=0D00h-0D6Fh -ASFR27=0D80h-0DEFh \
  -ASFR28=0E00h-0E6Fh -ASFR29=0E80h-0EEFh -ASFR30=0F00h-0F6Fh \
  -ASFR31=0F80h-0FEFh -ASFR32=01000h-0106Fh -ASFR33=01080h-010EFh \
  -ASFR34=01100h-0116Fh -ASFR35=01180h-011EFh -ASFR36=01200h-0126Fh \
  -ASFR37=01280h-012EFh -ASFR38=01300h-0136Fh -ASFR39=01380h-013EFh \
  -ASFR40=01400h-0146Fh -ASFR41=01480h-014EFh -ASFR42=01500h-0156Fh \
  -ASFR43=01580h-015EFh -ASFR44=01600h-0166Fh -ASFR45=01680h-016EFh \
  -ASFR46=01700h-0176Fh -ASFR47=01780h-017EFh -ASFR48=01800h-0186Fh \
  -ASFR49=01880h-018EFh -ASFR50=01900h-0196Fh -ASFR51=01980h-019EFh \
  -ASFR52=01A00h-01A6Fh -ASFR53=01A80h-01AEFh -ASFR54=01B00h-01B6Fh \
  -ASFR55=01B80h-01BEFh -ASFR56=01C00h-01C6Fh -ASFR57=01C80h-01CEFh \
  -ASFR58=01D00h-01D6Fh -ASFR59=01D80h-01DEFh -ASFR60=01E00h-01E6Fh \
  -ASFR61=01E80h-01EEFh -ASFR62=01F00h-01F6Fh -ASFR63=01F80h-01FEFh \
  -ACONFIG=08007h-0800Bh -DCONFIG=2 -AIDLOC=08000h-08003h -DIDLOC=2 \
  -AEEDATA=00h-0FFh/0F000h -peeprom_data=EEDATA -DEEDATA=2 -DCODE=2 \
  -DSTRCODE=2 -DSTRING=2 -DCONST=2 -DENTRY=2 \
  -preset_vec=00h,intentry,init,end_init -ppowerup=CODE -pcinit=CODE \
  -pfunctab=ENTRY -k C:\Users\kai\AppData\Local\Temp\xcAs9es.o \
  dist/default/production\v-meter.X.production.o 

Object code version is 3.11

Machine type is 16F18446



                Name                               Link     Load   Length Selector   Space Scale
C:\Users\kai\AppData\Local\Temp\xcAs9es.o
                end_init                              2        2        2        0       0
                reset_vec                             0        0        2        0       0
                config                             8007     8007        5        0       4
dist/default/production\v-meter.X.production.o
                cinit                               7F0      7F0       10      FE0       0
                config                             8007     8007        5        0       4
                text35                             12FC     12FC       12     25F8       0
                text34                             12A7     12A7        3     254E       0
                text33                             12AA     12AA        3     2554       0
                text32                             12AD     12AD        3     255A       0
                text31                                4        4        3        0       0
                text30                             1489     1489       30     2912       0
                text29                             130E     130E       15     261C       0
                text28                             1323     1323       19     2646       0
                text27                             12B0     12B0        4     2560       0
                text26                             13C4     13C4       23     2788       0
                text25                             145A     145A       2F     28B4       0
                text24                             12EE     12EE        E     25DC       0
                text23                             12C3     12C3        A     2586       0
                text22                             12CD     12CD        A     259A       0
                text21                             142F     142F       2B     285E       0
                text20                             133C     133C       19     2678       0
                text19                             136F     136F       1B     26DE       0
                text18                             13A5     13A5       1F     274A       0
                text17                             1648     1648       C2     2C90       0
                text16                             157A     157A       5A     2AF4       0
                text15                             1530     1530       4A     2A60       0
                text14                             14B9     14B9       33     2972       0
                text13                               B3       B3       FA      166       0
                text12                             14EC     14EC       44     29D8       0
                text11                             1355     1355       1A     26AA       0
                text10                             12BA     12BA        9     2574       0
                text9                              140A     140A       25     2814       0
                text8                              12D7     12D7        A     25AE       0
                text7                              12E1     12E1        D     25C2       0
                text6                               361      361      238      6C2       0
                text5                               1AD      1AD      1B4      35A       0
                text4                              13E7     13E7       23     27CE       0
                text3                               599      599      257      B32       0
                text2                              15D4     15D4       74     2BA8       0
                text1                                 7        7       AC        E       0
                maintext                           170A     170A       F6     2E14       0
                cstackBANK0                          20       20       4A       20       1
                cstackCOMMON                         70       70        E       70       1
                cstackBANK1                          BB       BB        A       A0       1
                inittext                           12B4     12B4        6     2568       0
                dataBANK1                            A0       A0       1B       A0       1
                bssBANK0                             6A       6A        1       20       1
                stringtext2                         DF0      DF0      22F     1000       0
                stringtext1                         800      800      5F0     1000       0
                idataBANK1                         138A     138A       1B     2714       0

TOTAL           Name                               Link     Load   Length     Space
        CLASS   STACK          

        CLASS   CODE           
                end_init                              2        2        2         0
                cinit                               7F0      7F0       10         0
                reset_vec                             0        0        2         0
                text35                             12FC     12FC       12         0
                text34                             12A7     12A7        3         0
                text33                             12AA     12AA        3         0
                text32                             12AD     12AD        3         0
                text31                                4        4        3         0
                text30                             1489     1489       30         0
                text29                             130E     130E       15         0
                text28                             1323     1323       19         0
                text27                             12B0     12B0        4         0
                text26                             13C4     13C4       23         0
                text25                             145A     145A       2F         0
                text24                             12EE     12EE        E         0
                text23                             12C3     12C3        A         0
                text22                             12CD     12CD        A         0
                text21                             142F     142F       2B         0
                text20                             133C     133C       19         0
                text19                             136F     136F       1B         0
                text18                             13A5     13A5       1F         0
                text17                             1648     1648       C2         0
                text16                             157A     157A       5A         0
                text15                             1530     1530       4A         0
                text14                             14B9     14B9       33         0
                text13                               B3       B3       FA         0
                text12                             14EC     14EC       44         0
                text11                             1355     1355       1A         0
                text10                             12BA     12BA        9         0
                text9                              140A     140A       25         0
                text8                              12D7     12D7        A         0
                text7                              12E1     12E1        D         0
                text6                               361      361      238         0
                text5                               1AD      1AD      1B4         0
                text4                              13E7     13E7       23         0
                text3                               599      599      257         0
                text2                              15D4     15D4       74         0
                text1                                 7        7       AC         0
                maintext                           170A     170A       F6         0
                inittext                           12B4     12B4        6         0
                idataBANK1                         138A     138A       1B         0

        CLASS   STRCODE        
                stringtext2                         DF0      DF0      22F         0
                stringtext1                         800      800      5F0         0

        CLASS   STRING         

        CLASS   CONST          

        CLASS   ENTRY          

        CLASS   COMMON         
                cstackCOMMON                         70       70        E         1

        CLASS   BANK0          
                cstackBANK0                          20       20       4A         1
                bssBANK0                             6A       6A        1         1

        CLASS   BANK1          
                cstackBANK1                          BB       BB        A         1
                dataBANK1                            A0       A0       1B         1

        CLASS   BANK2          

        CLASS   BANK3          

        CLASS   BANK4          

        CLASS   BANK5          

        CLASS   BANK6          

        CLASS   BANK7          

        CLASS   BANK8          

        CLASS   BANK9          

        CLASS   BANK10         

        CLASS   BANK11         

        CLASS   BANK12         

        CLASS   BANK13         

        CLASS   BANK14         

        CLASS   BANK15         

        CLASS   BANK16         

        CLASS   BANK17         

        CLASS   BANK18         

        CLASS   BANK19         

        CLASS   BANK20         

        CLASS   BANK21         

        CLASS   BANK22         

        CLASS   BANK23         

        CLASS   BANK24         

        CLASS   BANK25         

        CLASS   BIGRAM         

        CLASS   RAM            

        CLASS   ABS1           
                abs_s1                               7E       7E        2         1

        CLASS   SFR0           

        CLASS   SFR1           

        CLASS   SFR2           

        CLASS   SFR3           

        CLASS   SFR4           

        CLASS   SFR5           

        CLASS   SFR6           

        CLASS   SFR7           

        CLASS   SFR8           

        CLASS   SFR9           

        CLASS   SFR10          

        CLASS   SFR11          

        CLASS   SFR12          

        CLASS   SFR13          

        CLASS   SFR14          

        CLASS   SFR15          

        CLASS   SFR16          

        CLASS   SFR17          

        CLASS   SFR18          

        CLASS   SFR19          

        CLASS   SFR20          

        CLASS   SFR21          

        CLASS   SFR22          

        CLASS   SFR23          

        CLASS   SFR24          

        CLASS   SFR25          

        CLASS   SFR26          

        CLASS   SFR27          

        CLASS   SFR28          

        CLASS   SFR29          

        CLASS   SFR30          

        CLASS   SFR31          

        CLASS   SFR32          

        CLASS   SFR33          

        CLASS   SFR34          

        CLASS   SFR35          

        CLASS   SFR36          

        CLASS   SFR37          

        CLASS   SFR38          

        CLASS   SFR39          

        CLASS   SFR40          

        CLASS   SFR41          

        CLASS   SFR42          

        CLASS   SFR43          

        CLASS   SFR44          

        CLASS   SFR45          

        CLASS   SFR46          

        CLASS   SFR47          

        CLASS   SFR48          

        CLASS   SFR49          

        CLASS   SFR50          

        CLASS   SFR51          

        CLASS   SFR52          

        CLASS   SFR53          

        CLASS   SFR54          

        CLASS   SFR55          

        CLASS   SFR56          

        CLASS   SFR57          

        CLASS   SFR58          

        CLASS   SFR59          

        CLASS   SFR60          

        CLASS   SFR61          

        CLASS   SFR62          

        CLASS   SFR63          

        CLASS   CONFIG         
                config                             8007     8007        5         4

        CLASS   IDLOC          

        CLASS   EEDATA         

        CLASS   BANK63         

        CLASS   BANK62         

        CLASS   BANK61         

        CLASS   BANK60         

        CLASS   BANK59         

        CLASS   BANK58         

        CLASS   BANK57         

        CLASS   BANK56         

        CLASS   BANK55         

        CLASS   BANK54         

        CLASS   BANK53         

        CLASS   BANK52         

        CLASS   BANK51         

        CLASS   BANK50         

        CLASS   BANK49         

        CLASS   BANK48         

        CLASS   BANK47         

        CLASS   BANK46         

        CLASS   BANK45         

        CLASS   BANK44         

        CLASS   BANK43         

        CLASS   BANK42         

        CLASS   BANK41         

        CLASS   BANK40         

        CLASS   BANK39         

        CLASS   BANK38         

        CLASS   BANK37         

        CLASS   BANK36         

        CLASS   BANK35         

        CLASS   BANK34         

        CLASS   BANK33         

        CLASS   BANK32         

        CLASS   BANK31         

        CLASS   BANK30         

        CLASS   BANK29         

        CLASS   BANK28         

        CLASS   BANK27         

        CLASS   BANK26         



SEGMENTS        Name                           Load    Length   Top    Selector   Space  Class     Delta

                reset_vec                      000000  000007  000007         0       0  CODE        2
                text1                          000007  0000AC  0000B3         E       0  CODE        2
                cstackBANK0                    000020  00004B  00006B        20       1  BANK0       1
                cstackCOMMON                   000070  00000E  00007E        70       1  COMMON      1
                dataBANK1                      0000A0  000025  0000C5        A0       1  BANK1       1
                text13                         0000B3  0000FA  0001AD       166       0  CODE        2
                text5                          0001AD  0001B4  000361       35A       0  CODE        2
                text6                          000361  000238  000599       6C2       0  CODE        2
                text3                          000599  000257  0007F0       B32       0  CODE        2
                cinit                          0007F0  000010  000800       FE0       0  CODE        2
                stringtext1                    000800  00081F  00101F      1000       0  STRCODE     2
                text34                         0012A7  000003  0012AA      254E       0  CODE        2
                text33                         0012AA  000003  0012AD      2554       0  CODE        2
                text32                         0012AD  000003  0012B0      255A       0  CODE        2
                text27                         0012B0  000004  0012B4      2560       0  CODE        2
                inittext                       0012B4  000006  0012BA      2568       0  CODE        2
                text10                         0012BA  000009  0012C3      2574       0  CODE        2
                text23                         0012C3  00000A  0012CD      2586       0  CODE        2
                text22                         0012CD  00000A  0012D7      259A       0  CODE        2
                text8                          0012D7  00000A  0012E1      25AE       0  CODE        2
                text7                          0012E1  00000D  0012EE      25C2       0  CODE        2
                text24                         0012EE  00000E  0012FC      25DC       0  CODE        2
                text35                         0012FC  000012  00130E      25F8       0  CODE        2
                text29                         00130E  000015  001323      261C       0  CODE        2
                text28                         001323  000019  00133C      2646       0  CODE        2
                text20                         00133C  000019  001355      2678       0  CODE        2
                text11                         001355  00001A  00136F      26AA       0  CODE        2
                text19                         00136F  00001B  00138A      26DE       0  CODE        2
                idataBANK1                     00138A  00001B  0013A5      2714       0  CODE        2
                text18                         0013A5  00001F  0013C4      274A       0  CODE        2
                text26                         0013C4  000023  0013E7      2788       0  CODE        2
                text4                          0013E7  000023  00140A      27CE       0  CODE        2
                text9                          00140A  000025  00142F      2814       0  CODE        2
                text21                         00142F  00002B  00145A      285E       0  CODE        2
                text25                         00145A  00002F  001489      28B4       0  CODE        2
                text30                         001489  000030  0014B9      2912       0  CODE        2
                text14                         0014B9  000033  0014EC      2972       0  CODE        2
                text12                         0014EC  000044  001530      29D8       0  CODE        2
                text15                         001530  00004A  00157A      2A60       0  CODE        2
                text16                         00157A  00005A  0015D4      2AF4       0  CODE        2
                text2                          0015D4  000074  001648      2BA8       0  CODE        2
                text17                         001648  0000C2  00170A      2C90       0  CODE        2
                maintext                       00170A  0000F6  001800      2E14       0  CODE        2


UNUSED ADDRESS RANGES

        Name                Unused          Largest block    Delta
        BANK0            0006B-0006F               5           1
        BANK1            000C5-000EF              2B           1
        BANK10           00520-0056F              50           1
        BANK11           005A0-005EF              50           1
        BANK12           00620-0066F              50           1
        BANK13           006A0-006EF              50           1
        BANK14           00720-0076F              50           1
        BANK15           007A0-007EF              50           1
        BANK16           00820-0086F              50           1
        BANK17           008A0-008EF              50           1
        BANK18           00920-0096F              50           1
        BANK19           009A0-009EF              50           1
        BANK2            00120-0016F              50           1
        BANK20           00A20-00A6F              50           1
        BANK21           00AA0-00AEF              50           1
        BANK22           00B20-00B6F              50           1
        BANK23           00BA0-00BEF              50           1
        BANK24           00C20-00C6F              50           1
        BANK25           00CA0-00CBF              20           1
        BANK3            001A0-001EF              50           1
        BANK4            00220-0026F              50           1
        BANK5            002A0-002EF              50           1
        BANK6            00320-0036F              50           1
        BANK7            003A0-003EF              50           1
        BANK8            00420-0046F              50           1
        BANK9            004A0-004EF              50           1
        BIGRAM           02000-027EF             7F0           1
        CODE             0101F-012A6             288           2
                         01800-03FFF             800
        CONST            0101F-012A6             100           2
                         01800-03FFF             100
        EEDATA           0F000-0F0FF             100           2
        ENTRY            0101F-012A6             100           2
                         01800-03FFF             100
        IDLOC            08000-08003               4           2
        RAM              0006B-0006F               5           1
                         000C5-000EF              2B
                         00120-0016F              50
                         001A0-001EF              50
                         00220-0026F              50
                         002A0-002EF              50
                         00320-0036F              50
                         003A0-003EF              50
                         00420-0046F              50
                         004A0-004EF              50
                         00520-0056F              50
                         005A0-005EF              50
                         00620-0066F              50
                         006A0-006EF              50
                         00720-0076F              50
                         007A0-007EF              50
                         00820-0086F              50
                         008A0-008EF              50
                         00920-0096F              50
                         009A0-009EF              50
                         00A20-00A6F              50
                         00AA0-00AEF              50
                         00B20-00B6F              50
                         00BA0-00BEF              50
                         00C20-00C6F              50
                         00CA0-00CBF              20
        SFR0             00000-0001F              20           1
        SFR1             00080-0009F              20           1
        SFR10            00500-0051F              20           1
        SFR11            00580-0059F              20           1
        SFR12            00600-0061F              20           1
        SFR13            00680-0069F              20           1
        SFR14            00700-0071F              20           1
        SFR15            00780-0079F              20           1
        SFR16            00800-0081F              20           1
        SFR17            00880-0089F              20           1
        SFR18            00900-0091F              20           1
        SFR19            00980-0099F              20           1
        SFR2             00100-0011F              20           1
        SFR20            00A00-00A1F              20           1
        SFR21            00A80-00A9F              20           1
        SFR22            00B00-00B1F              20           1
        SFR23            00B80-00B9F              20           1
        SFR24            00C00-00C1F              20           1
        SFR25            00C80-00C9F              20           1
        SFR26            00D00-00D6F              70           1
        SFR27            00D80-00DEF              70           1
        SFR28            00E00-00E6F              70           1
        SFR29            00E80-00EEF              70           1
        SFR3             00180-0019F              20           1
        SFR30            00F00-00F6F              70           1
        SFR31            00F80-00FEF              70           1
        SFR32            01000-0106F              70           1
        SFR33            01080-010EF              70           1
        SFR34            01100-0116F              70           1
        SFR35            01180-011EF              70           1
        SFR36            01200-0126F              70           1
        SFR37            01280-012EF              70           1
        SFR38            01300-0136F              70           1
        SFR39            01380-013EF              70           1
        SFR4             00200-0021F              20           1
        SFR40            01400-0146F              70           1
        SFR41            01480-014EF              70           1
        SFR42            01500-0156F              70           1
        SFR43            01580-015EF              70           1
        SFR44            01600-0166F              70           1
        SFR45            01680-016EF              70           1
        SFR46            01700-0176F              70           1
        SFR47            01780-017EF              70           1
        SFR48            01800-0186F              70           1
        SFR49            01880-018EF              70           1
        SFR5             00280-0029F              20           1
        SFR50            01900-0196F              70           1
        SFR51            01980-019EF              70           1
        SFR52            01A00-01A6F              70           1
        SFR53            01A80-01AEF              70           1
        SFR54            01B00-01B6F              70           1
        SFR55            01B80-01BEF              70           1
        SFR56            01C00-01C6F              70           1
        SFR57            01C80-01CEF              70           1
        SFR58            01D00-01D6F              70           1
        SFR59            01D80-01DEF              70           1
        SFR6             00300-0031F              20           1
        SFR60            01E00-01E6F              70           1
        SFR61            01E80-01EEF              70           1
        SFR62            01F00-01F6F              70           1
        SFR63            01F80-01FEF              70           1
        SFR7             00380-0039F              20           1
        SFR8             00400-0041F              20           1
        SFR9             00480-0049F              20           1
        STACK            02075-027EF             77B           1
        STRCODE          0101F-012A6             288           2
                         01800-03FFF            2800
        STRING           0101F-012A6             100           2
                         01800-03FFF             100

                                  Symbol Table

?_ADCC_GetSingleConversion         cstackCOMMON 00070
?__Umul8_16                        cstackCOMMON 00070
?___fladd                          cstackBANK0  00054
?___fldiv                          cstackBANK0  00020
?___flmul                          cstackBANK0  0003A
?___fltol                          cstackCOMMON 00070
?___lldiv                          cstackCOMMON 00070
?___llmod                          cstackCOMMON 00070
?___lmul                           cstackCOMMON 00070
?___wmul                           cstackCOMMON 00070
?___xxtofl                         cstackCOMMON 00070
ADCC_GetSingleConversion@channel   cstackCOMMON 00072
OLED_Clear@i                       cstackBANK0  00021
OLED_Clear@n                       cstackBANK0  00020
OLED_Init@i                        cstackCOMMON 0007B
OLED_Set_Pos@x                     cstackBANK0  00020
OLED_Set_Pos@y                     cstackCOMMON 0007C
OLED_ShowChar@Char_Size            cstackBANK0  00023
OLED_ShowChar@c                    cstackBANK0  0002A
OLED_ShowChar@chr                  cstackBANK0  00022
OLED_ShowChar@i                    cstackBANK0  0002C
OLED_ShowChar@x                    cstackBANK0  0002B
OLED_ShowChar@y                    cstackBANK0  00021
OLED_ShowNum@Char_Size             cstackBANK0  00032
OLED_ShowNum@j                     cstackBANK0  00037
OLED_ShowNum@num                   cstackBANK0  0002E
OLED_ShowNum@x                     cstackBANK0  00036
OLED_ShowNum@y                     cstackBANK0  0002D
OLED_ShowString@Char_Size          cstackBANK0  00030
OLED_ShowString@chr                cstackBANK0  0002E
OLED_ShowString@j                  cstackBANK0  00037
OLED_ShowString@x                  cstackBANK0  00036
OLED_ShowString@y                  cstackBANK0  0002D
OLED_WR_CMD@cmd                    cstackCOMMON 0007B
OLED_WR_DATA@data                  cstackCOMMON 0007B
Soft_I2c_Send@DevAddr              cstackCOMMON 00075
Soft_I2c_Send@cmd                  cstackCOMMON 00073
Soft_I2c_Send@dat                  cstackCOMMON 00074
Soft_I2c_SendByte@dat              cstackCOMMON 00071
Soft_I2c_SendByte@i                cstackCOMMON 00072
Soft_I2c_WaitAck@re                cstackCOMMON 00070
_ADACCH                            (abs)        00097
_ADACCL                            (abs)        00096
_ADACCU                            (abs)        00098
_ADACQH                            (abs)        0010D
_ADACQL                            (abs)        0010C
_ADACT                             (abs)        00117
_ADCAP                             (abs)        0010E
_ADCC_GetSingleConversion          text35       012FC
_ADCC_Initialize                   text11       01355
_ADCLK                             (abs)        00118
_ADCNT                             (abs)        00099
_ADCON0                            (abs)        00111
_ADCON0bits                        (abs)        00111
_ADCON1                            (abs)        00112
_ADCON1bits                        (abs)        00112
_ADCON2                            (abs)        00113
_ADCON2bits                        (abs)        00113
_ADCON3                            (abs)        00114
_ADCON3bits                        (abs)        00114
_ADERRH                            (abs)        00091
_ADERRL                            (abs)        00090
_ADFLTRH                           (abs)        00095
_ADFLTRL                           (abs)        00094
_ADLTHH                            (abs)        0008D
_ADLTHL                            (abs)        0008C
_ADPCH                             (abs)        0009F
_ADPREH                            (abs)        00110
_ADPREL                            (abs)        0010F
_ADPREVH                           (abs)        0009C
_ADPREVL                           (abs)        0009B
_ADREF                             (abs)        00116
_ADRESH                            (abs)        0009E
_ADRESL                            (abs)        0009D
_ADRPT                             (abs)        0009A
_ADSTAT                            (abs)        00115
_ADSTATbits                        (abs)        00115
_ADSTPTH                           (abs)        00093
_ADSTPTL                           (abs)        00092
_ADUTHH                            (abs)        0008F
_ADUTHL                            (abs)        0008E
_ANSELA                            (abs)        01F38
_ANSELB                            (abs)        01F43
_ANSELC                            (abs)        01F4E
_CMD_Data                          dataBANK1    000A0
_F6x8                              stringtext2  00DF0
_F8x16                             stringtext1  00800
_INLVLA                            (abs)        01F3C
_INLVLB                            (abs)        01F47
_INLVLC                            (abs)        01F52
_LATA                              (abs)        00018
_LATB                              (abs)        00019
_LATBbits                          (abs)        00019
_LATC                              (abs)        0001A
_ODCONA                            (abs)        01F3A
_ODCONB                            (abs)        01F45
_ODCONC                            (abs)        01F50
_OLED_Clear                        text21       0142F
_OLED_Init                         text20       0133C
_OLED_Set_Pos                      text19       0136F
_OLED_ShowChar                     text17       01648
_OLED_ShowNum                      text13       000B3
_OLED_ShowString                   text12       014EC
_OLED_WR_CMD                       text23       012C3
_OLED_WR_DATA                      text22       012CD
_OSCCON1                           (abs)        0088D
_OSCCON3                           (abs)        0088F
_OSCEN                             (abs)        00891
_OSCFRQ                            (abs)        00893
_OSCILLATOR_Initialize             text10       012BA
_OSCTUNE                           (abs)        00892
_PIN_MANAGER_Initialize            text9        0140A
_PMD0                              (abs)        00796
_PMD1                              (abs)        00797
_PMD2                              (abs)        00798
_PMD3                              (abs)        00799
_PMD4                              (abs)        0079A
_PMD5                              (abs)        0079B
_PMD6                              (abs)        0079C
_PMD7                              (abs)        0079D
_PMD_Initialize                    text8        012D7
_PORTBbits                         (abs)        0000D
_ReadSDAState                      text27       012B0
_SCL_Reset                         text34       012A7
_SCL_Set                           text33       012AA
_SDA_Reset                         text32       012AD
_SDA_Set                           text31       00004
_SLRCONA                           (abs)        01F3B
_SLRCONB                           (abs)        01F46
_SLRCONC                           (abs)        01F51
_SYSTEM_Initialize                 text7        012E1
_Soft_I2c_Send                     text25       0145A
_Soft_I2c_SendByte                 text30       01489
_Soft_I2c_Start                    text29       0130E
_Soft_I2c_Stop                     text28       01323
_Soft_I2c_WaitAck                  text26       013C4
_TRISA                             (abs)        00012
_TRISB                             (abs)        00013
_TRISC                             (abs)        00014
_WPUA                              (abs)        01F39
_WPUB                              (abs)        01F44
_WPUC                              (abs)        01F4F
__Habs1                            abs1         00000
__Hbank0                           bank0        00000
__Hbank1                           bank1        00000
__Hbank10                          bank10       00000
__Hbank11                          bank11       00000
__Hbank12                          bank12       00000
__Hbank13                          bank13       00000
__Hbank14                          bank14       00000
__Hbank15                          bank15       00000
__Hbank16                          bank16       00000
__Hbank17                          bank17       00000
__Hbank18                          bank18       00000
__Hbank19                          bank19       00000
__Hbank2                           bank2        00000
__Hbank20                          bank20       00000
__Hbank21                          bank21       00000
__Hbank22                          bank22       00000
__Hbank23                          bank23       00000
__Hbank24                          bank24       00000
__Hbank25                          bank25       00000
__Hbank26                          bank26       00000
__Hbank27                          bank27       00000
__Hbank28                          bank28       00000
__Hbank29                          bank29       00000
__Hbank3                           bank3        00000
__Hbank30                          bank30       00000
__Hbank31                          bank31       00000
__Hbank32                          bank32       00000
__Hbank33                          bank33       00000
__Hbank34                          bank34       00000
__Hbank35                          bank35       00000
__Hbank36                          bank36       00000
__Hbank37                          bank37       00000
__Hbank38                          bank38       00000
__Hbank39                          bank39       00000
__Hbank4                           bank4        00000
__Hbank40                          bank40       00000
__Hbank41                          bank41       00000
__Hbank42                          bank42       00000
__Hbank43                          bank43       00000
__Hbank44                          bank44       00000
__Hbank45                          bank45       00000
__Hbank46                          bank46       00000
__Hbank47                          bank47       00000
__Hbank48                          bank48       00000
__Hbank49                          bank49       00000
__Hbank5                           bank5        00000
__Hbank50                          bank50       00000
__Hbank51                          bank51       00000
__Hbank52                          bank52       00000
__Hbank53                          bank53       00000
__Hbank54                          bank54       00000
__Hbank55                          bank55       00000
__Hbank56                          bank56       00000
__Hbank57                          bank57       00000
__Hbank58                          bank58       00000
__Hbank59                          bank59       00000
__Hbank6                           bank6        00000
__Hbank60                          bank60       00000
__Hbank61                          bank61       00000
__Hbank62                          bank62       00000
__Hbank63                          bank63       00000
__Hbank7                           bank7        00000
__Hbank8                           bank8        00000
__Hbank9                           bank9        00000
__Hbigram                          bigram       00000
__HbssBANK0                        bssBANK0     00000
__Hcinit                           cinit        00800
__Hclrtext                         clrtext      00000
__Hcode                            code         00000
__Hcommon                          common       00000
__Hconfig                          config       0800C
__HcstackBANK0                     cstackBANK0  00000
__HcstackBANK1                     cstackBANK1  00000
__HcstackCOMMON                    cstackCOMMON 00000
__HdataBANK1                       dataBANK1    00000
__Heeprom_data                     eeprom_data  00000
__Hend_init                        end_init     00004
__Hfunctab                         functab      00000
__HidataBANK1                      idataBANK1   00000
__Hinit                            init         00002
__Hinittext                        inittext     00000
__Hintentry                        intentry     00002
__Hmaintext                        maintext     00000
__Hpowerup                         powerup      00000
__Hram                             ram          00000
__Hreset_vec                       reset_vec    00002
__Hsfr0                            sfr0         00000
__Hsfr1                            sfr1         00000
__Hsfr10                           sfr10        00000
__Hsfr11                           sfr11        00000
__Hsfr12                           sfr12        00000
__Hsfr13                           sfr13        00000
__Hsfr14                           sfr14        00000
__Hsfr15                           sfr15        00000
__Hsfr16                           sfr16        00000
__Hsfr17                           sfr17        00000
__Hsfr18                           sfr18        00000
__Hsfr19                           sfr19        00000
__Hsfr2                            sfr2         00000
__Hsfr20                           sfr20        00000
__Hsfr21                           sfr21        00000
__Hsfr22                           sfr22        00000
__Hsfr23                           sfr23        00000
__Hsfr24                           sfr24        00000
__Hsfr25                           sfr25        00000
__Hsfr26                           sfr26        00000
__Hsfr27                           sfr27        00000
__Hsfr28                           sfr28        00000
__Hsfr29                           sfr29        00000
__Hsfr3                            sfr3         00000
__Hsfr30                           sfr30        00000
__Hsfr31                           sfr31        00000
__Hsfr32                           sfr32        00000
__Hsfr33                           sfr33        00000
__Hsfr34                           sfr34        00000
__Hsfr35                           sfr35        00000
__Hsfr36                           sfr36        00000
__Hsfr37                           sfr37        00000
__Hsfr38                           sfr38        00000
__Hsfr39                           sfr39        00000
__Hsfr4                            sfr4         00000
__Hsfr40                           sfr40        00000
__Hsfr41                           sfr41        00000
__Hsfr42                           sfr42        00000
__Hsfr43                           sfr43        00000
__Hsfr44                           sfr44        00000
__Hsfr45                           sfr45        00000
__Hsfr46                           sfr46        00000
__Hsfr47                           sfr47        00000
__Hsfr48                           sfr48        00000
__Hsfr49                           sfr49        00000
__Hsfr5                            sfr5         00000
__Hsfr50                           sfr50        00000
__Hsfr51                           sfr51        00000
__Hsfr52                           sfr52        00000
__Hsfr53                           sfr53        00000
__Hsfr54                           sfr54        00000
__Hsfr55                           sfr55        00000
__Hsfr56                           sfr56        00000
__Hsfr57                           sfr57        00000
__Hsfr58                           sfr58        00000
__Hsfr59                           sfr59        00000
__Hsfr6                            sfr6         00000
__Hsfr60                           sfr60        00000
__Hsfr61                           sfr61        00000
__Hsfr62                           sfr62        00000
__Hsfr63                           sfr63        00000
__Hsfr7                            sfr7         00000
__Hsfr8                            sfr8         00000
__Hsfr9                            sfr9         00000
__Hspace_0                         (abs)        01800
__Hspace_1                         (abs)        000C5
__Hspace_2                         (abs)        00000
__Hspace_3                         (abs)        00000
__Hspace_4                         (abs)        10013
__Hstack                           stack        00000
__Hstrings                         strings      00000
__Hstringtext1                     stringtext1  00000
__Hstringtext2                     stringtext2  00000
__Hstringtext3                     stringtext3  00000
__Htext                            text         00000
__Labs1                            abs1         00000
__Lbank0                           bank0        00000
__Lbank1                           bank1        00000
__Lbank10                          bank10       00000
__Lbank11                          bank11       00000
__Lbank12                          bank12       00000
__Lbank13                          bank13       00000
__Lbank14                          bank14       00000
__Lbank15                          bank15       00000
__Lbank16                          bank16       00000
__Lbank17                          bank17       00000
__Lbank18                          bank18       00000
__Lbank19                          bank19       00000
__Lbank2                           bank2        00000
__Lbank20                          bank20       00000
__Lbank21                          bank21       00000
__Lbank22                          bank22       00000
__Lbank23                          bank23       00000
__Lbank24                          bank24       00000
__Lbank25                          bank25       00000
__Lbank26                          bank26       00000
__Lbank27                          bank27       00000
__Lbank28                          bank28       00000
__Lbank29                          bank29       00000
__Lbank3                           bank3        00000
__Lbank30                          bank30       00000
__Lbank31                          bank31       00000
__Lbank32                          bank32       00000
__Lbank33                          bank33       00000
__Lbank34                          bank34       00000
__Lbank35                          bank35       00000
__Lbank36                          bank36       00000
__Lbank37                          bank37       00000
__Lbank38                          bank38       00000
__Lbank39                          bank39       00000
__Lbank4                           bank4        00000
__Lbank40                          bank40       00000
__Lbank41                          bank41       00000
__Lbank42                          bank42       00000
__Lbank43                          bank43       00000
__Lbank44                          bank44       00000
__Lbank45                          bank45       00000
__Lbank46                          bank46       00000
__Lbank47                          bank47       00000
__Lbank48                          bank48       00000
__Lbank49                          bank49       00000
__Lbank5                           bank5        00000
__Lbank50                          bank50       00000
__Lbank51                          bank51       00000
__Lbank52                          bank52       00000
__Lbank53                          bank53       00000
__Lbank54                          bank54       00000
__Lbank55                          bank55       00000
__Lbank56                          bank56       00000
__Lbank57                          bank57       00000
__Lbank58                          bank58       00000
__Lbank59                          bank59       00000
__Lbank6                           bank6        00000
__Lbank60                          bank60       00000
__Lbank61                          bank61       00000
__Lbank62                          bank62       00000
__Lbank63                          bank63       00000
__Lbank7                           bank7        00000
__Lbank8                           bank8        00000
__Lbank9                           bank9        00000
__Lbigram                          bigram       00000
__LbssBANK0                        bssBANK0     00000
__Lcinit                           cinit        007F0
__Lclrtext                         clrtext      00000
__Lcode                            code         00000
__Lcommon                          common       00000
__Lconfig                          config       00000
__LcstackBANK0                     cstackBANK0  00000
__LcstackBANK1                     cstackBANK1  00000
__LcstackCOMMON                    cstackCOMMON 00000
__LdataBANK1                       dataBANK1    00000
__Leeprom_data                     eeprom_data  00000
__Lend_init                        end_init     00002
__Lfunctab                         functab      00000
__LidataBANK1                      idataBANK1   00000
__Linit                            init         00002
__Linittext                        inittext     00000
__Lintentry                        intentry     00002
__Lmaintext                        maintext     00000
__Lpowerup                         powerup      00000
__Lram                             ram          00000
__Lreset_vec                       reset_vec    00000
__Lsfr0                            sfr0         00000
__Lsfr1                            sfr1         00000
__Lsfr10                           sfr10        00000
__Lsfr11                           sfr11        00000
__Lsfr12                           sfr12        00000
__Lsfr13                           sfr13        00000
__Lsfr14                           sfr14        00000
__Lsfr15                           sfr15        00000
__Lsfr16                           sfr16        00000
__Lsfr17                           sfr17        00000
__Lsfr18                           sfr18        00000
__Lsfr19                           sfr19        00000
__Lsfr2                            sfr2         00000
__Lsfr20                           sfr20        00000
__Lsfr21                           sfr21        00000
__Lsfr22                           sfr22        00000
__Lsfr23                           sfr23        00000
__Lsfr24                           sfr24        00000
__Lsfr25                           sfr25        00000
__Lsfr26                           sfr26        00000
__Lsfr27                           sfr27        00000
__Lsfr28                           sfr28        00000
__Lsfr29                           sfr29        00000
__Lsfr3                            sfr3         00000
__Lsfr30                           sfr30        00000
__Lsfr31                           sfr31        00000
__Lsfr32                           sfr32        00000
__Lsfr33                           sfr33        00000
__Lsfr34                           sfr34        00000
__Lsfr35                           sfr35        00000
__Lsfr36                           sfr36        00000
__Lsfr37                           sfr37        00000
__Lsfr38                           sfr38        00000
__Lsfr39                           sfr39        00000
__Lsfr4                            sfr4         00000
__Lsfr40                           sfr40        00000
__Lsfr41                           sfr41        00000
__Lsfr42                           sfr42        00000
__Lsfr43                           sfr43        00000
__Lsfr44                           sfr44        00000
__Lsfr45                           sfr45        00000
__Lsfr46                           sfr46        00000
__Lsfr47                           sfr47        00000
__Lsfr48                           sfr48        00000
__Lsfr49                           sfr49        00000
__Lsfr5                            sfr5         00000
__Lsfr50                           sfr50        00000
__Lsfr51                           sfr51        00000
__Lsfr52                           sfr52        00000
__Lsfr53                           sfr53        00000
__Lsfr54                           sfr54        00000
__Lsfr55                           sfr55        00000
__Lsfr56                           sfr56        00000
__Lsfr57                           sfr57        00000
__Lsfr58                           sfr58        00000
__Lsfr59                           sfr59        00000
__Lsfr6                            sfr6         00000
__Lsfr60                           sfr60        00000
__Lsfr61                           sfr61        00000
__Lsfr62                           sfr62        00000
__Lsfr63                           sfr63        00000
__Lsfr7                            sfr7         00000
__Lsfr8                            sfr8         00000
__Lsfr9                            sfr9         00000
__Lspace_0                         (abs)        00000
__Lspace_1                         (abs)        00000
__Lspace_2                         (abs)        00000
__Lspace_3                         (abs)        00000
__Lspace_4                         (abs)        00000
__Lstack                           stack        00000
__Lstrings                         strings      00000
__Lstringtext1                     stringtext1  00000
__Lstringtext2                     stringtext2  00000
__Lstringtext3                     stringtext3  00000
__Ltext                            text         00000
__S0                               (abs)        01800
__S1                               (abs)        000C5
__S2                               (abs)        00000
__S3                               (abs)        00000
__Umul8_16                         text4        013E7
__Umul8_16@multiplicand            cstackCOMMON 00070
__Umul8_16@multiplier              cstackCOMMON 00078
__Umul8_16@product                 cstackCOMMON 00074
__Umul8_16@word_mpld               cstackCOMMON 00076
___fladd                           text6        00361
___fladd@a                         cstackBANK0  00058
___fladd@aexp                      cstackBANK0  00065
___fladd@b                         cstackBANK0  00054
___fladd@bexp                      cstackBANK0  00066
___fladd@grs                       cstackBANK0  00067
___fladd@signs                     cstackBANK0  00064
___fldiv                           text5        001AD
___fldiv@a                         cstackBANK0  00020
___fldiv@aexp                      cstackBANK0  00039
___fldiv@b                         cstackBANK0  00024
___fldiv@bexp                      cstackBANK0  00038
___fldiv@grs                       cstackBANK0  00034
___fldiv@new_exp                   cstackBANK0  00032
___fldiv@rem                       cstackBANK0  0002D
___fldiv@sign                      cstackBANK0  00031
___flmul                           text3        00599
___flmul@a                         cstackBANK0  0003E
___flmul@aexp                      cstackBANK0  0004C
___flmul@b                         cstackBANK0  0003A
___flmul@bexp                      cstackBANK0  0004D
___flmul@grs                       cstackBANK0  00048
___flmul@prod                      cstackBANK0  0004E
___flmul@sign                      cstackBANK0  00047
___flmul@temp                      cstackBANK0  00052
___fltol                           text2        015D4
___fltol@exp1                      cstackCOMMON 0007A
___fltol@f1                        cstackCOMMON 00070
___fltol@sign1                     cstackCOMMON 00079
___int_sp                          stack        00000
___latbits                         (abs)        00003
___lldiv                           text16       0157A
___lldiv@counter                   cstackCOMMON 0007D
___lldiv@dividend                  cstackCOMMON 00074
___lldiv@divisor                   cstackCOMMON 00070
___lldiv@quotient                  cstackCOMMON 00079
___llmod                           text15       01530
___llmod@counter                   cstackCOMMON 00079
___llmod@dividend                  cstackCOMMON 00074
___llmod@divisor                   cstackCOMMON 00070
___lmul                            text14       014B9
___lmul@multiplicand               cstackCOMMON 00074
___lmul@multiplier                 cstackCOMMON 00070
___lmul@product                    cstackCOMMON 00078
___sp                              stack        00000
___stackhi                         (abs)        027EF
___stacklo                         (abs)        02075
___wmul                            text18       013A5
___wmul@multiplicand               cstackCOMMON 00072
___wmul@multiplier                 cstackCOMMON 00070
___wmul@product                    cstackCOMMON 00074
___xxtofl                          text1        00007
___xxtofl@arg                      cstackCOMMON 0007A
___xxtofl@exp                      cstackCOMMON 00079
___xxtofl@sign                     cstackCOMMON 00078
___xxtofl@val                      cstackCOMMON 00070
__end_of_ADCC_GetSingleConversion  text35       0130E
__end_of_ADCC_Initialize           text11       0136F
__end_of_F6x8                      stringtext2  01018
__end_of_F8x16                     stringtext1  00DF0
__end_of_OLED_Clear                text21       0145A
__end_of_OLED_Init                 text20       01355
__end_of_OLED_Set_Pos              text19       0138A
__end_of_OLED_ShowChar             text17       0170A
__end_of_OLED_ShowNum              text13       001AD
__end_of_OLED_ShowString           text12       01530
__end_of_OLED_WR_CMD               text23       012CD
__end_of_OLED_WR_DATA              text22       012D7
__end_of_OSCILLATOR_Initialize     text10       012C3
__end_of_PIN_MANAGER_Initialize    text9        0142F
__end_of_PMD_Initialize            text8        012E1
__end_of_ReadSDAState              text27       012B4
__end_of_SCL_Reset                 text34       012AA
__end_of_SCL_Set                   text33       012AD
__end_of_SDA_Reset                 text32       012B0
__end_of_SDA_Set                   text31       00007
__end_of_SYSTEM_Initialize         text7        012EE
__end_of_Soft_I2c_Send             text25       01489
__end_of_Soft_I2c_SendByte         text30       014B9
__end_of_Soft_I2c_Start            text29       01323
__end_of_Soft_I2c_Stop             text28       0133C
__end_of_Soft_I2c_WaitAck          text26       013E7
__end_of__Umul8_16                 text4        0140A
__end_of___fladd                   text6        00599
__end_of___fldiv                   text5        00361
__end_of___flmul                   text3        007F0
__end_of___fltol                   text2        01648
__end_of___lldiv                   text16       015D4
__end_of___llmod                   text15       0157A
__end_of___lmul                    text14       014EC
__end_of___wmul                    text18       013C4
__end_of___xxtofl                  text1        000B3
__end_of__initialization           cinit        007FD
__end_of_main                      maintext     01800
__end_of_oled_send                 text24       012FC
__initialization                   cinit        007F0
__pbssBANK0                        bssBANK0     0006A
__pcstackBANK0                     cstackBANK0  00020
__pcstackBANK1                     cstackBANK1  000BB
__pcstackCOMMON                    cstackCOMMON 00070
__pdataBANK1                       dataBANK1    000A0
__pidataBANK1                      idataBANK1   0138A
__pmaintext                        maintext     0170A
__pstringtext1                     stringtext1  00800
__pstringtext2                     stringtext2  00DF0
__pstringtext3                     stringtext3  00000
__ptext1                           text1        00007
__ptext10                          text10       012BA
__ptext11                          text11       01355
__ptext12                          text12       014EC
__ptext13                          text13       000B3
__ptext14                          text14       014B9
__ptext15                          text15       01530
__ptext16                          text16       0157A
__ptext17                          text17       01648
__ptext18                          text18       013A5
__ptext19                          text19       0136F
__ptext2                           text2        015D4
__ptext20                          text20       0133C
__ptext21                          text21       0142F
__ptext22                          text22       012CD
__ptext23                          text23       012C3
__ptext24                          text24       012EE
__ptext25                          text25       0145A
__ptext26                          text26       013C4
__ptext27                          text27       012B0
__ptext28                          text28       01323
__ptext29                          text29       0130E
__ptext3                           text3        00599
__ptext30                          text30       01489
__ptext31                          text31       00004
__ptext32                          text32       012AD
__ptext33                          text33       012AA
__ptext34                          text34       012A7
__ptext35                          text35       012FC
__ptext4                           text4        013E7
__ptext5                           text5        001AD
__ptext6                           text6        00361
__ptext7                           text7        012E1
__ptext8                           text8        012D7
__ptext9                           text9        0140A
__size_of_ADCC_GetSingleConversion (abs)        00000
__size_of_ADCC_Initialize          (abs)        00000
__size_of_OLED_Clear               (abs)        00000
__size_of_OLED_Init                (abs)        00000
__size_of_OLED_Set_Pos             (abs)        00000
__size_of_OLED_ShowChar            (abs)        00000
__size_of_OLED_ShowNum             (abs)        00000
__size_of_OLED_ShowString          (abs)        00000
__size_of_OLED_WR_CMD              (abs)        00000
__size_of_OLED_WR_DATA             (abs)        00000
__size_of_OSCILLATOR_Initialize    (abs)        00000
__size_of_PIN_MANAGER_Initialize   (abs)        00000
__size_of_PMD_Initialize           (abs)        00000
__size_of_ReadSDAState             (abs)        00000
__size_of_SCL_Reset                (abs)        00000
__size_of_SCL_Set                  (abs)        00000
__size_of_SDA_Reset                (abs)        00000
__size_of_SDA_Set                  (abs)        00000
__size_of_SYSTEM_Initialize        (abs)        00000
__size_of_Soft_I2c_Send            (abs)        00000
__size_of_Soft_I2c_SendByte        (abs)        00000
__size_of_Soft_I2c_Start           (abs)        00000
__size_of_Soft_I2c_Stop            (abs)        00000
__size_of_Soft_I2c_WaitAck         (abs)        00000
__size_of__Umul8_16                (abs)        00000
__size_of___fladd                  (abs)        00000
__size_of___fldiv                  (abs)        00000
__size_of___flmul                  (abs)        00000
__size_of___fltol                  (abs)        00000
__size_of___lldiv                  (abs)        00000
__size_of___llmod                  (abs)        00000
__size_of___lmul                   (abs)        00000
__size_of___wmul                   (abs)        00000
__size_of___xxtofl                 (abs)        00000
__size_of_main                     (abs)        00000
__size_of_oled_send                (abs)        00000
_main                              maintext     0170A
_main$1398                         cstackBANK1  000BF
_oled_send                         text24       012EE
btemp                              (abs)        0007E
end_of_initialization              cinit        007FD
init_ram                           inittext     012B4
intlevel0                          functab      00000
intlevel1                          functab      00000
intlevel2                          functab      00000
intlevel3                          functab      00000
intlevel4                          functab      00000
intlevel5                          functab      00000
main@adcValue                      cstackBANK1  000C3
main@voltage                       cstackBANK1  000BB
oled_send@data                     cstackCOMMON 00076
oled_send@dc                       cstackCOMMON 00079
reset_vec                          reset_vec    00000
start                              init         00002
start_initialization               cinit        007F0
wtemp0                             (abs)        0007E


MODULE INFORMATION

Module		Function		Class		Link	Load	Size
C:\Program Files\Microchip\xc8\v2.32\pic\sources\c99\common\sprcadd.c
		___fladd       		CODE           	0361	0000	568

C:\Program Files\Microchip\xc8\v2.32\pic\sources\c99\common\sprcadd.c estimated size: 568

mcc_generated_files/pin_manager.c
		_PIN_MANAGER_Initialize		CODE           	140A	0000	37

mcc_generated_files/pin_manager.c estimated size: 37

C:\Program Files\Microchip\xc8\v2.32\pic\sources\c99\common\llmod.c
		___llmod       		CODE           	1530	0000	74

C:\Program Files\Microchip\xc8\v2.32\pic\sources\c99\common\llmod.c estimated size: 74

C:\Program Files\Microchip\xc8\v2.32\pic\sources\c99\common\Umul16.c
		___wmul        		CODE           	13A5	0000	31

C:\Program Files\Microchip\xc8\v2.32\pic\sources\c99\common\Umul16.c estimated size: 31

shared
		__initialization		CODE           	07F0	0000	13
		_F8x16         		STRCODE        	0800	0000	1520
		_F6x8          		STRCODE        	0DF0	0000	552

shared estimated size: 2085

C:\Program Files\Microchip\xc8\v2.32\pic\sources\c99\common\sprcmul.c
		___flmul       		CODE           	0599	0000	599

C:\Program Files\Microchip\xc8\v2.32\pic\sources\c99\common\sprcmul.c estimated size: 599

mcc_generated_files/mcc.c
		_PMD_Initialize		CODE           	12D7	0000	10
		_OSCILLATOR_Initialize		CODE           	12BA	0000	9
		_SYSTEM_Initialize		CODE           	12E1	0000	13

mcc_generated_files/mcc.c estimated size: 32

C:\Program Files\Microchip\xc8\v2.32\pic\sources\c99\common\sprcdiv.c
		___fldiv       		CODE           	01AD	0000	436

C:\Program Files\Microchip\xc8\v2.32\pic\sources\c99\common\sprcdiv.c estimated size: 436

C:\Program Files\Microchip\xc8\v2.32\pic\sources\c99\common\Umul8_16.c
		__Umul8_16     		CODE           	13E7	0000	35

C:\Program Files\Microchip\xc8\v2.32\pic\sources\c99\common\Umul8_16.c estimated size: 35

C:\Program Files\Microchip\xc8\v2.32\pic\sources\c99\common\Umul32.c
		___lmul        		CODE           	14B9	0000	51

C:\Program Files\Microchip\xc8\v2.32\pic\sources\c99\common\Umul32.c estimated size: 51

oled.c
		_OLED_WR_CMD   		CODE           	12C3	0000	10
		_OLED_Clear    		CODE           	142F	0000	43
		_OLED_WR_DATA  		CODE           	12CD	0000	10
		_OLED_ShowString		CODE           	14EC	0000	68
		_OLED_Init     		CODE           	133C	0000	25
		_OLED_Set_Pos  		CODE           	136F	0000	27
		_OLED_ShowNum  		CODE           	00B3	0000	250
		_oled_send     		CODE           	12EE	0000	14
		_OLED_ShowChar 		CODE           	1648	0000	194

oled.c estimated size: 641

C:\Program Files\Microchip\xc8\v2.32\pic\sources\c99\common\fltol.c
		___fltol       		CODE           	15D4	0000	116

C:\Program Files\Microchip\xc8\v2.32\pic\sources\c99\common\fltol.c estimated size: 116

C:\Program Files\Microchip\xc8\v2.32\pic\sources\c99\common\xxtofl.c
		___xxtofl      		CODE           	0007	0000	172

C:\Program Files\Microchip\xc8\v2.32\pic\sources\c99\common\xxtofl.c estimated size: 172

mcc_generated_files/adcc.c
		_ADCC_GetSingleConversion		CODE           	12FC	0000	18
		_ADCC_Initialize		CODE           	1355	0000	26

mcc_generated_files/adcc.c estimated size: 44

C:\Program Files\Microchip\xc8\v2.32\pic\sources\c99\common\__lldiv.c
		___lldiv       		CODE           	157A	0000	90

C:\Program Files\Microchip\xc8\v2.32\pic\sources\c99\common\__lldiv.c estimated size: 90

main.c
		_main          		CODE           	170A	0000	246

main.c estimated size: 246

soft_i2c.c
		_SDA_Set       		CODE           	0004	0000	3
		_ReadSDAState  		CODE           	12B0	0000	4
		_SDA_Reset     		CODE           	12AD	0000	3
		_Soft_I2c_WaitAck		CODE           	13C4	0000	35
		_SCL_Set       		CODE           	12AA	0000	3
		_Soft_I2c_Send 		CODE           	145A	0000	47
		_Soft_I2c_Stop 		CODE           	1323	0000	25
		_SCL_Reset     		CODE           	12A7	0000	3
		_Soft_I2c_SendByte		CODE           	1489	0000	48
		_Soft_I2c_Start		CODE           	130E	0000	21

soft_i2c.c estimated size: 192

