Archive member included to satisfy reference by file (symbol)

c:/program files (x86)/gnu tools arm embedded/9 2019-q4-major/bin/../lib/gcc/arm-none-eabi/9.2.1/thumb/v8-m.base/nofp\libgcc.a(_clzsi2.o)
                              ./ra/fsp/src/r_adc/r_adc.o (__clzsi2)
c:/program files (x86)/gnu tools arm embedded/9 2019-q4-major/bin/../lib/gcc/arm-none-eabi/9.2.1/thumb/v8-m.base/nofp\libgcc.a(_muldi3.o)
                              ./ra/fsp/src/bsp/mcu/all/bsp_delay.o (__aeabi_lmul)
c:/program files (x86)/gnu tools arm embedded/9 2019-q4-major/bin/../lib/gcc/arm-none-eabi/9.2.1/thumb/v8-m.base/nofp\libgcc.a(_fixunsdfsi.o)
                              ./src/hal_entry.o (__aeabi_d2uiz)
c:/program files (x86)/gnu tools arm embedded/9 2019-q4-major/bin/../lib/gcc/arm-none-eabi/9.2.1/thumb/v8-m.base/nofp\libgcc.a(divdf3.o)
                              ./src/hal_entry.o (__aeabi_ddiv)
c:/program files (x86)/gnu tools arm embedded/9 2019-q4-major/bin/../lib/gcc/arm-none-eabi/9.2.1/thumb/v8-m.base/nofp\libgcc.a(subdf3.o)
                              ./src/hal_entry.o (__aeabi_dsub)
c:/program files (x86)/gnu tools arm embedded/9 2019-q4-major/bin/../lib/gcc/arm-none-eabi/9.2.1/thumb/v8-m.base/nofp\libgcc.a(fixdfsi.o)
                              c:/program files (x86)/gnu tools arm embedded/9 2019-q4-major/bin/../lib/gcc/arm-none-eabi/9.2.1/thumb/v8-m.base/nofp\libgcc.a(_fixunsdfsi.o) (__aeabi_d2iz)
c:/program files (x86)/gnu tools arm embedded/9 2019-q4-major/bin/../lib/gcc/arm-none-eabi/9.2.1/thumb/v8-m.base/nofp\libgcc.a(floatunsidf.o)
                              ./src/hal_entry.o (__aeabi_ui2d)
c:/program files (x86)/gnu tools arm embedded/9 2019-q4-major/bin/../lib/gcc/arm-none-eabi/9.2.1/thumb/v8-m.base/nofp\libgcc.a(_arm_cmpdf2.o)
                              c:/program files (x86)/gnu tools arm embedded/9 2019-q4-major/bin/../lib/gcc/arm-none-eabi/9.2.1/thumb/v8-m.base/nofp\libgcc.a(_fixunsdfsi.o) (__aeabi_dcmpge)
c:/program files (x86)/gnu tools arm embedded/9 2019-q4-major/bin/../lib/gcc/arm-none-eabi/9.2.1/thumb/v8-m.base/nofp\libgcc.a(eqdf2.o)
                              c:/program files (x86)/gnu tools arm embedded/9 2019-q4-major/bin/../lib/gcc/arm-none-eabi/9.2.1/thumb/v8-m.base/nofp\libgcc.a(_arm_cmpdf2.o) (__eqdf2)
c:/program files (x86)/gnu tools arm embedded/9 2019-q4-major/bin/../lib/gcc/arm-none-eabi/9.2.1/thumb/v8-m.base/nofp\libgcc.a(gedf2.o)
                              c:/program files (x86)/gnu tools arm embedded/9 2019-q4-major/bin/../lib/gcc/arm-none-eabi/9.2.1/thumb/v8-m.base/nofp\libgcc.a(_arm_cmpdf2.o) (__gedf2)
c:/program files (x86)/gnu tools arm embedded/9 2019-q4-major/bin/../lib/gcc/arm-none-eabi/9.2.1/thumb/v8-m.base/nofp\libgcc.a(ledf2.o)
                              c:/program files (x86)/gnu tools arm embedded/9 2019-q4-major/bin/../lib/gcc/arm-none-eabi/9.2.1/thumb/v8-m.base/nofp\libgcc.a(_arm_cmpdf2.o) (__ledf2)
c:/program files (x86)/gnu tools arm embedded/9 2019-q4-major/bin/../lib/gcc/arm-none-eabi/9.2.1/../../../../arm-none-eabi/lib/thumb/v8-m.base/nofp\libg_nano.a(lib_a-errno.o)
                              ./ra/fsp/src/bsp/mcu/all/bsp_sbrk.o (__errno)
c:/program files (x86)/gnu tools arm embedded/9 2019-q4-major/bin/../lib/gcc/arm-none-eabi/9.2.1/../../../../arm-none-eabi/lib/thumb/v8-m.base/nofp\libg_nano.a(lib_a-exit.o)
                              c:/program files (x86)/gnu tools arm embedded/9 2019-q4-major/bin/../lib/gcc/arm-none-eabi/9.2.1/../../../../arm-none-eabi/lib/thumb/v8-m.base/nofp/rdimon-crt0.o (exit)
c:/program files (x86)/gnu tools arm embedded/9 2019-q4-major/bin/../lib/gcc/arm-none-eabi/9.2.1/../../../../arm-none-eabi/lib/thumb/v8-m.base/nofp\libg_nano.a(lib_a-impure.o)
                              c:/program files (x86)/gnu tools arm embedded/9 2019-q4-major/bin/../lib/gcc/arm-none-eabi/9.2.1/../../../../arm-none-eabi/lib/thumb/v8-m.base/nofp\libg_nano.a(lib_a-exit.o) (_global_impure_ptr)
c:/program files (x86)/gnu tools arm embedded/9 2019-q4-major/bin/../lib/gcc/arm-none-eabi/9.2.1/../../../../arm-none-eabi/lib/thumb/v8-m.base/nofp\libg_nano.a(lib_a-init.o)
                              c:/program files (x86)/gnu tools arm embedded/9 2019-q4-major/bin/../lib/gcc/arm-none-eabi/9.2.1/../../../../arm-none-eabi/lib/thumb/v8-m.base/nofp/rdimon-crt0.o (__libc_init_array)
c:/program files (x86)/gnu tools arm embedded/9 2019-q4-major/bin/../lib/gcc/arm-none-eabi/9.2.1/../../../../arm-none-eabi/lib/thumb/v8-m.base/nofp\libg_nano.a(lib_a-memcpy-stub.o)
                              ./src/SEGGER_RTT/SEGGER_RTT.o (memcpy)
c:/program files (x86)/gnu tools arm embedded/9 2019-q4-major/bin/../lib/gcc/arm-none-eabi/9.2.1/../../../../arm-none-eabi/lib/thumb/v8-m.base/nofp\libg_nano.a(lib_a-memset.o)
                              c:/program files (x86)/gnu tools arm embedded/9 2019-q4-major/bin/../lib/gcc/arm-none-eabi/9.2.1/../../../../arm-none-eabi/lib/thumb/v8-m.base/nofp/rdimon-crt0.o (memset)
[...]
Memory Configuration

Name             Origin             Length             Attributes
FLASH            0x00000000         0x00040000         xr
RAM              0x20000000         0x00008000         xrw
DATA_FLASH       0x40100000         0x00002000         xr
QSPI_FLASH       0x60000000         0x00000000         xr
OSPI_DEVICE_0    0x68000000         0x00000000         xr
OSPI_DEVICE_1    0x70000000         0x00000000         xr
SDRAM            0x90000000         0x00000000         xrw
OPTION_SETTING   0x00000000         0x00000000         r
OPTION_SETTING_S 0x00000000         0x00000000         r
ID_CODE          0x01010018         0x00000020         xr
*default*        0x00000000         0xffffffff

Linker script and memory map

LOAD c:/program files (x86)/gnu tools arm embedded/9 2019-q4-major/bin/../lib/gcc/arm-none-eabi/9.2.1/thumb/v8-m.base/nofp/crti.o
LOAD c:/program files (x86)/gnu tools arm embedded/9 2019-q4-major/bin/../lib/gcc/arm-none-eabi/9.2.1/thumb/v8-m.base/nofp/crtbegin.o
LOAD c:/program files (x86)/gnu tools arm embedded/9 2019-q4-major/bin/../lib/gcc/arm-none-eabi/9.2.1/../../../../arm-none-eabi/lib/thumb/v8-m.base/nofp/rdimon-crt0.o
START GROUP
LOAD ./src/SEGGER_RTT/SEGGER_RTT.o
LOAD ./src/SEGGER_RTT/SEGGER_RTT_printf.o
LOAD ./src/hal_entry.o
LOAD ./src/sci_i2c_ep.o
LOAD ./ra_gen/common_data.o
LOAD ./ra_gen/hal_data.o
LOAD ./ra_gen/main.o
LOAD ./ra_gen/pin_data.o
LOAD ./ra_gen/vector_data.o
LOAD ./ra/fsp/src/r_ioport/r_ioport.o
LOAD ./ra/fsp/src/r_adc/r_adc.o
LOAD ./ra/fsp/src/bsp/mcu/all/bsp_clocks.o
LOAD ./ra/fsp/src/bsp/mcu/all/bsp_common.o
LOAD ./ra/fsp/src/bsp/mcu/all/bsp_delay.o
LOAD ./ra/fsp/src/bsp/mcu/all/bsp_group_irq.o
LOAD ./ra/fsp/src/bsp/mcu/all/bsp_guard.o
LOAD ./ra/fsp/src/bsp/mcu/all/bsp_io.o
LOAD ./ra/fsp/src/bsp/mcu/all/bsp_irq.o
LOAD ./ra/fsp/src/bsp/mcu/all/bsp_register_protection.o
LOAD ./ra/fsp/src/bsp/mcu/all/bsp_rom_registers.o
LOAD ./ra/fsp/src/bsp/mcu/all/bsp_sbrk.o
LOAD ./ra/fsp/src/bsp/mcu/all/bsp_security.o
LOAD ./ra/fsp/src/bsp/cmsis/Device/RENESAS/Source/startup.o
LOAD ./ra/fsp/src/bsp/cmsis/Device/RENESAS/Source/system.o
LOAD ./ra/board/ra2a1_ek/board_init.o
LOAD ./ra/board/ra2a1_ek/board_leds.o
END GROUP
START GROUP
LOAD c:/program files (x86)/gnu tools arm embedded/9 2019-q4-major/bin/../lib/gcc/arm-none-eabi/9.2.1/thumb/v8-m.base/nofp\libgcc.a
LOAD c:/program files (x86)/gnu tools arm embedded/9 2019-q4-major/bin/../lib/gcc/arm-none-eabi/9.2.1/../../../../arm-none-eabi/lib/thumb/v8-m.base/nofp\libg_nano.a
LOAD c:/program files (x86)/gnu tools arm embedded/9 2019-q4-major/bin/../lib/gcc/arm-none-eabi/9.2.1/../../../../arm-none-eabi/lib/thumb/v8-m.base/nofp\libc_nano.a
END GROUP
START GROUP
LOAD c:/program files (x86)/gnu tools arm embedded/9 2019-q4-major/bin/../lib/gcc/arm-none-eabi/9.2.1/thumb/v8-m.base/nofp\libgcc.a
LOAD c:/program files (x86)/gnu tools arm embedded/9 2019-q4-major/bin/../lib/gcc/arm-none-eabi/9.2.1/../../../../arm-none-eabi/lib/thumb/v8-m.base/nofp\libc_nano.a
LOAD c:/program files (x86)/gnu tools arm embedded/9 2019-q4-major/bin/../lib/gcc/arm-none-eabi/9.2.1/../../../../arm-none-eabi/lib/thumb/v8-m.base/nofp\librdimon_nano.a
END GROUP
START GROUP
LOAD c:/program files (x86)/gnu tools arm embedded/9 2019-q4-major/bin/../lib/gcc/arm-none-eabi/9.2.1/thumb/v8-m.base/nofp\libgcc.a
LOAD c:/program files (x86)/gnu tools arm embedded/9 2019-q4-major/bin/../lib/gcc/arm-none-eabi/9.2.1/../../../../arm-none-eabi/lib/thumb/v8-m.base/nofp\libc_nano.a
LOAD c:/program files (x86)/gnu tools arm embedded/9 2019-q4-major/bin/../lib/gcc/arm-none-eabi/9.2.1/../../../../arm-none-eabi/lib/thumb/v8-m.base/nofp\librdimon_nano.a
END GROUP
LOAD c:/program files (x86)/gnu tools arm embedded/9 2019-q4-major/bin/../lib/gcc/arm-none-eabi/9.2.1/thumb/v8-m.base/nofp/crtend.o
LOAD c:/program files (x86)/gnu tools arm embedded/9 2019-q4-major/bin/../lib/gcc/arm-none-eabi/9.2.1/thumb/v8-m.base/nofp/crtn.o
                0x20000000                RAM_START = 0x20000000
                0x00008000                RAM_LENGTH = 0x8000
                0x00000000                FLASH_START = 0x0
                0x00040000                FLASH_LENGTH = 0x40000
                0x40100000                DATA_FLASH_START = 0x40100000
                0x00002000                DATA_FLASH_LENGTH = 0x2000
                0x00000000                OPTION_SETTING_START = 0x0
                0x00000000                OPTION_SETTING_LENGTH = 0x0
                0x00000000                OPTION_SETTING_S_START = 0x0
                0x00000000                OPTION_SETTING_S_LENGTH = 0x0
                0x01010018                ID_CODE_START = 0x1010018
                0x00000020                ID_CODE_LENGTH = 0x20
                0x90000000                SDRAM_START = 0x90000000
                0x00000000                SDRAM_LENGTH = 0x0
                0x60000000                QSPI_FLASH_START = 0x60000000
                0x00000000                QSPI_FLASH_LENGTH = 0x0
                0x68000000                OSPI_DEVICE_0_START = 0x68000000
                0x00000000                OSPI_DEVICE_0_LENGTH = 0x0
                0x70000000                OSPI_DEVICE_1_START = 0x70000000
                0x00000000                OSPI_DEVICE_1_LENGTH = 0x0
                0x00000000                QSPI_FLASH_PRV_LENGTH = DEFINED (QSPI_FLASH_SIZE)?ABSOLUTE (QSPI_FLASH_SIZE):ABSOLUTE (QSPI_FLASH_LENGTH)
                0x00000000                OSPI_DEVICE_0_PRV_LENGTH = DEFINED (OSPI_DEVICE_0_SIZE)?ABSOLUTE (OSPI_DEVICE_0_SIZE):ABSOLUTE (OSPI_DEVICE_0_LENGTH)
                0x00000000                OSPI_DEVICE_1_PRV_LENGTH = DEFINED (OSPI_DEVICE_1_SIZE)?ABSOLUTE (OSPI_DEVICE_1_SIZE):ABSOLUTE (OSPI_DEVICE_1_LENGTH)
                0x00000000                __TZ_NS_PROJECT = ((LENGTH (OPTION_SETTING) && DEFINED (OPTION_SETTING_S_START)) && (ABSOLUTE (OPTION_SETTING_START_S) != ORIGIN (OPTION_SETTING)))
                0x00000000                __TZ_S_PROJECT = ((LENGTH (OPTION_SETTING) && DEFINED (OPTION_SETTING_S_START)) && (ABSOLUTE (OPTION_SETTING_START_S) == ORIGIN (OPTION_SETTING)))
                0x00000000                __RESERVE_NS_RAM = (__TZ_S_PROJECT && DEFINED (RAM_NS_BUFFER_LENGTH))
                0x00000000                RAM_NS_BUFFER_BLOCK_LENGTH = DEFINED (RAM_NS_BUFFER_LENGTH)?ALIGN (RAM_NS_BUFFER_LENGTH, 0x2000):0x0
                0x00000000                RAM_NS_BUFFER_LENGTH = DEFINED (RAM_NS_BUFFER_LENGTH)?RAM_NS_BUFFER_LENGTH:0x0
                0x20008000                RAM_NS_BUFFER_START = ((RAM_START + RAM_LENGTH) - RAM_NS_BUFFER_LENGTH)
                0x20008000                RAM_NS_BUFFER_BLOCK_START = ((RAM_START + RAM_LENGTH) - RAM_NS_BUFFER_BLOCK_LENGTH)
                0x0100a180                OPTION_SETTING_START_NS = 0x100a180
                0x0100a100                OPTION_SETTING_START_S = 0x100a100
START GROUP
LOAD c:/program files (x86)/gnu tools arm embedded/9 2019-q4-major/bin/../lib/gcc/arm-none-eabi/9.2.1/thumb/v8-m.base/nofp\libgcc.a
LOAD c:/program files (x86)/gnu tools arm embedded/9 2019-q4-major/bin/../lib/gcc/arm-none-eabi/9.2.1/../../../../arm-none-eabi/lib/thumb/v8-m.base/nofp\libc.a
LOAD c:/program files (x86)/gnu tools arm embedded/9 2019-q4-major/bin/../lib/gcc/arm-none-eabi/9.2.1/../../../../arm-none-eabi/lib/thumb/v8-m.base/nofp\libm.a
LOAD c:/program files (x86)/gnu tools arm embedded/9 2019-q4-major/bin/../lib/gcc/arm-none-eabi/9.2.1/../../../../arm-none-eabi/lib/thumb/v8-m.base/nofp\libnosys.a
END GROUP

.text           0x00000000     0x2d68
                0x00000000                __tz_FLASH_S = ABSOLUTE (FLASH_START)
                0x00000000                __ROM_Start = .
 *(.fixed_vectors*)
 .fixed_vectors
                0x00000000       0x40 ./ra/fsp/src/bsp/cmsis/Device/RENESAS/Source/startup.o
                0x00000000                __Vectors
 *(.application_vectors*)
                0x00000040                __Vectors_End = .
                0x00000400                . = (__ROM_Start + 0x400)
 *fill*         0x00000040      0x3c0 ff
 *(.rom_registers*)
 .rom_registers
                0x00000400       0x3c ./ra/fsp/src/bsp/mcu/all/bsp_rom_registers.o
                0x00000500                . = (__ROM_Start + 0x500)
 *fill*         0x0000043c       0xc4 ff
 *(.text*)
 .text          0x00000500       0x50 c:/program files (x86)/gnu tools arm embedded/9 2019-q4-major/bin/../lib/gcc/arm-none-eabi/9.2.1/thumb/v8-m.base/nofp/crtbegin.o
 .text._WriteNoCheck
                0x00000550       0x54 ./src/SEGGER_RTT/SEGGER_RTT.o
 .text._WriteBlocking
                0x000005a4       0x6c ./src/SEGGER_RTT/SEGGER_RTT.o
 .text._DoInit  0x00000610       0x7c ./src/SEGGER_RTT/SEGGER_RTT.o
 .text.SEGGER_RTT_WriteNoLock
                0x0000068c       0x88 ./src/SEGGER_RTT/SEGGER_RTT.o
                0x0000068c                SEGGER_RTT_WriteNoLock
 .text.SEGGER_RTT_Write
                0x00000714       0x34 ./src/SEGGER_RTT/SEGGER_RTT.o
                0x00000714                SEGGER_RTT_Write
 .text._StoreChar
                0x00000748       0x40 ./src/SEGGER_RTT/SEGGER_RTT_printf.o
 .text._PrintUnsigned
                0x00000788      0x104 ./src/SEGGER_RTT/SEGGER_RTT_printf.o
 .text.SEGGER_RTT_vprintf
                0x0000088c      0x320 ./src/SEGGER_RTT/SEGGER_RTT_printf.o
                0x0000088c                SEGGER_RTT_vprintf
 .text.SEGGER_RTT_printf
                0x00000bac       0x1c ./src/SEGGER_RTT/SEGGER_RTT_printf.o
                0x00000bac                SEGGER_RTT_printf
 .text.measure  0x00000bc8      0x118 ./src/hal_entry.o
                0x00000bc8                measure
 .text.hal_entry
                0x00000ce0       0x90 ./src/hal_entry.o
                0x00000ce0                hal_entry
 .text.R_BSP_WarmStart
                0x00000d70       0x20 ./src/hal_entry.o
                0x00000d70                R_BSP_WarmStart
 .text.startup.main
                0x00000d90        0xc ./ra_gen/main.o
                0x00000d90                main
 .text.R_IOPORT_PinWrite
                0x00000d9c       0x48 ./ra/fsp/src/r_ioport/r_ioport.o
                0x00000d9c                R_IOPORT_PinWrite
 .text.r_ioport_pins_config.isra.0
                0x00000de4       0xf8 ./ra/fsp/src/r_ioport/r_ioport.o
 .text.R_IOPORT_Open
                0x00000edc       0x30 ./ra/fsp/src/r_ioport/r_ioport.o
                0x00000edc                R_IOPORT_Open
 .text.R_ADC_ScanStart
                0x00000f0c       0x38 ./ra/fsp/src/r_adc/r_adc.o
                0x00000f0c                R_ADC_ScanStart
 .text.R_ADC_StatusGet
                0x00000f44       0x28 ./ra/fsp/src/r_adc/r_adc.o
                0x00000f44                R_ADC_StatusGet
 .text.R_ADC_Read.part.0
                0x00000f6c       0x44 ./ra/fsp/src/r_adc/r_adc.o
 .text.R_ADC_Read
                0x00000fb0       0x24 ./ra/fsp/src/r_adc/r_adc.o
                0x00000fb0                R_ADC_Read
 .text.R_ADC_ScanCfg
                0x00000fd4      0x204 ./ra/fsp/src/r_adc/r_adc.o
                0x00000fd4                R_ADC_ScanCfg
 .text.R_ADC_Open
                0x000011d8      0x2b8 ./ra/fsp/src/r_adc/r_adc.o
                0x000011d8                R_ADC_Open
 .text.bsp_prv_operating_mode_opccr_set
                0x00001490       0x44 ./ra/fsp/src/bsp/mcu/all/bsp_clocks.o
 .text.SystemCoreClockUpdate
                0x000014d4       0x2c ./ra/fsp/src/bsp/mcu/all/bsp_clocks.o
                0x000014d4                SystemCoreClockUpdate
 .text.bsp_clock_init
                0x00001500       0xfc ./ra/fsp/src/bsp/mcu/all/bsp_clocks.o
                0x00001500                bsp_clock_init
 .text.bsp_prv_software_delay_loop
                0x000015fc        0x8 ./ra/fsp/src/bsp/mcu/all/bsp_delay.o
                0x000015fc                bsp_prv_software_delay_loop
 .text.R_BSP_SoftwareDelay
                0x00001604       0x5c ./ra/fsp/src/bsp/mcu/all/bsp_delay.o
                0x00001604                R_BSP_SoftwareDelay
 .text.NMI_Handler
                0x00001660       0x48 ./ra/fsp/src/bsp/mcu/all/bsp_group_irq.o
                0x00001660                NMI_Handler
 .text.bsp_irq_cfg
                0x000016a8       0x28 ./ra/fsp/src/bsp/mcu/all/bsp_irq.o
                0x000016a8                bsp_irq_cfg
 .text.R_BSP_RegisterProtectEnable
                0x000016d0       0x54 ./ra/fsp/src/bsp/mcu/all/bsp_register_protection.o
                0x000016d0                R_BSP_RegisterProtectEnable
 .text.R_BSP_RegisterProtectDisable
                0x00001724       0x4c ./ra/fsp/src/bsp/mcu/all/bsp_register_protection.o
                0x00001724                R_BSP_RegisterProtectDisable
 .text.Default_Handler
                0x00001770        0x4 ./ra/fsp/src/bsp/cmsis/Device/RENESAS/Source/startup.o
                0x00001770                DebugMon_Handler
                0x00001770                HardFault_Handler
                0x00001770                SysTick_Handler
                0x00001770                PendSV_Handler
                0x00001770                UsageFault_Handler
                0x00001770                SecureFault_Handler
                0x00001770                Default_Handler
                0x00001770                MemManage_Handler
                0x00001770                SVC_Handler
                0x00001770                BusFault_Handler
 .text.Reset_Handler
                0x00001774        0xc ./ra/fsp/src/bsp/cmsis/Device/RENESAS/Source/startup.o
                0x00001774                Reset_Handler
 .text.SystemInit
                0x00001780      0x15c ./ra/fsp/src/bsp/cmsis/Device/RENESAS/Source/system.o
                0x00001780                SystemInit
 .text.bsp_init
                0x000018dc        0x4 ./ra/board/ra2a1_ek/board_init.o
                0x000018dc                bsp_init
 .text          0x000018e0       0x3c c:/program files (x86)/gnu tools arm embedded/9 2019-q4-major/bin/../lib/gcc/arm-none-eabi/9.2.1/thumb/v8-m.base/nofp\libgcc.a(_clzsi2.o)
                0x000018e0                __clzsi2
 .text          0x0000191c       0x5c c:/program files (x86)/gnu tools arm embedded/9 2019-q4-major/bin/../lib/gcc/arm-none-eabi/9.2.1/thumb/v8-m.base/nofp\libgcc.a(_muldi3.o)
                0x0000191c                __muldi3
                0x0000191c                __aeabi_lmul
 .text          0x00001978       0x3c c:/program files (x86)/gnu tools arm embedded/9 2019-q4-major/bin/../lib/gcc/arm-none-eabi/9.2.1/thumb/v8-m.base/nofp\libgcc.a(_fixunsdfsi.o)
                0x00001978                __aeabi_d2uiz
                0x00001978                __fixunsdfsi
 .text          0x000019b4      0x648 c:/program files (x86)/gnu tools arm embedded/9 2019-q4-major/bin/../lib/gcc/arm-none-eabi/9.2.1/thumb/v8-m.base/nofp\libgcc.a(divdf3.o)
                0x000019b4                __aeabi_ddiv
 .text          0x00001ffc      0x740 c:/program files (x86)/gnu tools arm embedded/9 2019-q4-major/bin/../lib/gcc/arm-none-eabi/9.2.1/thumb/v8-m.base/nofp\libgcc.a(subdf3.o)
                0x00001ffc                __aeabi_dsub
 .text          0x0000273c       0x64 c:/program files (x86)/gnu tools arm embedded/9 2019-q4-major/bin/../lib/gcc/arm-none-eabi/9.2.1/thumb/v8-m.base/nofp\libgcc.a(fixdfsi.o)
                0x0000273c                __aeabi_d2iz
 .text          0x000027a0       0x50 c:/program files (x86)/gnu tools arm embedded/9 2019-q4-major/bin/../lib/gcc/arm-none-eabi/9.2.1/thumb/v8-m.base/nofp\libgcc.a(floatunsidf.o)
                0x000027a0                __aeabi_ui2d
 .text          0x000027f0       0x7c c:/program files (x86)/gnu tools arm embedded/9 2019-q4-major/bin/../lib/gcc/arm-none-eabi/9.2.1/thumb/v8-m.base/nofp\libgcc.a(_arm_cmpdf2.o)
                0x000027f0                __aeabi_cdrcmple
                0x00002800                __aeabi_cdcmple
                0x00002800                __aeabi_cdcmpeq
                0x00002810                __aeabi_dcmpeq
                0x0000281c                __aeabi_dcmplt
                0x00002830                __aeabi_dcmple
                0x00002844                __aeabi_dcmpgt
                0x00002858                __aeabi_dcmpge
 .text          0x0000286c       0x7c c:/program files (x86)/gnu tools arm embedded/9 2019-q4-major/bin/../lib/gcc/arm-none-eabi/9.2.1/thumb/v8-m.base/nofp\libgcc.a(eqdf2.o)
                0x0000286c                __nedf2
                0x0000286c                __eqdf2
 .text          0x000028e8       0xe0 c:/program files (x86)/gnu tools arm embedded/9 2019-q4-major/bin/../lib/gcc/arm-none-eabi/9.2.1/thumb/v8-m.base/nofp\libgcc.a(gedf2.o)
                0x000028e8                __gedf2
                0x000028e8                __gtdf2
 .text          0x000029c8       0xd8 c:/program files (x86)/gnu tools arm embedded/9 2019-q4-major/bin/../lib/gcc/arm-none-eabi/9.2.1/thumb/v8-m.base/nofp\libgcc.a(ledf2.o)
                0x000029c8                __ledf2
                0x000029c8                __ltdf2
 .text.memcpy   0x00002aa0       0x12 c:/program files (x86)/gnu tools arm embedded/9 2019-q4-major/bin/../lib/gcc/arm-none-eabi/9.2.1/../../../../arm-none-eabi/lib/thumb/v8-m.base/nofp\libg_nano.a(lib_a-memcpy-stub.o)
                0x00002aa0                memcpy
 .text.memset   0x00002ab2       0x10 c:/program files (x86)/gnu tools arm embedded/9 2019-q4-major/bin/../lib/gcc/arm-none-eabi/9.2.1/../../../../arm-none-eabi/lib/thumb/v8-m.base/nofp\libg_nano.a(lib_a-memset.o)
                0x00002ab2                memset
 *(.version)
 *fill*         0x00002ac2        0x2 ff
 .version       0x00002ac4       0x50 ./ra/fsp/src/bsp/mcu/all/bsp_common.o
 *(.init)
 .init          0x00002b14        0x4 c:/program files (x86)/gnu tools arm embedded/9 2019-q4-major/bin/../lib/gcc/arm-none-eabi/9.2.1/thumb/v8-m.base/nofp/crti.o
                0x00002b14                _init
 .init          0x00002b18        0x8 c:/program files (x86)/gnu tools arm embedded/9 2019-q4-major/bin/../lib/gcc/arm-none-eabi/9.2.1/thumb/v8-m.base/nofp/crtn.o
 *(.fini)
 .fini          0x00002b20        0x4 c:/program files (x86)/gnu tools arm embedded/9 2019-q4-major/bin/../lib/gcc/arm-none-eabi/9.2.1/thumb/v8-m.base/nofp/crti.o
                0x00002b20                _fini
 .fini          0x00002b24        0x8 c:/program files (x86)/gnu tools arm embedded/9 2019-q4-major/bin/../lib/gcc/arm-none-eabi/9.2.1/thumb/v8-m.base/nofp/crtn.o
 *crtbegin.o(.ctors)
 *crtbegin?.o(.ctors)
 *(EXCLUDE_FILE(*crtend.o *crtend?.o) .ctors)
 *(SORT_BY_NAME(.ctors.*))
 *(.ctors)
 *crtbegin.o(.dtors)
 *crtbegin?.o(.dtors)
 *(EXCLUDE_FILE(*crtend.o *crtend?.o) .dtors)
 *(SORT_BY_NAME(.dtors.*))
 *(.dtors)
 *(.rodata*)
 .rodata._DoInit.str1.4
                0x00002b2c       0x17 ./src/SEGGER_RTT/SEGGER_RTT.o
 *fill*         0x00002b43        0x1 ff
 .rodata.SEGGER_RTT_vprintf
                0x00002b44       0x84 ./src/SEGGER_RTT/SEGGER_RTT_printf.o
 .rodata._aV2C.4628
                0x00002bc8       0x10 ./src/SEGGER_RTT/SEGGER_RTT_printf.o
 .rodata.measure.str1.4
                0x00002bd8        0x9 ./src/hal_entry.o
 *fill*         0x00002be1        0x3 ff
 .rodata.hal_entry.str1.4
                0x00002be4       0x12 ./src/hal_entry.o
 *fill*         0x00002bf6        0x2 ff
 .rodata.g_adc0_cfg
                0x00002bf8       0x18 ./ra_gen/hal_data.o
                0x00002bf8                g_adc0_cfg
 .rodata.g_adc0_cfg_extend
                0x00002c10        0x5 ./ra_gen/hal_data.o
                0x00002c10                g_adc0_cfg_extend
 *fill*         0x00002c15        0x3 ff
 .rodata.g_adc0_channel_cfg
                0x00002c18       0x10 ./ra_gen/hal_data.o
                0x00002c18                g_adc0_channel_cfg
 .rodata.g_bsp_pin_cfg
                0x00002c28        0x8 ./ra_gen/pin_data.o
                0x00002c28                g_bsp_pin_cfg
 .rodata.g_bsp_pin_cfg_data
                0x00002c30       0xc0 ./ra_gen/pin_data.o
                0x00002c30                g_bsp_pin_cfg_data
 .rodata.adc_elc_trigger_lut
                0x00002cf0        0xc ./ra/fsp/src/r_adc/r_adc.o
 .rodata.g_interrupt_event_link_select
                0x00002cfc       0x20 ./ra/fsp/src/bsp/mcu/all/bsp_irq.o
                0x00002cfc                g_interrupt_event_link_select
 .rodata.g_prcr_masks
                0x00002d1c        0x8 ./ra/fsp/src/bsp/mcu/all/bsp_register_protection.o
 .rodata        0x00002d24       0x40 c:/program files (x86)/gnu tools arm embedded/9 2019-q4-major/bin/../lib/gcc/arm-none-eabi/9.2.1/thumb/v8-m.base/nofp\libgcc.a(divdf3.o)
                0x00002d64                __usb_dev_descriptor_start_fs = .
 *(.usb_device_desc_fs*)
                0x00002d64                __usb_cfg_descriptor_start_fs = .
 *(.usb_config_desc_fs*)
                0x00002d64                __usb_interface_descriptor_start_fs = .
 *(.usb_interface_desc_fs*)
                0x00002d64                __usb_descriptor_end_fs = .
                0x00002d64                __usb_dev_descriptor_start_hs = .
 *(.usb_device_desc_hs*)
                0x00002d64                __usb_cfg_descriptor_start_hs = .
 *(.usb_config_desc_hs*)
                0x00002d64                __usb_interface_descriptor_start_hs = .
 *(.usb_interface_desc_hs*)
                0x00002d64                __usb_descriptor_end_hs = .
 *(.eh_frame*)
 .eh_frame      0x00002d64        0x0 c:/program files (x86)/gnu tools arm embedded/9 2019-q4-major/bin/../lib/gcc/arm-none-eabi/9.2.1/thumb/v8-m.base/nofp/crtbegin.o
 .eh_frame      0x00002d64        0x4 c:/program files (x86)/gnu tools arm embedded/9 2019-q4-major/bin/../lib/gcc/arm-none-eabi/9.2.1/thumb/v8-m.base/nofp/crtend.o
                0x00002d68                __ROM_End = .
                0x00000040                __Vectors_Size = (__Vectors_End - __Vectors)

.glue_7         0x00002d68        0x0
 .glue_7        0x00002d68        0x0 linker stubs

.glue_7t        0x00002d68        0x0
 .glue_7t       0x00002d68        0x0 linker stubs

.vfp11_veneer   0x00002d68        0x0
 .vfp11_veneer  0x00002d68        0x0 linker stubs

.v4_bx          0x00002d68        0x0
 .v4_bx         0x00002d68        0x0 linker stubs

.iplt           0x00002d68        0x0
 .iplt          0x00002d68        0x0 c:/program files (x86)/gnu tools arm embedded/9 2019-q4-major/bin/../lib/gcc/arm-none-eabi/9.2.1/thumb/v8-m.base/nofp/crtbegin.o

.ARM.extab
 *(.ARM.extab* .gnu.linkonce.armextab.*)
                0x00002d68                __exidx_start = .

.ARM.exidx
 *(.ARM.exidx* .gnu.linkonce.armexidx.*)
                0x00002d68                __exidx_end = .
                0x00002d68                __etext = .
                0x20000000                __tz_RAM_S = ORIGIN (RAM)

.fsp_dtc_vector_table
                0x20000000        0x0
                0x20000000                . = ORIGIN (RAM)
 *(.fsp_dtc_vector_table)

.data           0x20000000       0x10 load address 0x00002d68
                0x20000000                __data_start__ = .
                0x20000000                . = ALIGN (0x4)
                0x20000000                __Code_In_RAM_Start = .
 *(.code_in_ram*)
                0x20000000                __Code_In_RAM_End = .
 *(vtable)
 *(.data.*)
 .data.R_ADC    0x20000000        0x4 ./src/hal_entry.o
                0x20000000                R_ADC
 .data.R_REF    0x20000004        0x4 ./src/hal_entry.o
                0x20000004                R_REF
 *(.data)
                0x20000008                . = ALIGN (0x4)
                0x20000008                PROVIDE (__preinit_array_start = .)
 *(.preinit_array)
                0x20000008                PROVIDE (__preinit_array_end = .)
                0x20000008                . = ALIGN (0x4)
                0x20000008                PROVIDE (__init_array_start = .)
 *(SORT_BY_NAME(.init_array.*))
 *(.init_array)
 .init_array    0x20000008        0x4 c:/program files (x86)/gnu tools arm embedded/9 2019-q4-major/bin/../lib/gcc/arm-none-eabi/9.2.1/thumb/v8-m.base/nofp/crtbegin.o
                0x2000000c                PROVIDE (__init_array_end = .)
                0x2000000c                . = ALIGN (0x4)
                [!provide]                PROVIDE (__fini_array_start = .)
 *(SORT_BY_NAME(.fini_array.*))
 *(.fini_array)
 .fini_array    0x2000000c        0x4 c:/program files (x86)/gnu tools arm embedded/9 2019-q4-major/bin/../lib/gcc/arm-none-eabi/9.2.1/thumb/v8-m.base/nofp/crtbegin.o
                [!provide]                PROVIDE (__fini_array_end = .)
 *(.jcr*)
                0x20000010                . = ALIGN (0x4)
                0x20000010                __data_end__ = .

.igot.plt       0x20000010        0x0 load address 0x00002d78
 .igot.plt      0x20000010        0x0 c:/program files (x86)/gnu tools arm embedded/9 2019-q4-major/bin/../lib/gcc/arm-none-eabi/9.2.1/thumb/v8-m.base/nofp/crtbegin.o

.gnu.sgstubs    0x00003000        0x0
                0x00003000                . = DEFINED (FLASH_NSC_START)?ABSOLUTE (FLASH_NSC_START):ALIGN (0x400)
                0x00003000                __tz_FLASH_C = DEFINED (FLASH_NSC_START)?ABSOLUTE (FLASH_NSC_START):__RESERVE_NS_RAM?ABSOLUTE ((FLASH_START + FLASH_LENGTH)):ALIGN (0x400)
                0x00003000                _start_sg = .
 *(.gnu.sgstubs*)
                0x00003000                . = ALIGN (0x20)
                0x00003000                _end_sg = .
                0x00008000                __tz_FLASH_N = DEFINED (FLASH_NS_START)?ABSOLUTE (FLASH_NS_START):__RESERVE_NS_RAM?ABSOLUTE ((FLASH_START + FLASH_LENGTH)):ALIGN (0x8000)
                0x60000000                __tz_QSPI_FLASH_S = ORIGIN (QSPI_FLASH)

.qspi_flash     0x60000000        0x0
                0x60000000                __qspi_flash_start__ = .
 *(.qspi_flash*)
 *(.code_in_qspi*)
                0x60000000                __qspi_flash_end__ = .
                0x00000000                __qspi_flash_code_size__ = (__qspi_flash_end__ - __qspi_flash_start__)
                0x00002d78                __qspi_flash_code_addr__ = (__etext + (__data_end__ - __data_start__))

.qspi_non_retentive
                0x60000000        0x0 load address 0x00002d78
                0x60000000                __qspi_non_retentive_start__ = .
 *(.qspi_non_retentive*)
                0x60000000                __qspi_non_retentive_end__ = .
                0x00000000                __qspi_non_retentive_size__ = (__qspi_non_retentive_end__ - __qspi_non_retentive_start__)
                0x04000000                __qspi_region_max_size__ = 0x4000000
                0x60000000                __qspi_region_start_address__ = __qspi_flash_start__
                0x64000000                __qspi_region_end_address__ = (__qspi_flash_start__ + __qspi_region_max_size__)
                0x60000000                __tz_QSPI_FLASH_N = __qspi_non_retentive_end__
                0x68000000                __tz_OSPI_DEVICE_0_S = ORIGIN (OSPI_DEVICE_0)

.OSPI_DEVICE_0  0x68000000        0x0
                0x68000000                __ospi_device_0_start__ = .
 *(.ospi_device_0*)
 *(.code_in_ospi_device_0*)
                0x68000000                __ospi_device_0_end__ = .
                0x00000000                __ospi_device_0_code_size__ = (__ospi_device_0_end__ - __ospi_device_0_start__)
                0x00002d78                __ospi_device_0_code_addr__ = (__etext + (__data_end__ - __data_start__))

.ospi_device_0_non_retentive
                0x68000000        0x0 load address 0x00002d78
                0x68000000                __ospi_device_0_non_retentive_start__ = .
 *(.ospi_device_0_non_retentive*)
                0x68000000                __ospi_device_0_non_retentive_end__ = .
                0x00000000                __ospi_device_0_non_retentive_size__ = (__ospi_device_0_non_retentive_end__ - __ospi_device_0_non_retentive_start__)
                0x08000000                __ospi_device_0_region_max_size__ = 0x8000000
                0x68000000                __ospi_device_0_region_start_address__ = __ospi_device_0_start__
                0x70000000                __ospi_device_0_region_end_address__ = (__ospi_device_0_start__ + __ospi_device_0_region_max_size__)
                0x68000000                __tz_OSPI_DEVICE_0_N = __ospi_device_0_non_retentive_end__
                0x70000000                __tz_OSPI_DEVICE_1_S = ORIGIN (OSPI_DEVICE_1)

.OSPI_DEVICE_1  0x70000000        0x0
                0x70000000                __ospi_device_1_start__ = .
 *(.ospi_device_1*)
 *(.code_in_ospi_device_1*)
                0x70000000                __ospi_device_1_end__ = .
                0x00000000                __ospi_device_1_code_size__ = (__ospi_device_1_end__ - __ospi_device_1_start__)
                0x00002d78                __ospi_device_1_code_addr__ = (__etext + (__data_end__ - __data_start__))

.ospi_device_1_non_retentive
                0x70000000        0x0 load address 0x00002d78
                0x70000000                __ospi_device_1_non_retentive_start__ = .
 *(.ospi_device_1_non_retentive*)
                0x70000000                __ospi_device_1_non_retentive_end__ = .
                0x00000000                __ospi_device_1_non_retentive_size__ = (__ospi_device_1_non_retentive_end__ - __ospi_device_1_non_retentive_start__)
                0x10000000                __ospi_device_1_region_max_size__ = 0x10000000
                0x70000000                __ospi_device_1_region_start_address__ = __ospi_device_1_start__
                0x80000000                __ospi_device_1_region_end_address__ = (__ospi_device_1_start__ + __ospi_device_1_region_max_size__)
                0x70000000                __tz_OSPI_DEVICE_1_N = __ospi_device_1_non_retentive_end__

.noinit         0x20000010       0x18
                0x20000010                . = ALIGN (0x4)
                0x20000010                __noinit_start = .
 *(.noinit*)
 .noinit        0x20000010       0x14 ./ra/fsp/src/bsp/mcu/all/bsp_clocks.o
                0x20000028                . = ALIGN (0x8)
 *fill*         0x20000024        0x4 
 *(.heap.*)
                0x20000028                __noinit_end = .

.bss            0x20000028      0x5cc
                0x20000028                . = ALIGN (0x4)
                0x20000028                __bss_start__ = .
 *(.bss*)
 .bss           0x20000028       0x1c c:/program files (x86)/gnu tools arm embedded/9 2019-q4-major/bin/../lib/gcc/arm-none-eabi/9.2.1/thumb/v8-m.base/nofp/crtbegin.o
 .bss._acDownBuffer
                0x20000044       0x10 ./src/SEGGER_RTT/SEGGER_RTT.o
 .bss._acUpBuffer
                0x20000054      0x400 ./src/SEGGER_RTT/SEGGER_RTT.o
 .bss.g_bsp_group_irq_sources
                0x20000454       0x40 ./ra/fsp/src/bsp/mcu/all/bsp_group_irq.o
 .bss.g_protect_counters
                0x20000494        0x8 ./ra/fsp/src/bsp/mcu/all/bsp_register_protection.o
 .bss.SystemCoreClock
                0x2000049c        0x4 ./ra/fsp/src/bsp/cmsis/Device/RENESAS/Source/system.o
                0x2000049c                SystemCoreClock
 *(COMMON)
 COMMON         0x200004a0       0xa8 ./src/SEGGER_RTT/SEGGER_RTT.o
                0x200004a0                _SEGGER_RTT
 COMMON         0x20000548        0x8 ./ra_gen/common_data.o
                0x20000548                g_ioport_ctrl
 COMMON         0x20000550       0x20 ./ra_gen/hal_data.o
                0x20000550                g_adc0_ctrl
 COMMON         0x20000570        0x4 ./ra/fsp/src/bsp/mcu/all/bsp_io.o
                0x20000570                g_protect_pfswe_counter
 COMMON         0x20000574       0x80 ./ra/fsp/src/bsp/mcu/all/bsp_irq.o
                0x20000574                gp_renesas_isr_context
                0x200005f4                . = ALIGN (0x4)
                0x200005f4                __bss_end__ = .

.heap           0x200005f8      0x400
                0x200005f8                . = ALIGN (0x8)
                0x200005f8                __HeapBase = .
 *(.heap)
 .heap          0x200005f8      0x400 ./ra/fsp/src/bsp/cmsis/Device/RENESAS/Source/startup.o
                0x200009f8                __HeapLimit = .

.stack_dummy    0x200009f8      0x400
                0x200009f8                . = ALIGN (0x8)
                0x200009f8                __StackLimit = .
 *(.stack)
 .stack         0x200009f8      0x400 ./ra/fsp/src/bsp/cmsis/Device/RENESAS/Source/startup.o
                0x20000df8                __StackTop = .
 *(.stack*)
                0x20000df8                __StackTopAll = .
                [!provide]                PROVIDE (__stack = __StackTopAll)
                0x20000df8                __RAM_segment_used_end__ = ALIGN (__StackTopAll, 0x4)
                0x20001000                __tz_RAM_C = DEFINED (RAM_NSC_START)?ABSOLUTE (RAM_NSC_START):__RESERVE_NS_RAM?ABSOLUTE (RAM_NS_BUFFER_BLOCK_START):ALIGN (__RAM_segment_used_end__, 0x400)
                0x20002000                __tz_RAM_N = DEFINED (RAM_NS_START)?ABSOLUTE (RAM_NS_START):__RESERVE_NS_RAM?ABSOLUTE (RAM_NS_BUFFER_BLOCK_START):ALIGN (__tz_RAM_C, 0x2000)

.ns_buffer      0x20000df8        0x0
                0x20000df8                . = __RESERVE_NS_RAM?ABSOLUTE ((RAM_NS_BUFFER_START & 0xffffffe0)):.
 *(.ns_buffer*)

.data_flash     0x40100000        0x0
                0x40100000                . = ORIGIN (DATA_FLASH)
                0x40100000                __tz_DATA_FLASH_S = .
                0x40100000                __Data_Flash_Start = .
 *(.data_flash*)
                0x40100000                __Data_Flash_End = .
                0x40100000                __tz_DATA_FLASH_N = DEFINED (DATA_FLASH_NS_START)?ABSOLUTE (DATA_FLASH_NS_START):__RESERVE_NS_RAM?ABSOLUTE ((DATA_FLASH_START + DATA_FLASH_LENGTH)):ALIGN (0x400)
                0x90000000                __tz_SDRAM_S = ORIGIN (SDRAM)

.sdram          0x90000000        0x0
                0x90000000                __SDRAM_Start = .
 *(.sdram*)
 *(.frame*)
                0x90000000                __SDRAM_End = .
                0x90000000                __tz_SDRAM_N = __SDRAM_End
                0x01010018                __tz_ID_CODE_S = ORIGIN (ID_CODE)

.id_code        0x01010018       0x1c
                0x01010018                __ID_Code_Start = .
 *(.id_code*)
 .id_code       0x01010018       0x1c ./ra/fsp/src/bsp/mcu/all/bsp_rom_registers.o
                0x01010034                __ID_Code_End = .
                0x01010034                __tz_ID_CODE_N = __ID_Code_End
                0x00000000                __tz_OPTION_SETTING_S = ORIGIN (OPTION_SETTING)

.rel.dyn        0x01010034        0x0
 .rel.iplt      0x01010034        0x0 c:/program files (x86)/gnu tools arm embedded/9 2019-q4-major/bin/../lib/gcc/arm-none-eabi/9.2.1/thumb/v8-m.base/nofp/crtbegin.o

.option_setting
                0x00000000        0x0
                0x00000000                __OPTION_SETTING_Start = .
 *(.option_setting_ofs0)
                0x00000000                . = __TZ_S_PROJECT?(__OPTION_SETTING_Start + 0x10):__OPTION_SETTING_Start
 *(.option_setting_dualsel)
                0x00000000                . = __TZ_S_PROJECT?(__OPTION_SETTING_Start + 0x34):__OPTION_SETTING_Start
 *(.option_setting_sas)
                0x00000000                __OPTION_SETTING_End = .
                0x0100a180                __tz_OPTION_SETTING_N = OPTION_SETTING_START_NS

.option_setting_ns
                0x00000000        0x0
                0x00000000                __OPTION_SETTING_NS_Start = .
 *(.option_setting_ofs1)
                0x00000000                . = __TZ_NS_PROJECT?(__OPTION_SETTING_NS_Start + 0x10):__OPTION_SETTING_NS_Start
 *(.option_setting_banksel)
                0x00000000                . = __TZ_NS_PROJECT?(__OPTION_SETTING_NS_Start + 0x40):__OPTION_SETTING_NS_Start
 *(.option_setting_bps0)
                0x00000000                . = __TZ_NS_PROJECT?(__OPTION_SETTING_NS_Start + 0x44):__OPTION_SETTING_NS_Start
 *(.option_setting_bps1)
                0x00000000                . = __TZ_NS_PROJECT?(__OPTION_SETTING_NS_Start + 0x48):__OPTION_SETTING_NS_Start
 *(.option_setting_bps2)
                0x00000000                . = __TZ_NS_PROJECT?(__OPTION_SETTING_NS_Start + 0x60):__OPTION_SETTING_NS_Start
 *(.option_setting_pbps0)
                0x00000000                . = __TZ_NS_PROJECT?(__OPTION_SETTING_NS_Start + 0x64):__OPTION_SETTING_NS_Start
 *(.option_setting_pbps1)
                0x00000000                . = __TZ_NS_PROJECT?(__OPTION_SETTING_NS_Start + 0x68):__OPTION_SETTING_NS_Start
 *(.option_setting_pbps2)
                0x00000000                __OPTION_SETTING_NS_End = .
                0x00000000                __tz_OPTION_SETTING_S_S = ORIGIN (OPTION_SETTING_S)

.option_setting_s
                0x00000000        0x0
                0x00000000                __OPTION_SETTING_S_Start = .
 *(.option_setting_ofs1_sec)
                0x00000000                . = __TZ_S_PROJECT?(__OPTION_SETTING_S_Start + 0x10):__OPTION_SETTING_S_Start
 *(.option_setting_banksel_sec)
                0x00000000                . = __TZ_S_PROJECT?(__OPTION_SETTING_S_Start + 0x40):__OPTION_SETTING_S_Start
 *(.option_setting_bps_sec0)
                0x00000000                . = __TZ_S_PROJECT?(__OPTION_SETTING_S_Start + 0x44):__OPTION_SETTING_S_Start
 *(.option_setting_bps_sec1)
                0x00000000                . = __TZ_S_PROJECT?(__OPTION_SETTING_S_Start + 0x48):__OPTION_SETTING_S_Start
 *(.option_setting_bps_sec2)
                0x00000000                . = __TZ_S_PROJECT?(__OPTION_SETTING_S_Start + 0x60):__OPTION_SETTING_S_Start
 *(.option_setting_pbps_sec0)
                0x00000000                . = __TZ_S_PROJECT?(__OPTION_SETTING_S_Start + 0x64):__OPTION_SETTING_S_Start
 *(.option_setting_pbps_sec1)
                0x00000000                . = __TZ_S_PROJECT?(__OPTION_SETTING_S_Start + 0x68):__OPTION_SETTING_S_Start
 *(.option_setting_pbps_sec2)
                0x00000000                . = __TZ_S_PROJECT?(__OPTION_SETTING_S_Start + 0x80):__OPTION_SETTING_S_Start
 *(.option_setting_ofs1_sel)
                0x00000000                . = __TZ_S_PROJECT?(__OPTION_SETTING_S_Start + 0x90):__OPTION_SETTING_S_Start
 *(.option_setting_banksel_sel)
                0x00000000                . = __TZ_S_PROJECT?(__OPTION_SETTING_S_Start + 0xc0):__OPTION_SETTING_S_Start
 *(.option_setting_bps_sel0)
                0x00000000                . = __TZ_S_PROJECT?(__OPTION_SETTING_S_Start + 0xc4):__OPTION_SETTING_S_Start
 *(.option_setting_bps_sel1)
                0x00000000                . = __TZ_S_PROJECT?(__OPTION_SETTING_S_Start + 0xc8):__OPTION_SETTING_S_Start
 *(.option_setting_bps_sel2)
                0x00000000                __OPTION_SETTING_S_End = .
                0x00000000                __tz_OPTION_SETTING_S_N = __OPTION_SETTING_S_End
OUTPUT(sci_i2c_ek_ra2a1_ep.elf elf32-littlearm)

.ARM.attributes
                0x00000000       0x2c
 .ARM.attributes
                0x00000000       0x22 c:/program files (x86)/gnu tools arm embedded/9 2019-q4-major/bin/../lib/gcc/arm-none-eabi/9.2.1/thumb/v8-m.base/nofp/crti.o
 .ARM.attributes
                0x00000022       0x30 c:/program files (x86)/gnu tools arm embedded/9 2019-q4-major/bin/../lib/gcc/arm-none-eabi/9.2.1/thumb/v8-m.base/nofp/crtbegin.o
 .ARM.attributes
                0x00000052       0x30 ./src/SEGGER_RTT/SEGGER_RTT.o
 .ARM.attributes
                0x00000082       0x30 ./src/SEGGER_RTT/SEGGER_RTT_printf.o
 .ARM.attributes
                0x000000b2       0x30 ./src/hal_entry.o
 .ARM.attributes
                0x000000e2       0x30 ./ra_gen/common_data.o
 .ARM.attributes
                0x00000112       0x30 ./ra_gen/hal_data.o
 .ARM.attributes
                0x00000142       0x30 ./ra_gen/main.o
 .ARM.attributes
                0x00000172       0x32 ./ra_gen/pin_data.o
 .ARM.attributes
                0x000001a4       0x30 ./ra/fsp/src/r_ioport/r_ioport.o
 .ARM.attributes
                0x000001d4       0x30 ./ra/fsp/src/r_adc/r_adc.o
 .ARM.attributes
                0x00000204       0x30 ./ra/fsp/src/bsp/mcu/all/bsp_clocks.o
 .ARM.attributes
                0x00000234       0x30 ./ra/fsp/src/bsp/mcu/all/bsp_common.o
 .ARM.attributes
                0x00000264       0x30 ./ra/fsp/src/bsp/mcu/all/bsp_delay.o
 .ARM.attributes
                0x00000294       0x30 ./ra/fsp/src/bsp/mcu/all/bsp_group_irq.o
 .ARM.attributes
                0x000002c4       0x32 ./ra/fsp/src/bsp/mcu/all/bsp_io.o
 .ARM.attributes
                0x000002f6       0x30 ./ra/fsp/src/bsp/mcu/all/bsp_irq.o
 .ARM.attributes
                0x00000326       0x30 ./ra/fsp/src/bsp/mcu/all/bsp_register_protection.o
 .ARM.attributes
                0x00000356       0x32 ./ra/fsp/src/bsp/mcu/all/bsp_rom_registers.o
 .ARM.attributes
                0x00000388       0x30 ./ra/fsp/src/bsp/cmsis/Device/RENESAS/Source/startup.o
 .ARM.attributes
                0x000003b8       0x30 ./ra/fsp/src/bsp/cmsis/Device/RENESAS/Source/system.o
 .ARM.attributes
                0x000003e8       0x30 ./ra/board/ra2a1_ek/board_init.o
 .ARM.attributes
                0x00000418       0x22 c:/program files (x86)/gnu tools arm embedded/9 2019-q4-major/bin/../lib/gcc/arm-none-eabi/9.2.1/thumb/v8-m.base/nofp\libgcc.a(_clzsi2.o)
 .ARM.attributes
                0x0000043a       0x30 c:/program files (x86)/gnu tools arm embedded/9 2019-q4-major/bin/../lib/gcc/arm-none-eabi/9.2.1/thumb/v8-m.base/nofp\libgcc.a(_muldi3.o)
 .ARM.attributes
                0x0000046a       0x30 c:/program files (x86)/gnu tools arm embedded/9 2019-q4-major/bin/../lib/gcc/arm-none-eabi/9.2.1/thumb/v8-m.base/nofp\libgcc.a(_fixunsdfsi.o)
 .ARM.attributes
                0x0000049a       0x30 c:/program files (x86)/gnu tools arm embedded/9 2019-q4-major/bin/../lib/gcc/arm-none-eabi/9.2.1/thumb/v8-m.base/nofp\libgcc.a(divdf3.o)
 .ARM.attributes
                0x000004ca       0x30 c:/program files (x86)/gnu tools arm embedded/9 2019-q4-major/bin/../lib/gcc/arm-none-eabi/9.2.1/thumb/v8-m.base/nofp\libgcc.a(subdf3.o)
 .ARM.attributes
                0x000004fa       0x30 c:/program files (x86)/gnu tools arm embedded/9 2019-q4-major/bin/../lib/gcc/arm-none-eabi/9.2.1/thumb/v8-m.base/nofp\libgcc.a(fixdfsi.o)
 .ARM.attributes
                0x0000052a       0x30 c:/program files (x86)/gnu tools arm embedded/9 2019-q4-major/bin/../lib/gcc/arm-none-eabi/9.2.1/thumb/v8-m.base/nofp\libgcc.a(floatunsidf.o)
 .ARM.attributes
                0x0000055a       0x22 c:/program files (x86)/gnu tools arm embedded/9 2019-q4-major/bin/../lib/gcc/arm-none-eabi/9.2.1/thumb/v8-m.base/nofp\libgcc.a(_arm_cmpdf2.o)
 .ARM.attributes
                0x0000057c       0x30 c:/program files (x86)/gnu tools arm embedded/9 2019-q4-major/bin/../lib/gcc/arm-none-eabi/9.2.1/thumb/v8-m.base/nofp\libgcc.a(eqdf2.o)
 .ARM.attributes
                0x000005ac       0x30 c:/program files (x86)/gnu tools arm embedded/9 2019-q4-major/bin/../lib/gcc/arm-none-eabi/9.2.1/thumb/v8-m.base/nofp\libgcc.a(gedf2.o)
 .ARM.attributes
                0x000005dc       0x30 c:/program files (x86)/gnu tools arm embedded/9 2019-q4-major/bin/../lib/gcc/arm-none-eabi/9.2.1/thumb/v8-m.base/nofp\libgcc.a(ledf2.o)
 .ARM.attributes
                0x0000060c       0x30 c:/program files (x86)/gnu tools arm embedded/9 2019-q4-major/bin/../lib/gcc/arm-none-eabi/9.2.1/../../../../arm-none-eabi/lib/thumb/v8-m.base/nofp\libg_nano.a(lib_a-memcpy-stub.o)
 .ARM.attributes
                0x0000063c       0x30 c:/program files (x86)/gnu tools arm embedded/9 2019-q4-major/bin/../lib/gcc/arm-none-eabi/9.2.1/../../../../arm-none-eabi/lib/thumb/v8-m.base/nofp\libg_nano.a(lib_a-memset.o)
 .ARM.attributes
                0x0000066c       0x30 c:/program files (x86)/gnu tools arm embedded/9 2019-q4-major/bin/../lib/gcc/arm-none-eabi/9.2.1/thumb/v8-m.base/nofp/crtend.o
 .ARM.attributes
                0x0000069c       0x22 c:/program files (x86)/gnu tools arm embedded/9 2019-q4-major/bin/../lib/gcc/arm-none-eabi/9.2.1/thumb/v8-m.base/nofp/crtn.o

.comment        0x00000000       0x79
 .comment       0x00000000       0x79 ./src/SEGGER_RTT/SEGGER_RTT.o
                                 0x7a (size before relaxing)
 .comment       0x00000079       0x7a ./src/SEGGER_RTT/SEGGER_RTT_printf.o
 .comment       0x00000079       0x7a ./src/hal_entry.o
 .comment       0x00000079       0x7a ./ra_gen/common_data.o
 .comment       0x00000079       0x7a ./ra_gen/hal_data.o
 .comment       0x00000079       0x7a ./ra_gen/main.o
 .comment       0x00000079       0x7a ./ra_gen/pin_data.o
 .comment       0x00000079       0x7a ./ra/fsp/src/r_ioport/r_ioport.o
 .comment       0x00000079       0x7a ./ra/fsp/src/r_adc/r_adc.o
 .comment       0x00000079       0x7a ./ra/fsp/src/bsp/mcu/all/bsp_clocks.o
 .comment       0x00000079       0x7a ./ra/fsp/src/bsp/mcu/all/bsp_common.o
 .comment       0x00000079       0x7a ./ra/fsp/src/bsp/mcu/all/bsp_delay.o
 .comment       0x00000079       0x7a ./ra/fsp/src/bsp/mcu/all/bsp_group_irq.o
 .comment       0x00000079       0x7a ./ra/fsp/src/bsp/mcu/all/bsp_io.o
 .comment       0x00000079       0x7a ./ra/fsp/src/bsp/mcu/all/bsp_irq.o
 .comment       0x00000079       0x7a ./ra/fsp/src/bsp/mcu/all/bsp_register_protection.o
 .comment       0x00000079       0x7a ./ra/fsp/src/bsp/mcu/all/bsp_rom_registers.o
 .comment       0x00000079       0x7a ./ra/fsp/src/bsp/cmsis/Device/RENESAS/Source/startup.o
 .comment       0x00000079       0x7a ./ra/fsp/src/bsp/cmsis/Device/RENESAS/Source/system.o
 .comment       0x00000079       0x7a ./ra/board/ra2a1_ek/board_init.o

.debug_info     0x00000000    0x35c7c
 .debug_info    0x00000000     0x293f ./src/SEGGER_RTT/SEGGER_RTT.o
 .debug_info    0x0000293f     0x10fa ./src/SEGGER_RTT/SEGGER_RTT_printf.o
 .debug_info    0x00003a39     0x52b4 ./src/hal_entry.o
 .debug_info    0x00008ced     0x197c ./ra_gen/common_data.o
 .debug_info    0x0000a669     0x5145 ./ra_gen/hal_data.o
 .debug_info    0x0000f7ae     0x4eb0 ./ra_gen/main.o
 .debug_info    0x0001465e     0x1198 ./ra_gen/pin_data.o
 .debug_info    0x000157f6     0x3df7 ./ra/fsp/src/r_ioport/r_ioport.o
 .debug_info    0x000195ed     0xa7b4 ./ra/fsp/src/r_adc/r_adc.o
 .debug_info    0x00023da1     0x41bd ./ra/fsp/src/bsp/mcu/all/bsp_clocks.o
 .debug_info    0x00027f5e     0x10ff ./ra/fsp/src/bsp/mcu/all/bsp_common.o
 .debug_info    0x0002905d      0xb1c ./ra/fsp/src/bsp/mcu/all/bsp_delay.o
 .debug_info    0x00029b79     0x1b40 ./ra/fsp/src/bsp/mcu/all/bsp_group_irq.o
 .debug_info    0x0002b6b9      0x9f0 ./ra/fsp/src/bsp/mcu/all/bsp_io.o
 .debug_info    0x0002c0a9     0x1813 ./ra/fsp/src/bsp/mcu/all/bsp_irq.o
 .debug_info    0x0002d8bc     0x3ec7 ./ra/fsp/src/bsp/mcu/all/bsp_register_protection.o
 .debug_info    0x00031783      0xa35 ./ra/fsp/src/bsp/mcu/all/bsp_rom_registers.o
 .debug_info    0x000321b8      0xaac ./ra/fsp/src/bsp/cmsis/Device/RENESAS/Source/startup.o
 .debug_info    0x00032c64     0x260d ./ra/fsp/src/bsp/cmsis/Device/RENESAS/Source/system.o
 .debug_info    0x00035271      0xa0b ./ra/board/ra2a1_ek/board_init.o

.debug_abbrev   0x00000000     0x3f50
 .debug_abbrev  0x00000000      0x46d ./src/SEGGER_RTT/SEGGER_RTT.o
 .debug_abbrev  0x0000046d      0x3a5 ./src/SEGGER_RTT/SEGGER_RTT_printf.o
 .debug_abbrev  0x00000812      0x399 ./src/hal_entry.o
 .debug_abbrev  0x00000bab      0x23f ./ra_gen/common_data.o
 .debug_abbrev  0x00000dea      0x2d7 ./ra_gen/hal_data.o
 .debug_abbrev  0x000010c1      0x2aa ./ra_gen/main.o
 .debug_abbrev  0x0000136b      0x213 ./ra_gen/pin_data.o
 .debug_abbrev  0x0000157e      0x4d2 ./ra/fsp/src/r_ioport/r_ioport.o
 .debug_abbrev  0x00001a50      0x618 ./ra/fsp/src/r_adc/r_adc.o
 .debug_abbrev  0x00002068      0x41b ./ra/fsp/src/bsp/mcu/all/bsp_clocks.o
 .debug_abbrev  0x00002483      0x294 ./ra/fsp/src/bsp/mcu/all/bsp_common.o
 .debug_abbrev  0x00002717      0x2a2 ./ra/fsp/src/bsp/mcu/all/bsp_delay.o
 .debug_abbrev  0x000029b9      0x356 ./ra/fsp/src/bsp/mcu/all/bsp_group_irq.o
 .debug_abbrev  0x00002d0f      0x1df ./ra/fsp/src/bsp/mcu/all/bsp_io.o
 .debug_abbrev  0x00002eee      0x2a9 ./ra/fsp/src/bsp/mcu/all/bsp_irq.o
 .debug_abbrev  0x00003197      0x355 ./ra/fsp/src/bsp/mcu/all/bsp_register_protection.o
 .debug_abbrev  0x000034ec      0x1e1 ./ra/fsp/src/bsp/mcu/all/bsp_rom_registers.o
 .debug_abbrev  0x000036cd      0x258 ./ra/fsp/src/bsp/cmsis/Device/RENESAS/Source/startup.o
 .debug_abbrev  0x00003925      0x42c ./ra/fsp/src/bsp/cmsis/Device/RENESAS/Source/system.o
 .debug_abbrev  0x00003d51      0x1ff ./ra/board/ra2a1_ek/board_init.o

.debug_loc      0x00000000     0x8992
 .debug_loc     0x00000000     0x38e2 ./src/SEGGER_RTT/SEGGER_RTT.o
 .debug_loc     0x000038e2      0xb57 ./src/SEGGER_RTT/SEGGER_RTT_printf.o
 .debug_loc     0x00004439      0x11f ./src/hal_entry.o
 .debug_loc     0x00004558     0x1a73 ./ra/fsp/src/r_ioport/r_ioport.o
 .debug_loc     0x00005fcb     0x22df ./ra/fsp/src/r_adc/r_adc.o
 .debug_loc     0x000082aa      0x188 ./ra/fsp/src/bsp/mcu/all/bsp_clocks.o
 .debug_loc     0x00008432       0x84 ./ra/fsp/src/bsp/mcu/all/bsp_common.o
 .debug_loc     0x000084b6      0x16b ./ra/fsp/src/bsp/mcu/all/bsp_delay.o
 .debug_loc     0x00008621       0xc9 ./ra/fsp/src/bsp/mcu/all/bsp_group_irq.o
 .debug_loc     0x000086ea       0x3f ./ra/fsp/src/bsp/mcu/all/bsp_irq.o
 .debug_loc     0x00008729      0x110 ./ra/fsp/src/bsp/mcu/all/bsp_register_protection.o
 .debug_loc     0x00008839      0x159 ./ra/fsp/src/bsp/cmsis/Device/RENESAS/Source/system.o

.debug_aranges  0x00000000      0x4f8
 .debug_aranges
                0x00000000      0x130 ./src/SEGGER_RTT/SEGGER_RTT.o
 .debug_aranges
                0x00000130       0x38 ./src/SEGGER_RTT/SEGGER_RTT_printf.o
 .debug_aranges
                0x00000168       0x30 ./src/hal_entry.o
 .debug_aranges
                0x00000198       0x20 ./ra_gen/common_data.o
 .debug_aranges
                0x000001b8       0x20 ./ra_gen/hal_data.o
 .debug_aranges
                0x000001d8       0x20 ./ra_gen/main.o
 .debug_aranges
                0x000001f8       0x18 ./ra_gen/pin_data.o
 .debug_aranges
                0x00000210       0x98 ./ra/fsp/src/r_ioport/r_ioport.o
 .debug_aranges
                0x000002a8       0xa8 ./ra/fsp/src/r_adc/r_adc.o
 .debug_aranges
                0x00000350       0x40 ./ra/fsp/src/bsp/mcu/all/bsp_clocks.o
 .debug_aranges
                0x00000390       0x30 ./ra/fsp/src/bsp/mcu/all/bsp_common.o
 .debug_aranges
                0x000003c0       0x28 ./ra/fsp/src/bsp/mcu/all/bsp_delay.o
 .debug_aranges
                0x000003e8       0x28 ./ra/fsp/src/bsp/mcu/all/bsp_group_irq.o
 .debug_aranges
                0x00000410       0x18 ./ra/fsp/src/bsp/mcu/all/bsp_io.o
 .debug_aranges
                0x00000428       0x20 ./ra/fsp/src/bsp/mcu/all/bsp_irq.o
 .debug_aranges
                0x00000448       0x28 ./ra/fsp/src/bsp/mcu/all/bsp_register_protection.o
 .debug_aranges
                0x00000470       0x18 ./ra/fsp/src/bsp/mcu/all/bsp_rom_registers.o
 .debug_aranges
                0x00000488       0x28 ./ra/fsp/src/bsp/cmsis/Device/RENESAS/Source/startup.o
 .debug_aranges
                0x000004b0       0x28 ./ra/fsp/src/bsp/cmsis/Device/RENESAS/Source/system.o
 .debug_aranges
                0x000004d8       0x20 ./ra/board/ra2a1_ek/board_init.o

.debug_ranges   0x00000000      0xf88
 .debug_ranges  0x00000000      0x620 ./src/SEGGER_RTT/SEGGER_RTT.o
 .debug_ranges  0x00000620       0x68 ./src/SEGGER_RTT/SEGGER_RTT_printf.o
 .debug_ranges  0x00000688       0x40 ./src/hal_entry.o
 .debug_ranges  0x000006c8       0x10 ./ra_gen/common_data.o
 .debug_ranges  0x000006d8       0x10 ./ra_gen/hal_data.o
 .debug_ranges  0x000006e8       0x10 ./ra_gen/main.o
 .debug_ranges  0x000006f8      0x1f0 ./ra/fsp/src/r_ioport/r_ioport.o
 .debug_ranges  0x000008e8      0x488 ./ra/fsp/src/r_adc/r_adc.o
 .debug_ranges  0x00000d70       0xe8 ./ra/fsp/src/bsp/mcu/all/bsp_clocks.o
 .debug_ranges  0x00000e58       0x20 ./ra/fsp/src/bsp/mcu/all/bsp_common.o
 .debug_ranges  0x00000e78       0x18 ./ra/fsp/src/bsp/mcu/all/bsp_delay.o
 .debug_ranges  0x00000e90       0x60 ./ra/fsp/src/bsp/mcu/all/bsp_group_irq.o
 .debug_ranges  0x00000ef0       0x10 ./ra/fsp/src/bsp/mcu/all/bsp_irq.o
 .debug_ranges  0x00000f00       0x48 ./ra/fsp/src/bsp/mcu/all/bsp_register_protection.o
 .debug_ranges  0x00000f48       0x18 ./ra/fsp/src/bsp/cmsis/Device/RENESAS/Source/startup.o
 .debug_ranges  0x00000f60       0x18 ./ra/fsp/src/bsp/cmsis/Device/RENESAS/Source/system.o
 .debug_ranges  0x00000f78       0x10 ./ra/board/ra2a1_ek/board_init.o

.debug_line     0x00000000     0x8707
 .debug_line    0x00000000     0x1af2 ./src/SEGGER_RTT/SEGGER_RTT.o
 .debug_line    0x00001af2      0x7cd ./src/SEGGER_RTT/SEGGER_RTT_printf.o
 .debug_line    0x000022bf      0x647 ./src/hal_entry.o
 .debug_line    0x00002906      0x39e ./ra_gen/common_data.o
 .debug_line    0x00002ca4      0x4a1 ./ra_gen/hal_data.o
 .debug_line    0x00003145      0x49e ./ra_gen/main.o
 .debug_line    0x000035e3      0x315 ./ra_gen/pin_data.o
 .debug_line    0x000038f8      0xd6f ./ra/fsp/src/r_ioport/r_ioport.o
 .debug_line    0x00004667     0x150d ./ra/fsp/src/r_adc/r_adc.o
 .debug_line    0x00005b74      0x69f ./ra/fsp/src/bsp/mcu/all/bsp_clocks.o
 .debug_line    0x00006213      0x364 ./ra/fsp/src/bsp/mcu/all/bsp_common.o
 .debug_line    0x00006577      0x38a ./ra/fsp/src/bsp/mcu/all/bsp_delay.o
 .debug_line    0x00006901      0x3b4 ./ra/fsp/src/bsp/mcu/all/bsp_group_irq.o
 .debug_line    0x00006cb5      0x2d1 ./ra/fsp/src/bsp/mcu/all/bsp_io.o
 .debug_line    0x00006f86      0x3b5 ./ra/fsp/src/bsp/mcu/all/bsp_irq.o
 .debug_line    0x0000733b      0x4ae ./ra/fsp/src/bsp/mcu/all/bsp_register_protection.o
 .debug_line    0x000077e9      0x2dc ./ra/fsp/src/bsp/mcu/all/bsp_rom_registers.o
 .debug_line    0x00007ac5      0x340 ./ra/fsp/src/bsp/cmsis/Device/RENESAS/Source/startup.o
 .debug_line    0x00007e05      0x61a ./ra/fsp/src/bsp/cmsis/Device/RENESAS/Source/system.o
 .debug_line    0x0000841f      0x2e8 ./ra/board/ra2a1_ek/board_init.o

.debug_str      0x00000000     0x9886
 .debug_str     0x00000000      0xa05 ./src/SEGGER_RTT/SEGGER_RTT.o
                                0xabd (size before relaxing)
 .debug_str     0x00000a05      0x120 ./src/SEGGER_RTT/SEGGER_RTT_printf.o
                                0x78f (size before relaxing)
 .debug_str     0x00000b25     0x51d8 ./src/hal_entry.o
                               0x58b2 (size before relaxing)
 .debug_str     0x00005cfd       0x26 ./ra_gen/common_data.o
                               0x2f54 (size before relaxing)
 .debug_str     0x00005d23      0x51a ./ra_gen/hal_data.o
                               0x5b9d (size before relaxing)
 .debug_str     0x0000623d       0x16 ./ra_gen/main.o
                               0x5684 (size before relaxing)
 .debug_str     0x00006253      0x4ea ./ra_gen/pin_data.o
                               0x1c6e (size before relaxing)
 .debug_str     0x0000673d      0x7c3 ./ra/fsp/src/r_ioport/r_ioport.o
                               0x3755 (size before relaxing)
 .debug_str     0x00006f00     0x2032 ./ra/fsp/src/r_adc/r_adc.o
                               0x68ad (size before relaxing)
 .debug_str     0x00008f32      0x1ff ./ra/fsp/src/bsp/mcu/all/bsp_clocks.o
                               0x1c8b (size before relaxing)
 .debug_str     0x00009131       0xcc ./ra/fsp/src/bsp/mcu/all/bsp_common.o
                               0x1b5e (size before relaxing)
 .debug_str     0x000091fd       0xbc ./ra/fsp/src/bsp/mcu/all/bsp_delay.o
                                0x783 (size before relaxing)
 .debug_str     0x000092b9      0x1de ./ra/fsp/src/bsp/mcu/all/bsp_group_irq.o
                               0x2069 (size before relaxing)
 .debug_str     0x00009497       0x23 ./ra/fsp/src/bsp/mcu/all/bsp_io.o
                                0x67b (size before relaxing)
 .debug_str     0x000094ba       0x64 ./ra/fsp/src/bsp/mcu/all/bsp_irq.o
                               0x1837 (size before relaxing)
 .debug_str     0x0000951e      0x12b ./ra/fsp/src/bsp/mcu/all/bsp_register_protection.o
                               0x1b2c (size before relaxing)
 .debug_str     0x00009649       0x51 ./ra/fsp/src/bsp/mcu/all/bsp_rom_registers.o
                                0x6a9 (size before relaxing)
 .debug_str     0x0000969a       0x89 ./ra/fsp/src/bsp/cmsis/Device/RENESAS/Source/startup.o
                                0x6e6 (size before relaxing)
 .debug_str     0x00009723      0x141 ./ra/fsp/src/bsp/cmsis/Device/RENESAS/Source/system.o
                               0x113c (size before relaxing)
 .debug_str     0x00009864       0x22 ./ra/board/ra2a1_ek/board_init.o
                                0x68a (size before relaxing)

.debug_frame    0x00000000      0xd6c
 .debug_frame   0x00000000      0x444 ./src/SEGGER_RTT/SEGGER_RTT.o
 .debug_frame   0x00000444       0x9c ./src/SEGGER_RTT/SEGGER_RTT_printf.o
 .debug_frame   0x000004e0       0x68 ./src/hal_entry.o
 .debug_frame   0x00000548       0x20 ./ra_gen/common_data.o
 .debug_frame   0x00000568       0x28 ./ra_gen/hal_data.o
 .debug_frame   0x00000590       0x28 ./ra_gen/main.o
 .debug_frame   0x000005b8      0x17c ./ra/fsp/src/r_ioport/r_ioport.o
 .debug_frame   0x00000734      0x1e0 ./ra/fsp/src/r_adc/r_adc.o
 .debug_frame   0x00000914       0x80 ./ra/fsp/src/bsp/mcu/all/bsp_clocks.o
 .debug_frame   0x00000994       0x40 ./ra/fsp/src/bsp/mcu/all/bsp_common.o
 .debug_frame   0x000009d4       0x3c ./ra/fsp/src/bsp/mcu/all/bsp_delay.o
 .debug_frame   0x00000a10       0x40 ./ra/fsp/src/bsp/mcu/all/bsp_group_irq.o
 .debug_frame   0x00000a50       0x20 ./ra/fsp/src/bsp/mcu/all/bsp_irq.o
 .debug_frame   0x00000a70       0x48 ./ra/fsp/src/bsp/mcu/all/bsp_register_protection.o
 .debug_frame   0x00000ab8       0x38 ./ra/fsp/src/bsp/cmsis/Device/RENESAS/Source/startup.o
 .debug_frame   0x00000af0       0x40 ./ra/fsp/src/bsp/cmsis/Device/RENESAS/Source/system.o
 .debug_frame   0x00000b30       0x20 ./ra/board/ra2a1_ek/board_init.o
 .debug_frame   0x00000b50       0x34 c:/program files (x86)/gnu tools arm embedded/9 2019-q4-major/bin/../lib/gcc/arm-none-eabi/9.2.1/thumb/v8-m.base/nofp\libgcc.a(_muldi3.o)
 .debug_frame   0x00000b84       0x2c c:/program files (x86)/gnu tools arm embedded/9 2019-q4-major/bin/../lib/gcc/arm-none-eabi/9.2.1/thumb/v8-m.base/nofp\libgcc.a(_fixunsdfsi.o)
 .debug_frame   0x00000bb0       0x3c c:/program files (x86)/gnu tools arm embedded/9 2019-q4-major/bin/../lib/gcc/arm-none-eabi/9.2.1/thumb/v8-m.base/nofp\libgcc.a(divdf3.o)
 .debug_frame   0x00000bec       0x3c c:/program files (x86)/gnu tools arm embedded/9 2019-q4-major/bin/../lib/gcc/arm-none-eabi/9.2.1/thumb/v8-m.base/nofp\libgcc.a(subdf3.o)
 .debug_frame   0x00000c28       0x2c c:/program files (x86)/gnu tools arm embedded/9 2019-q4-major/bin/../lib/gcc/arm-none-eabi/9.2.1/thumb/v8-m.base/nofp\libgcc.a(fixdfsi.o)
 .debug_frame   0x00000c54       0x28 c:/program files (x86)/gnu tools arm embedded/9 2019-q4-major/bin/../lib/gcc/arm-none-eabi/9.2.1/thumb/v8-m.base/nofp\libgcc.a(floatunsidf.o)
 .debug_frame   0x00000c7c       0x38 c:/program files (x86)/gnu tools arm embedded/9 2019-q4-major/bin/../lib/gcc/arm-none-eabi/9.2.1/thumb/v8-m.base/nofp\libgcc.a(eqdf2.o)
 .debug_frame   0x00000cb4       0x38 c:/program files (x86)/gnu tools arm embedded/9 2019-q4-major/bin/../lib/gcc/arm-none-eabi/9.2.1/thumb/v8-m.base/nofp\libgcc.a(gedf2.o)
 .debug_frame   0x00000cec       0x38 c:/program files (x86)/gnu tools arm embedded/9 2019-q4-major/bin/../lib/gcc/arm-none-eabi/9.2.1/thumb/v8-m.base/nofp\libgcc.a(ledf2.o)
 .debug_frame   0x00000d24       0x28 c:/program files (x86)/gnu tools arm embedded/9 2019-q4-major/bin/../lib/gcc/arm-none-eabi/9.2.1/../../../../arm-none-eabi/lib/thumb/v8-m.base/nofp\libg_nano.a(lib_a-memcpy-stub.o)
 .debug_frame   0x00000d4c       0x20 c:/program files (x86)/gnu tools arm embedded/9 2019-q4-major/bin/../lib/gcc/arm-none-eabi/9.2.1/../../../../arm-none-eabi/lib/thumb/v8-m.base/nofp\libg_nano.a(lib_a-memset.o)
