Archive member included to satisfy reference by file (symbol)

/Applications/STM32CubeIDE.app/Contents/Eclipse/plugins/com.st.stm32cube.ide.mcu.externaltools.gnu-tools-for-stm32.7-2018-q2-update.macos64_1.4.0.202007081208/tools/bin/../lib/gcc/arm-none-eabi/7.3.1/../../../../arm-none-eabi/lib/thumb/v7e-m/fpv4-sp/hard/libc_nano.a(lib_a-errno.o)
                              Core/Src/syscalls.o (__errno)
/Applications/STM32CubeIDE.app/Contents/Eclipse/plugins/com.st.stm32cube.ide.mcu.externaltools.gnu-tools-for-stm32.7-2018-q2-update.macos64_1.4.0.202007081208/tools/bin/../lib/gcc/arm-none-eabi/7.3.1/../../../../arm-none-eabi/lib/thumb/v7e-m/fpv4-sp/hard/libc_nano.a(lib_a-exit.o)
                              /Applications/STM32CubeIDE.app/Contents/Eclipse/plugins/com.st.stm32cube.ide.mcu.externaltools.gnu-tools-for-stm32.7-2018-q2-update.macos64_1.4.0.202007081208/tools/bin/../lib/gcc/arm-none-eabi/7.3.1/../../../../arm-none-eabi/lib/thumb/v7e-m/fpv4-sp/hard/crt0.o (exit)
/Applications/STM32CubeIDE.app/Contents/Eclipse/plugins/com.st.stm32cube.ide.mcu.externaltools.gnu-tools-for-stm32.7-2018-q2-update.macos64_1.4.0.202007081208/tools/bin/../lib/gcc/arm-none-eabi/7.3.1/../../../../arm-none-eabi/lib/thumb/v7e-m/fpv4-sp/hard/libc_nano.a(lib_a-impure.o)
                              /Applications/STM32CubeIDE.app/Contents/Eclipse/plugins/com.st.stm32cube.ide.mcu.externaltools.gnu-tools-for-stm32.7-2018-q2-update.macos64_1.4.0.202007081208/tools/bin/../lib/gcc/arm-none-eabi/7.3.1/../../../../arm-none-eabi/lib/thumb/v7e-m/fpv4-sp/hard/libc_nano.a(lib_a-exit.o) (_global_impure_ptr)
/Applications/STM32CubeIDE.app/Contents/Eclipse/plugins/com.st.stm32cube.ide.mcu.externaltools.gnu-tools-for-stm32.7-2018-q2-update.macos64_1.4.0.202007081208/tools/bin/../lib/gcc/arm-none-eabi/7.3.1/../../../../arm-none-eabi/lib/thumb/v7e-m/fpv4-sp/hard/libc_nano.a(lib_a-init.o)
                              /Applications/STM32CubeIDE.app/Contents/Eclipse/plugins/com.st.stm32cube.ide.mcu.externaltools.gnu-tools-for-stm32.7-2018-q2-update.macos64_1.4.0.202007081208/tools/bin/../lib/gcc/arm-none-eabi/7.3.1/../../../../arm-none-eabi/lib/thumb/v7e-m/fpv4-sp/hard/crt0.o (__libc_init_array)
/Applications/STM32CubeIDE.app/Contents/Eclipse/plugins/com.st.stm32cube.ide.mcu.externaltools.gnu-tools-for-stm32.7-2018-q2-update.macos64_1.4.0.202007081208/tools/bin/../lib/gcc/arm-none-eabi/7.3.1/../../../../arm-none-eabi/lib/thumb/v7e-m/fpv4-sp/hard/libc_nano.a(lib_a-memset.o)
                              /Applications/STM32CubeIDE.app/Contents/Eclipse/plugins/com.st.stm32cube.ide.mcu.externaltools.gnu-tools-for-stm32.7-2018-q2-update.macos64_1.4.0.202007081208/tools/bin/../lib/gcc/arm-none-eabi/7.3.1/../../../../arm-none-eabi/lib/thumb/v7e-m/fpv4-sp/hard/crt0.o (memset)
/Applications/STM32CubeIDE.app/Contents/Eclipse/plugins/com.st.stm32cube.ide.mcu.externaltools.gnu-tools-for-stm32.7-2018-q2-update.macos64_1.4.0.202007081208/tools/bin/../lib/gcc/arm-none-eabi/7.3.1/../../../../arm-none-eabi/lib/thumb/v7e-m/fpv4-sp/hard/libc_nano.a(lib_a-strlen.o)
                              Core/Src/main.o (strlen)

Allocating common symbols
Common symbol       size              file

uwTick              0x4               Drivers/STM32MP1xx_HAL_Driver/stm32mp1xx_hal.o
htim5               0x40              Core/Src/tim.o
huart2              0x94              Core/Src/usart.o

Discarded input sections

 .text          0x0000000000000000        0x0 /Applications/STM32CubeIDE.app/Contents/Eclipse/plugins/com.st.stm32cube.ide.mcu.externaltools.gnu-tools-for-stm32.7-2018-q2-update.macos64_1.4.0.202007081208/tools/bin/../lib/gcc/arm-none-eabi/7.3.1/thumb/v7e-m/fpv4-sp/hard/crti.o
 .data          0x0000000000000000        0x0 /Applications/STM32CubeIDE.app/Contents/Eclipse/plugins/com.st.stm32cube.ide.mcu.externaltools.gnu-tools-for-stm32.7-2018-q2-update.macos64_1.4.0.202007081208/tools/bin/../lib/gcc/arm-none-eabi/7.3.1/thumb/v7e-m/fpv4-sp/hard/crti.o
 .bss           0x0000000000000000        0x0 /Applications/STM32CubeIDE.app/Contents/Eclipse/plugins/com.st.stm32cube.ide.mcu.externaltools.gnu-tools-for-stm32.7-2018-q2-update.macos64_1.4.0.202007081208/tools/bin/../lib/gcc/arm-none-eabi/7.3.1/thumb/v7e-m/fpv4-sp/hard/crti.o
 .data          0x0000000000000000        0x4 /Applications/STM32CubeIDE.app/Contents/Eclipse/plugins/com.st.stm32cube.ide.mcu.externaltools.gnu-tools-for-stm32.7-2018-q2-update.macos64_1.4.0.202007081208/tools/bin/../lib/gcc/arm-none-eabi/7.3.1/thumb/v7e-m/fpv4-sp/hard/crtbegin.o
 .text          0x0000000000000000       0x74 /Applications/STM32CubeIDE.app/Contents/Eclipse/plugins/com.st.stm32cube.ide.mcu.externaltools.gnu-tools-for-stm32.7-2018-q2-update.macos64_1.4.0.202007081208/tools/bin/../lib/gcc/arm-none-eabi/7.3.1/../../../../arm-none-eabi/lib/thumb/v7e-m/fpv4-sp/hard/crt0.o
[...]
Memory Configuration

Name             Origin             Length             Attributes
m_interrupts     0x0000000000000000 0x0000000000000298 xr
m_text           0x0000000010000000 0x0000000000020000 xr
m_data           0x0000000010020000 0x0000000000020000 rw
m_ipc_shm        0x0000000010040000 0x0000000000008000 rw
*default*        0x0000000000000000 0xffffffffffffffff

Linker script and memory map

LOAD /Applications/STM32CubeIDE.app/Contents/Eclipse/plugins/com.st.stm32cube.ide.mcu.externaltools.gnu-tools-for-stm32.7-2018-q2-update.macos64_1.4.0.202007081208/tools/bin/../lib/gcc/arm-none-eabi/7.3.1/thumb/v7e-m/fpv4-sp/hard/crti.o
LOAD /Applications/STM32CubeIDE.app/Contents/Eclipse/plugins/com.st.stm32cube.ide.mcu.externaltools.gnu-tools-for-stm32.7-2018-q2-update.macos64_1.4.0.202007081208/tools/bin/../lib/gcc/arm-none-eabi/7.3.1/thumb/v7e-m/fpv4-sp/hard/crtbegin.o
LOAD /Applications/STM32CubeIDE.app/Contents/Eclipse/plugins/com.st.stm32cube.ide.mcu.externaltools.gnu-tools-for-stm32.7-2018-q2-update.macos64_1.4.0.202007081208/tools/bin/../lib/gcc/arm-none-eabi/7.3.1/../../../../arm-none-eabi/lib/thumb/v7e-m/fpv4-sp/hard/crt0.o
LOAD Common/System/system_stm32mp1xx.o
LOAD Core/Src/gpio.o
LOAD Core/Src/main.o
LOAD Core/Src/stm32mp1xx_hal_msp.o
LOAD Core/Src/stm32mp1xx_it.o
LOAD Core/Src/syscalls.o
LOAD Core/Src/sysmem.o
LOAD Core/Src/tim.o
LOAD Core/Src/usart.o
LOAD Core/Startup/startup_stm32mp157cacx.o
LOAD Drivers/STM32MP1xx_HAL_Driver/stm32mp1xx_hal.o
LOAD Drivers/STM32MP1xx_HAL_Driver/stm32mp1xx_hal_cortex.o
LOAD Drivers/STM32MP1xx_HAL_Driver/stm32mp1xx_hal_dma.o
LOAD Drivers/STM32MP1xx_HAL_Driver/stm32mp1xx_hal_dma_ex.o
LOAD Drivers/STM32MP1xx_HAL_Driver/stm32mp1xx_hal_exti.o
LOAD Drivers/STM32MP1xx_HAL_Driver/stm32mp1xx_hal_gpio.o
LOAD Drivers/STM32MP1xx_HAL_Driver/stm32mp1xx_hal_hsem.o
LOAD Drivers/STM32MP1xx_HAL_Driver/stm32mp1xx_hal_mdma.o
LOAD Drivers/STM32MP1xx_HAL_Driver/stm32mp1xx_hal_pwr.o
LOAD Drivers/STM32MP1xx_HAL_Driver/stm32mp1xx_hal_pwr_ex.o
LOAD Drivers/STM32MP1xx_HAL_Driver/stm32mp1xx_hal_rcc.o
LOAD Drivers/STM32MP1xx_HAL_Driver/stm32mp1xx_hal_rcc_ex.o
LOAD Drivers/STM32MP1xx_HAL_Driver/stm32mp1xx_hal_tim.o
LOAD Drivers/STM32MP1xx_HAL_Driver/stm32mp1xx_hal_tim_ex.o
LOAD Drivers/STM32MP1xx_HAL_Driver/stm32mp1xx_hal_uart.o
LOAD Drivers/STM32MP1xx_HAL_Driver/stm32mp1xx_hal_uart_ex.o
START GROUP
LOAD /Applications/STM32CubeIDE.app/Contents/Eclipse/plugins/com.st.stm32cube.ide.mcu.externaltools.gnu-tools-for-stm32.7-2018-q2-update.macos64_1.4.0.202007081208/tools/bin/../lib/gcc/arm-none-eabi/7.3.1/../../../../arm-none-eabi/lib/thumb/v7e-m/fpv4-sp/hard/libc_nano.a
LOAD /Applications/STM32CubeIDE.app/Contents/Eclipse/plugins/com.st.stm32cube.ide.mcu.externaltools.gnu-tools-for-stm32.7-2018-q2-update.macos64_1.4.0.202007081208/tools/bin/../lib/gcc/arm-none-eabi/7.3.1/../../../../arm-none-eabi/lib/thumb/v7e-m/fpv4-sp/hard/libm.a
END GROUP
START GROUP
LOAD /Applications/STM32CubeIDE.app/Contents/Eclipse/plugins/com.st.stm32cube.ide.mcu.externaltools.gnu-tools-for-stm32.7-2018-q2-update.macos64_1.4.0.202007081208/tools/bin/../lib/gcc/arm-none-eabi/7.3.1/thumb/v7e-m/fpv4-sp/hard/libgcc.a
LOAD /Applications/STM32CubeIDE.app/Contents/Eclipse/plugins/com.st.stm32cube.ide.mcu.externaltools.gnu-tools-for-stm32.7-2018-q2-update.macos64_1.4.0.202007081208/tools/bin/../lib/gcc/arm-none-eabi/7.3.1/../../../../arm-none-eabi/lib/thumb/v7e-m/fpv4-sp/hard/libc_nano.a
END GROUP
START GROUP
LOAD /Applications/STM32CubeIDE.app/Contents/Eclipse/plugins/com.st.stm32cube.ide.mcu.externaltools.gnu-tools-for-stm32.7-2018-q2-update.macos64_1.4.0.202007081208/tools/bin/../lib/gcc/arm-none-eabi/7.3.1/thumb/v7e-m/fpv4-sp/hard/libgcc.a
LOAD /Applications/STM32CubeIDE.app/Contents/Eclipse/plugins/com.st.stm32cube.ide.mcu.externaltools.gnu-tools-for-stm32.7-2018-q2-update.macos64_1.4.0.202007081208/tools/bin/../lib/gcc/arm-none-eabi/7.3.1/../../../../arm-none-eabi/lib/thumb/v7e-m/fpv4-sp/hard/libc_nano.a
LOAD /Applications/STM32CubeIDE.app/Contents/Eclipse/plugins/com.st.stm32cube.ide.mcu.externaltools.gnu-tools-for-stm32.7-2018-q2-update.macos64_1.4.0.202007081208/tools/bin/../lib/gcc/arm-none-eabi/7.3.1/../../../../arm-none-eabi/lib/thumb/v7e-m/fpv4-sp/hard/libnosys.a
END GROUP
START GROUP
LOAD /Applications/STM32CubeIDE.app/Contents/Eclipse/plugins/com.st.stm32cube.ide.mcu.externaltools.gnu-tools-for-stm32.7-2018-q2-update.macos64_1.4.0.202007081208/tools/bin/../lib/gcc/arm-none-eabi/7.3.1/thumb/v7e-m/fpv4-sp/hard/libgcc.a
LOAD /Applications/STM32CubeIDE.app/Contents/Eclipse/plugins/com.st.stm32cube.ide.mcu.externaltools.gnu-tools-for-stm32.7-2018-q2-update.macos64_1.4.0.202007081208/tools/bin/../lib/gcc/arm-none-eabi/7.3.1/../../../../arm-none-eabi/lib/thumb/v7e-m/fpv4-sp/hard/libc_nano.a
LOAD /Applications/STM32CubeIDE.app/Contents/Eclipse/plugins/com.st.stm32cube.ide.mcu.externaltools.gnu-tools-for-stm32.7-2018-q2-update.macos64_1.4.0.202007081208/tools/bin/../lib/gcc/arm-none-eabi/7.3.1/../../../../arm-none-eabi/lib/thumb/v7e-m/fpv4-sp/hard/libnosys.a
END GROUP
LOAD /Applications/STM32CubeIDE.app/Contents/Eclipse/plugins/com.st.stm32cube.ide.mcu.externaltools.gnu-tools-for-stm32.7-2018-q2-update.macos64_1.4.0.202007081208/tools/bin/../lib/gcc/arm-none-eabi/7.3.1/thumb/v7e-m/fpv4-sp/hard/crtend.o
LOAD /Applications/STM32CubeIDE.app/Contents/Eclipse/plugins/com.st.stm32cube.ide.mcu.externaltools.gnu-tools-for-stm32.7-2018-q2-update.macos64_1.4.0.202007081208/tools/bin/../lib/gcc/arm-none-eabi/7.3.1/thumb/v7e-m/fpv4-sp/hard/crtn.o
                0x0000000010040000                _estack = 0x10040000
                0x0000000000000200                _Min_Heap_Size = 0x200
                0x0000000000000400                _Min_Stack_Size = 0x400
                0x0000000010040000                __OPENAMP_region_start__ = ORIGIN (m_ipc_shm)
                0x0000000010048000                __OPENAMP_region_end__ = (ORIGIN (m_ipc_shm) + LENGTH (m_ipc_shm))

.isr_vector     0x0000000000000000      0x298
                0x0000000000000000                . = ALIGN (0x4)
 *(.isr_vector)
 .isr_vector    0x0000000000000000      0x298 Core/Startup/startup_stm32mp157cacx.o
                0x0000000000000000                g_pfnVectors
                0x0000000000000298                . = ALIGN (0x4)

.text           0x0000000010000000     0x6b14
                0x0000000010000000                . = ALIGN (0x4)
 *(.text)
 .text          0x0000000010000000       0x40 /Applications/STM32CubeIDE.app/Contents/Eclipse/plugins/com.st.stm32cube.ide.mcu.externaltools.gnu-tools-for-stm32.7-2018-q2-update.macos64_1.4.0.202007081208/tools/bin/../lib/gcc/arm-none-eabi/7.3.1/thumb/v7e-m/fpv4-sp/hard/crtbegin.o
 .text          0x0000000010000040       0x10 /Applications/STM32CubeIDE.app/Contents/Eclipse/plugins/com.st.stm32cube.ide.mcu.externaltools.gnu-tools-for-stm32.7-2018-q2-update.macos64_1.4.0.202007081208/tools/bin/../lib/gcc/arm-none-eabi/7.3.1/../../../../arm-none-eabi/lib/thumb/v7e-m/fpv4-sp/hard/libc_nano.a(lib_a-strlen.o)
                0x0000000010000040                strlen
 *(.text*)
 .text.SystemInit
                0x0000000010000050       0x4c Common/System/system_stm32mp1xx.o
                0x0000000010000050                SystemInit
 .text.MX_GPIO_Init
                0x000000001000009c       0x2e Core/Src/gpio.o
                0x000000001000009c                MX_GPIO_Init
 *fill*         0x00000000100000ca        0x2 
 .text.main     0x00000000100000cc       0xc0 Core/Src/main.o
                0x00000000100000cc                main
 .text.SystemClock_Config
                0x000000001000018c       0xde Core/Src/main.o
                0x000000001000018c                SystemClock_Config
 .text.Error_Handler
                0x000000001000026a        0xe Core/Src/main.o
                0x000000001000026a                Error_Handler
 .text.HAL_MspInit
                0x0000000010000278       0x1a Core/Src/stm32mp1xx_hal_msp.o
                0x0000000010000278                HAL_MspInit
 .text.NMI_Handler
                0x0000000010000292        0xe Core/Src/stm32mp1xx_it.o
                0x0000000010000292                NMI_Handler
 .text.HardFault_Handler
                0x00000000100002a0        0x6 Core/Src/stm32mp1xx_it.o
                0x00000000100002a0                HardFault_Handler
 .text.MemManage_Handler
                0x00000000100002a6        0x6 Core/Src/stm32mp1xx_it.o
                0x00000000100002a6                MemManage_Handler
 .text.BusFault_Handler
                0x00000000100002ac        0x6 Core/Src/stm32mp1xx_it.o
                0x00000000100002ac                BusFault_Handler
 .text.UsageFault_Handler
                0x00000000100002b2        0x6 Core/Src/stm32mp1xx_it.o
                0x00000000100002b2                UsageFault_Handler
 .text.SVC_Handler
                0x00000000100002b8        0xe Core/Src/stm32mp1xx_it.o
                0x00000000100002b8                SVC_Handler
 .text.DebugMon_Handler
                0x00000000100002c6        0xe Core/Src/stm32mp1xx_it.o
                0x00000000100002c6                DebugMon_Handler
 .text.PendSV_Handler
                0x00000000100002d4        0xe Core/Src/stm32mp1xx_it.o
                0x00000000100002d4                PendSV_Handler
 .text.SysTick_Handler
                0x00000000100002e2        0xc Core/Src/stm32mp1xx_it.o
                0x00000000100002e2                SysTick_Handler
 *fill*         0x00000000100002ee        0x2 
 .text.MX_TIM5_Init
                0x00000000100002f0       0xb4 Core/Src/tim.o
                0x00000000100002f0                MX_TIM5_Init
 .text.HAL_TIM_PWM_MspInit
                0x00000000100003a4       0x2c Core/Src/tim.o
                0x00000000100003a4                HAL_TIM_PWM_MspInit
 .text.HAL_TIM_MspPostInit
                0x00000000100003d0       0x60 Core/Src/tim.o
                0x00000000100003d0                HAL_TIM_MspPostInit
 .text.MX_USART2_UART_Init
                0x0000000010000430       0x98 Core/Src/usart.o
                0x0000000010000430                MX_USART2_UART_Init
 .text.HAL_UART_MspInit
                0x00000000100004c8       0xf8 Core/Src/usart.o
                0x00000000100004c8                HAL_UART_MspInit
 .text.Default_Handler
                0x00000000100005c0        0x2 Core/Startup/startup_stm32mp157cacx.o
                0x00000000100005c0                RESERVED4_IRQHandler
                0x00000000100005c0                TIM8_TRG_COM_IRQHandler
                0x00000000100005c0                TIM8_CC_IRQHandler
                0x00000000100005c0                EXTI5_IRQHandler
                0x00000000100005c0                UART8_IRQHandler
                0x00000000100005c0                SPI4_IRQHandler
                0x00000000100005c0                EXTI13_IRQHandler
                0x00000000100005c0                TIM1_CC_IRQHandler
                0x00000000100005c0                DMA2_Stream5_IRQHandler
                0x00000000100005c0                ETH1_WKUP_IRQHandler
                0x00000000100005c0                TAMP_IRQHandler
                0x00000000100005c0                DMA1_Stream5_IRQHandler
                0x00000000100005c0                TIM6_IRQHandler
                0x00000000100005c0                EXTI12_IRQHandler
                0x00000000100005c0                EXTI3_IRQHandler
                0x00000000100005c0                LPTIM4_IRQHandler
                0x00000000100005c0                EXTI8_IRQHandler
                0x00000000100005c0                LPTIM2_IRQHandler
                0x00000000100005c0                DFSDM1_FLT1_IRQHandler
                0x00000000100005c0                I2C3_ER_IRQHandler
                0x00000000100005c0                DFSDM1_FLT2_IRQHandler
                0x00000000100005c0                I2C5_EV_IRQHandler
                0x00000000100005c0                MDMA_IRQHandler
                0x00000000100005c0                IPCC_TX1_IRQHandler
                0x00000000100005c0                LPTIM3_IRQHandler
                0x00000000100005c0                EXTI0_IRQHandler
                0x00000000100005c0                I2C2_EV_IRQHandler
                0x00000000100005c0                DMA1_Stream2_IRQHandler
                0x00000000100005c0                FPU_IRQHandler
                0x00000000100005c0                USBH_OHCI_IRQHandler
                0x00000000100005c0                FDCAN1_IT1_IRQHandler
                0x00000000100005c0                LTDC_ER_IRQHandler
                0x00000000100005c0                DMA2_Stream2_IRQHandler
                0x00000000100005c0                IPCC_RX0_IRQHandler
                0x00000000100005c0                OTG_IRQHandler
                0x00000000100005c0                SPI1_IRQHandler
                0x00000000100005c0                DCMI_IRQHandler
                0x00000000100005c0                TIM8_UP_IRQHandler
                0x00000000100005c0                DMA2_Stream3_IRQHandler
                0x00000000100005c0                USBH_EHCI_IRQHandler
                0x00000000100005c0                nCTIIRQ2_IRQHandler
                0x00000000100005c0                HASH1_IRQHandler
                0x00000000100005c0                GPU_IRQHandler
                0x00000000100005c0                SAI2_IRQHandler
                0x00000000100005c0                ADC1_IRQHandler
                0x00000000100005c0                RESERVED148_IRQHandler
                0x00000000100005c0                RTC_TIMESTAMP_IRQHandler
                0x00000000100005c0                DFSDM1_FLT3_IRQHandler
                0x00000000100005c0                USART6_IRQHandler
                0x00000000100005c0                EXTI15_IRQHandler
                0x00000000100005c0                TIM17_IRQHandler
                0x00000000100005c0                USART3_IRQHandler
                0x00000000100005c0                EXTI9_IRQHandler
                0x00000000100005c0                LPTIM5_IRQHandler
                0x00000000100005c0                UART5_IRQHandler
                0x00000000100005c0                DMA2_Stream0_IRQHandler
                0x00000000100005c0                TIM4_IRQHandler
                0x00000000100005c0                RCC_WAKEUP_IRQHandler
                0x00000000100005c0                CRYP2_IRQHandler
                0x00000000100005c0                QUADSPI_IRQHandler
                0x00000000100005c0                I2C1_EV_IRQHandler
                0x00000000100005c0                DMA1_Stream6_IRQHandler
                0x00000000100005c0                RESERVED99_IRQHandler
                0x00000000100005c0                DMAMUX1_OVR_IRQHandler
                0x00000000100005c0                DMA1_Stream1_IRQHandler
                0x00000000100005c0                TIM16_IRQHandler
                0x00000000100005c0                UART4_IRQHandler
                0x00000000100005c0                TIM3_IRQHandler
                0x00000000100005c0                RCC_IRQHandler
                0x00000000100005c0                TIM1_TRG_COM_IRQHandler
                0x00000000100005c0                nCTIIRQ1_IRQHandler
                0x00000000100005c0                Default_Handler
                0x00000000100005c0                IPCC_RX1_IRQHandler
                0x00000000100005c0                CEC_IRQHandler
                0x00000000100005c0                DFSDM1_FLT4_IRQHandler
                0x00000000100005c0                TIM14_IRQHandler
                0x00000000100005c0                I2C5_ER_IRQHandler
                0x00000000100005c0                TIM13_IRQHandler
                0x00000000100005c0                DMA1_Stream7_IRQHandler
                0x00000000100005c0                IPCC_TX0_IRQHandler
                0x00000000100005c0                SPI5_IRQHandler
                0x00000000100005c0                TIM12_IRQHandler
                0x00000000100005c0                TIM7_IRQHandler
                0x00000000100005c0                SDMMC1_IRQHandler
                0x00000000100005c0                TIM5_IRQHandler
                0x00000000100005c0                DMA2_Stream7_IRQHandler
                0x00000000100005c0                TIM15_IRQHandler
                0x00000000100005c0                PVD_AVD_IRQHandler
                0x00000000100005c0                I2C3_EV_IRQHandler
                0x00000000100005c0                SDMMC3_IRQHandler
                0x00000000100005c0                ETH1_IRQHandler
                0x00000000100005c0                LTDC_IRQHandler
                0x00000000100005c0                SAI3_IRQHandler
                0x00000000100005c0                SPDIF_RX_IRQHandler
                0x00000000100005c0                ADC2_IRQHandler
                0x00000000100005c0                SPI2_IRQHandler
                0x00000000100005c0                DFSDM1_FLT5_IRQHandler
                0x00000000100005c0                DMA1_Stream0_IRQHandler
                0x00000000100005c0                EXTI14_IRQHandler
                0x00000000100005c0                EXTI11_IRQHandler
                0x00000000100005c0                CRYP1_IRQHandler
                0x00000000100005c0                RNG2_IRQHandler
                0x00000000100005c0                RNG1_IRQHandler
                0x00000000100005c0                HASH2_IRQHandler
                0x00000000100005c0                EXTI4_IRQHandler
                0x00000000100005c0                ETH1_LPI_IRQHandler
                0x00000000100005c0                FDCAN2_IT1_IRQHandler
                0x00000000100005c0                DSI_IRQHandler
                0x00000000100005c0                TIM1_UP_IRQHandler
                0x00000000100005c0                HSEM_IT2_IRQHandler
                0x00000000100005c0                SPI6_IRQHandler
                0x00000000100005c0                MDIOS_IRQHandler
                0x00000000100005c0                I2C4_EV_IRQHandler
                0x00000000100005c0                FDCAN2_IT0_IRQHandler
                0x00000000100005c0                I2C6_ER_IRQHandler
                0x00000000100005c0                FDCAN1_IT0_IRQHandler
                0x00000000100005c0                TIM2_IRQHandler
                0x00000000100005c0                EXTI7_IRQHandler
                0x00000000100005c0                TIM1_BRK_IRQHandler
                0x00000000100005c0                DAC_IRQHandler
                0x00000000100005c0                EXTI1_IRQHandler
                0x00000000100005c0                SDMMC2_IRQHandler
                0x00000000100005c0                DTS_IRQHandler
                0x00000000100005c0                UART7_IRQHandler
                0x00000000100005c0                USART2_IRQHandler
                0x00000000100005c0                I2C6_EV_IRQHandler
                0x00000000100005c0                DFSDM1_FLT0_IRQHandler
                0x00000000100005c0                SAI4_IRQHandler
                0x00000000100005c0                I2C2_ER_IRQHandler
                0x00000000100005c0                DMA2_Stream1_IRQHandler
                0x00000000100005c0                TIM8_BRK_IRQHandler
                0x00000000100005c0                WWDG1_IRQHandler
                0x00000000100005c0                DMA2_Stream4_IRQHandler
                0x00000000100005c0                USART1_IRQHandler
                0x00000000100005c0                RESERVED143_IRQHandler
                0x00000000100005c0                EXTI10_IRQHandler
                0x00000000100005c0                SPI3_IRQHandler
                0x00000000100005c0                WAKEUP_PIN_IRQHandler
                0x00000000100005c0                DMA1_Stream4_IRQHandler
                0x00000000100005c0                I2C1_ER_IRQHandler
                0x00000000100005c0                FMC_IRQHandler
                0x00000000100005c0                FDCAN_CAL_IRQHandler
                0x00000000100005c0                EXTI6_IRQHandler
                0x00000000100005c0                MPU_SEV_IRQHandler
                0x00000000100005c0                LPTIM1_IRQHandler
                0x00000000100005c0                RTC_WKUP_ALARM_IRQHandler
                0x00000000100005c0                I2C4_ER_IRQHandler
                0x00000000100005c0                DMA2_Stream6_IRQHandler
                0x00000000100005c0                SAI1_IRQHandler
                0x00000000100005c0                DMA1_Stream3_IRQHandler
                0x00000000100005c0                EXTI2_IRQHandler
 *fill*         0x00000000100005c2        0x2 
 .text.HAL_Init
                0x00000000100005c4       0x34 Drivers/STM32MP1xx_HAL_Driver/stm32mp1xx_hal.o
                0x00000000100005c4                HAL_Init
 .text.HAL_InitTick
                0x00000000100005f8       0x6c Drivers/STM32MP1xx_HAL_Driver/stm32mp1xx_hal.o
                0x00000000100005f8                HAL_InitTick
 .text.HAL_IncTick
                0x0000000010000664       0x28 Drivers/STM32MP1xx_HAL_Driver/stm32mp1xx_hal.o
                0x0000000010000664                HAL_IncTick
 .text.HAL_GetTick
                0x000000001000068c       0x18 Drivers/STM32MP1xx_HAL_Driver/stm32mp1xx_hal.o
                0x000000001000068c                HAL_GetTick
 .text.HAL_Delay
                0x00000000100006a4       0x44 Drivers/STM32MP1xx_HAL_Driver/stm32mp1xx_hal.o
                0x00000000100006a4                HAL_Delay
 .text.__NVIC_SetPriorityGrouping
                0x00000000100006e8       0x48 Drivers/STM32MP1xx_HAL_Driver/stm32mp1xx_hal_cortex.o
 .text.__NVIC_GetPriorityGrouping
                0x0000000010000730       0x1c Drivers/STM32MP1xx_HAL_Driver/stm32mp1xx_hal_cortex.o
 .text.__NVIC_SetPriority
                0x000000001000074c       0x54 Drivers/STM32MP1xx_HAL_Driver/stm32mp1xx_hal_cortex.o
 .text.NVIC_EncodePriority
                0x00000000100007a0       0x66 Drivers/STM32MP1xx_HAL_Driver/stm32mp1xx_hal_cortex.o
 *fill*         0x0000000010000806        0x2 
 .text.SysTick_Config
                0x0000000010000808       0x44 Drivers/STM32MP1xx_HAL_Driver/stm32mp1xx_hal_cortex.o
 .text.HAL_NVIC_SetPriorityGrouping
                0x000000001000084c       0x16 Drivers/STM32MP1xx_HAL_Driver/stm32mp1xx_hal_cortex.o
                0x000000001000084c                HAL_NVIC_SetPriorityGrouping
 .text.HAL_NVIC_SetPriority
                0x0000000010000862       0x38 Drivers/STM32MP1xx_HAL_Driver/stm32mp1xx_hal_cortex.o
                0x0000000010000862                HAL_NVIC_SetPriority
 .text.HAL_SYSTICK_Config
                0x000000001000089a       0x18 Drivers/STM32MP1xx_HAL_Driver/stm32mp1xx_hal_cortex.o
                0x000000001000089a                HAL_SYSTICK_Config
 *fill*         0x00000000100008b2        0x2 
 .text.HAL_GPIO_Init
                0x00000000100008b4      0x350 Drivers/STM32MP1xx_HAL_Driver/stm32mp1xx_hal_gpio.o
                0x00000000100008b4                HAL_GPIO_Init
 .text.HAL_RCC_OscConfig
                0x0000000010000c04      0x660 Drivers/STM32MP1xx_HAL_Driver/stm32mp1xx_hal_rcc.o
                0x0000000010000c04                HAL_RCC_OscConfig
 .text.HAL_RCC_HSEConfig
                0x0000000010001264       0xd6 Drivers/STM32MP1xx_HAL_Driver/stm32mp1xx_hal_rcc.o
                0x0000000010001264                HAL_RCC_HSEConfig
 .text.HAL_RCC_LSEConfig
                0x000000001000133a       0xfa Drivers/STM32MP1xx_HAL_Driver/stm32mp1xx_hal_rcc.o
                0x000000001000133a                HAL_RCC_LSEConfig
 .text.RCC_PLL1_Config
                0x0000000010001434      0x308 Drivers/STM32MP1xx_HAL_Driver/stm32mp1xx_hal_rcc.o
                0x0000000010001434                RCC_PLL1_Config
 .text.HAL_RCC_ClockConfig
                0x000000001000173c      0x224 Drivers/STM32MP1xx_HAL_Driver/stm32mp1xx_hal_rcc.o
                0x000000001000173c                HAL_RCC_ClockConfig
 .text.RCC_MPUConfig
                0x0000000010001960       0xec Drivers/STM32MP1xx_HAL_Driver/stm32mp1xx_hal_rcc.o
                0x0000000010001960                RCC_MPUConfig
 .text.RCC_AXISSConfig
                0x0000000010001a4c      0x126 Drivers/STM32MP1xx_HAL_Driver/stm32mp1xx_hal_rcc.o
                0x0000000010001a4c                RCC_AXISSConfig
 *fill*         0x0000000010001b72        0x2 
 .text.RCC_MCUConfig
                0x0000000010001b74      0x150 Drivers/STM32MP1xx_HAL_Driver/stm32mp1xx_hal_rcc.o
                0x0000000010001b74                RCC_MCUConfig
 .text.HAL_RCC_GetPLL2ClockFreq
                0x0000000010001cc4      0x1cc Drivers/STM32MP1xx_HAL_Driver/stm32mp1xx_hal_rcc.o
                0x0000000010001cc4                HAL_RCC_GetPLL2ClockFreq
 .text.HAL_RCC_GetPLL3ClockFreq
                0x0000000010001e90      0x1f4 Drivers/STM32MP1xx_HAL_Driver/stm32mp1xx_hal_rcc.o
                0x0000000010001e90                HAL_RCC_GetPLL3ClockFreq
 .text.HAL_RCC_GetPLL4ClockFreq
                0x0000000010002084      0x210 Drivers/STM32MP1xx_HAL_Driver/stm32mp1xx_hal_rcc.o
                0x0000000010002084                HAL_RCC_GetPLL4ClockFreq
 .text.HAL_RCC_GetPCLK1Freq
                0x0000000010002294       0x36 Drivers/STM32MP1xx_HAL_Driver/stm32mp1xx_hal_rcc.o
                0x0000000010002294                HAL_RCC_GetPCLK1Freq
 .text.HAL_RCC_GetPCLK2Freq
                0x00000000100022ca       0x36 Drivers/STM32MP1xx_HAL_Driver/stm32mp1xx_hal_rcc.o
                0x00000000100022ca                HAL_RCC_GetPCLK2Freq
 .text.HAL_RCC_GetPCLK5Freq
                0x0000000010002300       0x34 Drivers/STM32MP1xx_HAL_Driver/stm32mp1xx_hal_rcc.o
                0x0000000010002300                HAL_RCC_GetPCLK5Freq
 .text.HAL_RCC_GetACLKFreq
                0x0000000010002334       0x3a Drivers/STM32MP1xx_HAL_Driver/stm32mp1xx_hal_rcc.o
                0x0000000010002334                HAL_RCC_GetACLKFreq
 .text.HAL_RCC_GetMCUFreq
                0x000000001000236e       0x36 Drivers/STM32MP1xx_HAL_Driver/stm32mp1xx_hal_rcc.o
                0x000000001000236e                HAL_RCC_GetMCUFreq
 .text.HAL_RCC_GetSystemCoreClockFreq
                0x00000000100023a4        0xe Drivers/STM32MP1xx_HAL_Driver/stm32mp1xx_hal_rcc.o
                0x00000000100023a4                HAL_RCC_GetSystemCoreClockFreq
 *fill*         0x00000000100023b2        0x2 
 .text.HAL_RCC_GetAXISSFreq
                0x00000000100023b4       0x78 Drivers/STM32MP1xx_HAL_Driver/stm32mp1xx_hal_rcc.o
                0x00000000100023b4                HAL_RCC_GetAXISSFreq
 .text.HAL_RCC_GetMCUSSFreq
                0x000000001000242c       0x74 Drivers/STM32MP1xx_HAL_Driver/stm32mp1xx_hal_rcc.o
                0x000000001000242c                HAL_RCC_GetMCUSSFreq
 .text.RCCEx_PLL2_Config
                0x00000000100024a0      0x304 Drivers/STM32MP1xx_HAL_Driver/stm32mp1xx_hal_rcc_ex.o
                0x00000000100024a0                RCCEx_PLL2_Config
 .text.RCCEx_PLL3_Config
                0x00000000100027a4      0x2d4 Drivers/STM32MP1xx_HAL_Driver/stm32mp1xx_hal_rcc_ex.o
                0x00000000100027a4                RCCEx_PLL3_Config
 .text.RCCEx_PLL4_Config
                0x0000000010002a78      0x2b0 Drivers/STM32MP1xx_HAL_Driver/stm32mp1xx_hal_rcc_ex.o
                0x0000000010002a78                RCCEx_PLL4_Config
 .text.HAL_RCCEx_PeriphCLKConfig
                0x0000000010002d28     0x18cc Drivers/STM32MP1xx_HAL_Driver/stm32mp1xx_hal_rcc_ex.o
                0x0000000010002d28                HAL_RCCEx_PeriphCLKConfig
 .text.HAL_TIM_PWM_Init
                0x00000000100045f4       0x56 Drivers/STM32MP1xx_HAL_Driver/stm32mp1xx_hal_tim.o
                0x00000000100045f4                HAL_TIM_PWM_Init
 *fill*         0x000000001000464a        0x2 
 .text.HAL_TIM_PWM_Start
                0x000000001000464c       0xac Drivers/STM32MP1xx_HAL_Driver/stm32mp1xx_hal_tim.o
                0x000000001000464c                HAL_TIM_PWM_Start
 .text.HAL_TIM_PWM_ConfigChannel
                0x00000000100046f8      0x230 Drivers/STM32MP1xx_HAL_Driver/stm32mp1xx_hal_tim.o
                0x00000000100046f8                HAL_TIM_PWM_ConfigChannel
 .text.TIM_Base_SetConfig
                0x0000000010004928      0x130 Drivers/STM32MP1xx_HAL_Driver/stm32mp1xx_hal_tim.o
                0x0000000010004928                TIM_Base_SetConfig
 .text.TIM_OC1_SetConfig
                0x0000000010004a58      0x11c Drivers/STM32MP1xx_HAL_Driver/stm32mp1xx_hal_tim.o
 .text.TIM_OC2_SetConfig
                0x0000000010004b74      0x110 Drivers/STM32MP1xx_HAL_Driver/stm32mp1xx_hal_tim.o
                0x0000000010004b74                TIM_OC2_SetConfig
 .text.TIM_OC3_SetConfig
                0x0000000010004c84      0x10c Drivers/STM32MP1xx_HAL_Driver/stm32mp1xx_hal_tim.o
 .text.TIM_OC4_SetConfig
                0x0000000010004d90       0xd0 Drivers/STM32MP1xx_HAL_Driver/stm32mp1xx_hal_tim.o
 .text.TIM_OC5_SetConfig
                0x0000000010004e60       0xc4 Drivers/STM32MP1xx_HAL_Driver/stm32mp1xx_hal_tim.o
 .text.TIM_OC6_SetConfig
                0x0000000010004f24       0xc8 Drivers/STM32MP1xx_HAL_Driver/stm32mp1xx_hal_tim.o
 .text.TIM_CCxChannelCmd
                0x0000000010004fec       0x4a Drivers/STM32MP1xx_HAL_Driver/stm32mp1xx_hal_tim.o
                0x0000000010004fec                TIM_CCxChannelCmd
 *fill*         0x0000000010005036        0x2 
 .text.HAL_TIMEx_MasterConfigSynchronization
                0x0000000010005038       0xb4 Drivers/STM32MP1xx_HAL_Driver/stm32mp1xx_hal_tim_ex.o
                0x0000000010005038                HAL_TIMEx_MasterConfigSynchronization
 .text.HAL_UART_Init
                0x00000000100050ec       0xa0 Drivers/STM32MP1xx_HAL_Driver/stm32mp1xx_hal_uart.o
                0x00000000100050ec                HAL_UART_Init
 .text.HAL_UART_Transmit
                0x000000001000518c      0x12e Drivers/STM32MP1xx_HAL_Driver/stm32mp1xx_hal_uart.o
                0x000000001000518c                HAL_UART_Transmit
 *fill*         0x00000000100052ba        0x2 
 .text.UART_SetConfig
                0x00000000100052bc     0x12d8 Drivers/STM32MP1xx_HAL_Driver/stm32mp1xx_hal_uart.o
                0x00000000100052bc                UART_SetConfig
 .text.UART_AdvFeatureConfig
                0x0000000010006594      0x144 Drivers/STM32MP1xx_HAL_Driver/stm32mp1xx_hal_uart.o
                0x0000000010006594                UART_AdvFeatureConfig
 .text.UART_CheckIdleState
                0x00000000100066d8       0x90 Drivers/STM32MP1xx_HAL_Driver/stm32mp1xx_hal_uart.o
                0x00000000100066d8                UART_CheckIdleState
 .text.UART_WaitOnFlagUntilTimeout
                0x0000000010006768      0x100 Drivers/STM32MP1xx_HAL_Driver/stm32mp1xx_hal_uart.o
                0x0000000010006768                UART_WaitOnFlagUntilTimeout
 .text.HAL_UARTEx_DisableFifoMode
                0x0000000010006868       0x72 Drivers/STM32MP1xx_HAL_Driver/stm32mp1xx_hal_uart_ex.o
                0x0000000010006868                HAL_UARTEx_DisableFifoMode
 .text.HAL_UARTEx_SetTxFifoThreshold
                0x00000000100068da       0x7c Drivers/STM32MP1xx_HAL_Driver/stm32mp1xx_hal_uart_ex.o
                0x00000000100068da                HAL_UARTEx_SetTxFifoThreshold
 .text.HAL_UARTEx_SetRxFifoThreshold
                0x0000000010006956       0x7c Drivers/STM32MP1xx_HAL_Driver/stm32mp1xx_hal_uart_ex.o
                0x0000000010006956                HAL_UARTEx_SetRxFifoThreshold
 *fill*         0x00000000100069d2        0x2 
 .text.UARTEx_SetNbDataToProcess
                0x00000000100069d4       0xd0 Drivers/STM32MP1xx_HAL_Driver/stm32mp1xx_hal_uart_ex.o
 .text.__libc_init_array
                0x0000000010006aa4       0x48 /Applications/STM32CubeIDE.app/Contents/Eclipse/plugins/com.st.stm32cube.ide.mcu.externaltools.gnu-tools-for-stm32.7-2018-q2-update.macos64_1.4.0.202007081208/tools/bin/../lib/gcc/arm-none-eabi/7.3.1/../../../../arm-none-eabi/lib/thumb/v7e-m/fpv4-sp/hard/libc_nano.a(lib_a-init.o)
                0x0000000010006aa4                __libc_init_array
 .text.memset   0x0000000010006aec       0x10 /Applications/STM32CubeIDE.app/Contents/Eclipse/plugins/com.st.stm32cube.ide.mcu.externaltools.gnu-tools-for-stm32.7-2018-q2-update.macos64_1.4.0.202007081208/tools/bin/../lib/gcc/arm-none-eabi/7.3.1/../../../../arm-none-eabi/lib/thumb/v7e-m/fpv4-sp/hard/libc_nano.a(lib_a-memset.o)
                0x0000000010006aec                memset
 *(.glue_7)
 .glue_7        0x0000000010006afc        0x0 linker stubs
 *(.glue_7t)
 .glue_7t       0x0000000010006afc        0x0 linker stubs
 *(.eh_frame)
 .eh_frame      0x0000000010006afc        0x0 /Applications/STM32CubeIDE.app/Contents/Eclipse/plugins/com.st.stm32cube.ide.mcu.externaltools.gnu-tools-for-stm32.7-2018-q2-update.macos64_1.4.0.202007081208/tools/bin/../lib/gcc/arm-none-eabi/7.3.1/thumb/v7e-m/fpv4-sp/hard/crtbegin.o
 *(.init)
 .init          0x0000000010006afc        0x4 /Applications/STM32CubeIDE.app/Contents/Eclipse/plugins/com.st.stm32cube.ide.mcu.externaltools.gnu-tools-for-stm32.7-2018-q2-update.macos64_1.4.0.202007081208/tools/bin/../lib/gcc/arm-none-eabi/7.3.1/thumb/v7e-m/fpv4-sp/hard/crti.o
                0x0000000010006afc                _init
 .init          0x0000000010006b00        0x8 /Applications/STM32CubeIDE.app/Contents/Eclipse/plugins/com.st.stm32cube.ide.mcu.externaltools.gnu-tools-for-stm32.7-2018-q2-update.macos64_1.4.0.202007081208/tools/bin/../lib/gcc/arm-none-eabi/7.3.1/thumb/v7e-m/fpv4-sp/hard/crtn.o
 *(.fini)
 .fini          0x0000000010006b08        0x4 /Applications/STM32CubeIDE.app/Contents/Eclipse/plugins/com.st.stm32cube.ide.mcu.externaltools.gnu-tools-for-stm32.7-2018-q2-update.macos64_1.4.0.202007081208/tools/bin/../lib/gcc/arm-none-eabi/7.3.1/thumb/v7e-m/fpv4-sp/hard/crti.o
                0x0000000010006b08                _fini
 .fini          0x0000000010006b0c        0x8 /Applications/STM32CubeIDE.app/Contents/Eclipse/plugins/com.st.stm32cube.ide.mcu.externaltools.gnu-tools-for-stm32.7-2018-q2-update.macos64_1.4.0.202007081208/tools/bin/../lib/gcc/arm-none-eabi/7.3.1/thumb/v7e-m/fpv4-sp/hard/crtn.o
                0x0000000010006b14                . = ALIGN (0x4)
                0x0000000010006b14                _etext = .

.vfp11_veneer   0x0000000010006b14        0x0
 .vfp11_veneer  0x0000000010006b14        0x0 linker stubs

.v4_bx          0x0000000010006b14        0x0
 .v4_bx         0x0000000010006b14        0x0 linker stubs

.iplt           0x0000000010006b14        0x0
 .iplt          0x0000000010006b14        0x0 /Applications/STM32CubeIDE.app/Contents/Eclipse/plugins/com.st.stm32cube.ide.mcu.externaltools.gnu-tools-for-stm32.7-2018-q2-update.macos64_1.4.0.202007081208/tools/bin/../lib/gcc/arm-none-eabi/7.3.1/thumb/v7e-m/fpv4-sp/hard/crtbegin.o

.startup_copro_fw.Reset_Handler
                0x0000000010006b14       0x50
 .startup_copro_fw.Reset_Handler
                0x0000000010006b14       0x50 Core/Startup/startup_stm32mp157cacx.o
                0x0000000010006b14                Reset_Handler

.rodata         0x0000000010006b64       0x44
                0x0000000010006b64                . = ALIGN (0x4)
 *(.rodata)
 .rodata        0x0000000010006b64       0x32 Core/Src/main.o
 *fill*         0x0000000010006b96        0x2 
 .rodata        0x0000000010006b98       0x10 Drivers/STM32MP1xx_HAL_Driver/stm32mp1xx_hal_uart_ex.o
 *(.rodata*)
                0x0000000010006ba8                . = ALIGN (0x4)

.rel.dyn        0x0000000010006ba8        0x0
 .rel.iplt      0x0000000010006ba8        0x0 /Applications/STM32CubeIDE.app/Contents/Eclipse/plugins/com.st.stm32cube.ide.mcu.externaltools.gnu-tools-for-stm32.7-2018-q2-update.macos64_1.4.0.202007081208/tools/bin/../lib/gcc/arm-none-eabi/7.3.1/thumb/v7e-m/fpv4-sp/hard/crtbegin.o

.ARM.extab      0x0000000010006ba8        0x0
                0x0000000010006ba8                . = ALIGN (0x4)
 *(.ARM.extab* .gnu.linkonce.armextab.*)
                0x0000000010006ba8                . = ALIGN (0x4)

.ARM            0x0000000010006ba8        0x0
                0x0000000010006ba8                . = ALIGN (0x4)
                0x0000000010006ba8                __exidx_start = .
 *(.ARM.exidx*)
                0x0000000010006ba8                __exidx_end = .
                0x0000000010006ba8                . = ALIGN (0x4)

.preinit_array  0x0000000010006ba8        0x0
                0x0000000010006ba8                . = ALIGN (0x4)
                0x0000000010006ba8                PROVIDE (__preinit_array_start = .)
 *(.preinit_array*)
                0x0000000010006ba8                PROVIDE (__preinit_array_end = .)
                0x0000000010006ba8                . = ALIGN (0x4)

.init_array     0x0000000010006ba8        0x4
                0x0000000010006ba8                . = ALIGN (0x4)
                0x0000000010006ba8                PROVIDE (__init_array_start = .)
 *(SORT_BY_NAME(.init_array.*))
 *(.init_array*)
 .init_array    0x0000000010006ba8        0x4 /Applications/STM32CubeIDE.app/Contents/Eclipse/plugins/com.st.stm32cube.ide.mcu.externaltools.gnu-tools-for-stm32.7-2018-q2-update.macos64_1.4.0.202007081208/tools/bin/../lib/gcc/arm-none-eabi/7.3.1/thumb/v7e-m/fpv4-sp/hard/crtbegin.o
                0x0000000010006bac                PROVIDE (__init_array_end = .)
                0x0000000010006bac                . = ALIGN (0x4)

.fini_array     0x0000000010006bac        0x4
                0x0000000010006bac                . = ALIGN (0x4)
                [!provide]                        PROVIDE (__fini_array_start = .)
 *(SORT_BY_NAME(.fini_array.*))
 *(.fini_array*)
 .fini_array    0x0000000010006bac        0x4 /Applications/STM32CubeIDE.app/Contents/Eclipse/plugins/com.st.stm32cube.ide.mcu.externaltools.gnu-tools-for-stm32.7-2018-q2-update.macos64_1.4.0.202007081208/tools/bin/../lib/gcc/arm-none-eabi/7.3.1/thumb/v7e-m/fpv4-sp/hard/crtbegin.o
                [!provide]                        PROVIDE (__fini_array_end = .)
                0x0000000010006bb0                . = ALIGN (0x4)
                0x0000000010006bb0                __DATA_ROM = .
                0x0000000010006bb0                _sidata = LOADADDR (.data)

.data           0x0000000010020000        0xc load address 0x0000000010006bb0
                0x0000000010020000                . = ALIGN (0x4)
                0x0000000010020000                _sdata = .
 *(.data)
 *(.data*)
 .data.SystemCoreClock
                0x0000000010020000        0x4 Common/System/system_stm32mp1xx.o
                0x0000000010020000                SystemCoreClock
 .data.uwTickPrio
                0x0000000010020004        0x4 Drivers/STM32MP1xx_HAL_Driver/stm32mp1xx_hal.o
                0x0000000010020004                uwTickPrio
 .data.uwTickFreq
                0x0000000010020008        0x1 Drivers/STM32MP1xx_HAL_Driver/stm32mp1xx_hal.o
                0x0000000010020008                uwTickFreq
                0x000000001002000c                . = ALIGN (0x4)
 *fill*         0x0000000010020009        0x3 
                0x000000001002000c                _edata = .
                0x0000000010006bbc                __DATA_END = (__DATA_ROM + (_edata - _sdata))
                0x0000000010020000                text_end = (ORIGIN (m_text) + LENGTH (m_text))
                0x0000000000000001                ASSERT ((__DATA_END <= text_end), region m_text overflowed with text and data)

.igot.plt       0x000000001002000c        0x0 load address 0x0000000010006bbc
 .igot.plt      0x000000001002000c        0x0 /Applications/STM32CubeIDE.app/Contents/Eclipse/plugins/com.st.stm32cube.ide.mcu.externaltools.gnu-tools-for-stm32.7-2018-q2-update.macos64_1.4.0.202007081208/tools/bin/../lib/gcc/arm-none-eabi/7.3.1/thumb/v7e-m/fpv4-sp/hard/crtbegin.o

.resource_table
                0x000000001002000c        0x0
                0x000000001002000c                . = ALIGN (0x4)
 *(.resource_table*)
                0x000000001002000c                . = ALIGN (0x4)
                0x000000001002000c                . = ALIGN (0x4)

.bss            0x000000001002000c       0xf4 load address 0x0000000010006bbc
                0x000000001002000c                _sbss = .
                0x000000001002000c                __bss_start__ = _sbss
 *(.bss)
 .bss           0x000000001002000c       0x1c /Applications/STM32CubeIDE.app/Contents/Eclipse/plugins/com.st.stm32cube.ide.mcu.externaltools.gnu-tools-for-stm32.7-2018-q2-update.macos64_1.4.0.202007081208/tools/bin/../lib/gcc/arm-none-eabi/7.3.1/thumb/v7e-m/fpv4-sp/hard/crtbegin.o
 *(.bss*)
 *(COMMON)
 COMMON         0x0000000010020028       0x40 Core/Src/tim.o
                0x0000000010020028                htim5
 COMMON         0x0000000010020068       0x94 Core/Src/usart.o
                0x0000000010020068                huart2
 COMMON         0x00000000100200fc        0x4 Drivers/STM32MP1xx_HAL_Driver/stm32mp1xx_hal.o
                0x00000000100200fc                uwTick
                0x0000000010020100                . = ALIGN (0x4)
                0x0000000010020100                _ebss = .
                0x0000000010020100                __bss_end__ = _ebss

._user_heap_stack
                0x0000000010020100      0x600 load address 0x0000000010006cb0
                0x0000000010020100                . = ALIGN (0x8)
                [!provide]                        PROVIDE (end = .)
                0x0000000010020100                PROVIDE (_end = .)
                0x0000000010020300                . = (. + _Min_Heap_Size)
 *fill*         0x0000000010020100      0x200 
                0x0000000010020700                . = (. + _Min_Stack_Size)
 *fill*         0x0000000010020300      0x400 
                0x0000000010020700                . = ALIGN (0x8)

/DISCARD/
 libc.a(*)
 libm.a(*)
 libgcc.a(*)

.ARM.attributes
                0x0000000000000000       0x30
 *(.ARM.attributes)
 .ARM.attributes
                0x0000000000000000       0x22 /Applications/STM32CubeIDE.app/Contents/Eclipse/plugins/com.st.stm32cube.ide.mcu.externaltools.gnu-tools-for-stm32.7-2018-q2-update.macos64_1.4.0.202007081208/tools/bin/../lib/gcc/arm-none-eabi/7.3.1/thumb/v7e-m/fpv4-sp/hard/crti.o
 .ARM.attributes
                0x0000000000000022       0x34 /Applications/STM32CubeIDE.app/Contents/Eclipse/plugins/com.st.stm32cube.ide.mcu.externaltools.gnu-tools-for-stm32.7-2018-q2-update.macos64_1.4.0.202007081208/tools/bin/../lib/gcc/arm-none-eabi/7.3.1/thumb/v7e-m/fpv4-sp/hard/crtbegin.o
 .ARM.attributes
                0x0000000000000056       0x39 Common/System/system_stm32mp1xx.o
 .ARM.attributes
                0x000000000000008f       0x39 Core/Src/gpio.o
 .ARM.attributes
                0x00000000000000c8       0x39 Core/Src/main.o
 .ARM.attributes
                0x0000000000000101       0x39 Core/Src/stm32mp1xx_hal_msp.o
 .ARM.attributes
                0x000000000000013a       0x39 Core/Src/stm32mp1xx_it.o
 .ARM.attributes
                0x0000000000000173       0x39 Core/Src/tim.o
 .ARM.attributes
                0x00000000000001ac       0x39 Core/Src/usart.o
 .ARM.attributes
                0x00000000000001e5       0x21 Core/Startup/startup_stm32mp157cacx.o
 .ARM.attributes
                0x0000000000000206       0x39 Drivers/STM32MP1xx_HAL_Driver/stm32mp1xx_hal.o
 .ARM.attributes
                0x000000000000023f       0x39 Drivers/STM32MP1xx_HAL_Driver/stm32mp1xx_hal_cortex.o
 .ARM.attributes
                0x0000000000000278       0x39 Drivers/STM32MP1xx_HAL_Driver/stm32mp1xx_hal_gpio.o
 .ARM.attributes
                0x00000000000002b1       0x39 Drivers/STM32MP1xx_HAL_Driver/stm32mp1xx_hal_rcc.o
 .ARM.attributes
                0x00000000000002ea       0x39 Drivers/STM32MP1xx_HAL_Driver/stm32mp1xx_hal_rcc_ex.o
 .ARM.attributes
                0x0000000000000323       0x39 Drivers/STM32MP1xx_HAL_Driver/stm32mp1xx_hal_tim.o
 .ARM.attributes
                0x000000000000035c       0x39 Drivers/STM32MP1xx_HAL_Driver/stm32mp1xx_hal_tim_ex.o
 .ARM.attributes
                0x0000000000000395       0x39 Drivers/STM32MP1xx_HAL_Driver/stm32mp1xx_hal_uart.o
 .ARM.attributes
                0x00000000000003ce       0x39 Drivers/STM32MP1xx_HAL_Driver/stm32mp1xx_hal_uart_ex.o
 .ARM.attributes
                0x0000000000000407       0x34 /Applications/STM32CubeIDE.app/Contents/Eclipse/plugins/com.st.stm32cube.ide.mcu.externaltools.gnu-tools-for-stm32.7-2018-q2-update.macos64_1.4.0.202007081208/tools/bin/../lib/gcc/arm-none-eabi/7.3.1/../../../../arm-none-eabi/lib/thumb/v7e-m/fpv4-sp/hard/libc_nano.a(lib_a-init.o)
 .ARM.attributes
                0x000000000000043b       0x34 /Applications/STM32CubeIDE.app/Contents/Eclipse/plugins/com.st.stm32cube.ide.mcu.externaltools.gnu-tools-for-stm32.7-2018-q2-update.macos64_1.4.0.202007081208/tools/bin/../lib/gcc/arm-none-eabi/7.3.1/../../../../arm-none-eabi/lib/thumb/v7e-m/fpv4-sp/hard/libc_nano.a(lib_a-memset.o)
 .ARM.attributes
                0x000000000000046f       0x1b /Applications/STM32CubeIDE.app/Contents/Eclipse/plugins/com.st.stm32cube.ide.mcu.externaltools.gnu-tools-for-stm32.7-2018-q2-update.macos64_1.4.0.202007081208/tools/bin/../lib/gcc/arm-none-eabi/7.3.1/../../../../arm-none-eabi/lib/thumb/v7e-m/fpv4-sp/hard/libc_nano.a(lib_a-strlen.o)
 .ARM.attributes
                0x000000000000048a       0x22 /Applications/STM32CubeIDE.app/Contents/Eclipse/plugins/com.st.stm32cube.ide.mcu.externaltools.gnu-tools-for-stm32.7-2018-q2-update.macos64_1.4.0.202007081208/tools/bin/../lib/gcc/arm-none-eabi/7.3.1/thumb/v7e-m/fpv4-sp/hard/crtn.o
OUTPUT(testMP1_CM4.elf elf32-littlearm)

.debug_info     0x0000000000000000    0x1d7a0
 .debug_info    0x0000000000000000     0x1a76 Common/System/system_stm32mp1xx.o
 .debug_info    0x0000000000001a76     0x17c1 Core/Src/gpio.o
 .debug_info    0x0000000000003237     0x1bd0 Core/Src/main.o
 .debug_info    0x0000000000004e07     0x17c1 Core/Src/stm32mp1xx_hal_msp.o
 .debug_info    0x00000000000065c8      0x9da Core/Src/stm32mp1xx_it.o
 .debug_info    0x0000000000006fa2     0x222b Core/Src/tim.o
 .debug_info    0x00000000000091cd     0x297c Core/Src/usart.o
 .debug_info    0x000000000000bb49       0x22 Core/Startup/startup_stm32mp157cacx.o
 .debug_info    0x000000000000bb6b     0x1563 Drivers/STM32MP1xx_HAL_Driver/stm32mp1xx_hal.o
 .debug_info    0x000000000000d0ce     0x171e Drivers/STM32MP1xx_HAL_Driver/stm32mp1xx_hal_cortex.o
 .debug_info    0x000000000000e7ec     0x125c Drivers/STM32MP1xx_HAL_Driver/stm32mp1xx_hal_gpio.o
 .debug_info    0x000000000000fa48     0x2497 Drivers/STM32MP1xx_HAL_Driver/stm32mp1xx_hal_rcc.o
 .debug_info    0x0000000000011edf     0x1f40 Drivers/STM32MP1xx_HAL_Driver/stm32mp1xx_hal_rcc_ex.o
 .debug_info    0x0000000000013e1f     0x2f44 Drivers/STM32MP1xx_HAL_Driver/stm32mp1xx_hal_tim.o
 .debug_info    0x0000000000016d63     0x1d90 Drivers/STM32MP1xx_HAL_Driver/stm32mp1xx_hal_tim_ex.o
 .debug_info    0x0000000000018af3     0x3483 Drivers/STM32MP1xx_HAL_Driver/stm32mp1xx_hal_uart.o
 .debug_info    0x000000000001bf76     0x182a Drivers/STM32MP1xx_HAL_Driver/stm32mp1xx_hal_uart_ex.o

.debug_abbrev   0x0000000000000000     0x2619
 .debug_abbrev  0x0000000000000000      0x1f4 Common/System/system_stm32mp1xx.o
 .debug_abbrev  0x00000000000001f4      0x1b1 Core/Src/gpio.o
 .debug_abbrev  0x00000000000003a5      0x24b Core/Src/main.o
 .debug_abbrev  0x00000000000005f0      0x1b1 Core/Src/stm32mp1xx_hal_msp.o
 .debug_abbrev  0x00000000000007a1      0x1ad Core/Src/stm32mp1xx_it.o
 .debug_abbrev  0x000000000000094e      0x22e Core/Src/tim.o
 .debug_abbrev  0x0000000000000b7c      0x210 Core/Src/usart.o
 .debug_abbrev  0x0000000000000d8c       0x12 Core/Startup/startup_stm32mp157cacx.o
 .debug_abbrev  0x0000000000000d9e      0x2d5 Drivers/STM32MP1xx_HAL_Driver/stm32mp1xx_hal.o
 .debug_abbrev  0x0000000000001073      0x3a4 Drivers/STM32MP1xx_HAL_Driver/stm32mp1xx_hal_cortex.o
 .debug_abbrev  0x0000000000001417      0x264 Drivers/STM32MP1xx_HAL_Driver/stm32mp1xx_hal_gpio.o
 .debug_abbrev  0x000000000000167b      0x2bb Drivers/STM32MP1xx_HAL_Driver/stm32mp1xx_hal_rcc.o
 .debug_abbrev  0x0000000000001936      0x27a Drivers/STM32MP1xx_HAL_Driver/stm32mp1xx_hal_rcc_ex.o
 .debug_abbrev  0x0000000000001bb0      0x2bd Drivers/STM32MP1xx_HAL_Driver/stm32mp1xx_hal_tim.o
 .debug_abbrev  0x0000000000001e6d      0x2ab Drivers/STM32MP1xx_HAL_Driver/stm32mp1xx_hal_tim_ex.o
 .debug_abbrev  0x0000000000002118      0x292 Drivers/STM32MP1xx_HAL_Driver/stm32mp1xx_hal_uart.o
 .debug_abbrev  0x00000000000023aa      0x26f Drivers/STM32MP1xx_HAL_Driver/stm32mp1xx_hal_uart_ex.o

.debug_aranges  0x0000000000000000      0xe30
 .debug_aranges
                0x0000000000000000       0x28 Common/System/system_stm32mp1xx.o
 .debug_aranges
                0x0000000000000028       0x20 Core/Src/gpio.o
 .debug_aranges
                0x0000000000000048       0x30 Core/Src/main.o
 .debug_aranges
                0x0000000000000078       0x20 Core/Src/stm32mp1xx_hal_msp.o
 .debug_aranges
                0x0000000000000098       0x60 Core/Src/stm32mp1xx_it.o
 .debug_aranges
                0x00000000000000f8       0x38 Core/Src/tim.o
 .debug_aranges
                0x0000000000000130       0x30 Core/Src/usart.o
 .debug_aranges
                0x0000000000000160       0x28 Core/Startup/startup_stm32mp157cacx.o
 .debug_aranges
                0x0000000000000188      0x160 Drivers/STM32MP1xx_HAL_Driver/stm32mp1xx_hal.o
 .debug_aranges
                0x00000000000002e8      0x100 Drivers/STM32MP1xx_HAL_Driver/stm32mp1xx_hal_cortex.o
 .debug_aranges
                0x00000000000003e8       0x60 Drivers/STM32MP1xx_HAL_Driver/stm32mp1xx_hal_gpio.o
 .debug_aranges
                0x0000000000000448      0x160 Drivers/STM32MP1xx_HAL_Driver/stm32mp1xx_hal_rcc.o
 .debug_aranges
                0x00000000000005a8       0x58 Drivers/STM32MP1xx_HAL_Driver/stm32mp1xx_hal_rcc_ex.o
 .debug_aranges
                0x0000000000000600      0x3b8 Drivers/STM32MP1xx_HAL_Driver/stm32mp1xx_hal_tim.o
 .debug_aranges
                0x00000000000009b8      0x180 Drivers/STM32MP1xx_HAL_Driver/stm32mp1xx_hal_tim_ex.o
 .debug_aranges
                0x0000000000000b38      0x270 Drivers/STM32MP1xx_HAL_Driver/stm32mp1xx_hal_uart.o
 .debug_aranges
                0x0000000000000da8       0x88 Drivers/STM32MP1xx_HAL_Driver/stm32mp1xx_hal_uart_ex.o

.debug_ranges   0x0000000000000000      0xd28
 .debug_ranges  0x0000000000000000       0x18 Common/System/system_stm32mp1xx.o
 .debug_ranges  0x0000000000000018       0x10 Core/Src/gpio.o
 .debug_ranges  0x0000000000000028       0x20 Core/Src/main.o
 .debug_ranges  0x0000000000000048       0x10 Core/Src/stm32mp1xx_hal_msp.o
 .debug_ranges  0x0000000000000058       0x50 Core/Src/stm32mp1xx_it.o
 .debug_ranges  0x00000000000000a8       0x28 Core/Src/tim.o
 .debug_ranges  0x00000000000000d0       0x20 Core/Src/usart.o
 .debug_ranges  0x00000000000000f0       0x20 Core/Startup/startup_stm32mp157cacx.o
 .debug_ranges  0x0000000000000110      0x150 Drivers/STM32MP1xx_HAL_Driver/stm32mp1xx_hal.o
 .debug_ranges  0x0000000000000260       0xf0 Drivers/STM32MP1xx_HAL_Driver/stm32mp1xx_hal_cortex.o
 .debug_ranges  0x0000000000000350       0x50 Drivers/STM32MP1xx_HAL_Driver/stm32mp1xx_hal_gpio.o
 .debug_ranges  0x00000000000003a0      0x150 Drivers/STM32MP1xx_HAL_Driver/stm32mp1xx_hal_rcc.o
 .debug_ranges  0x00000000000004f0       0x48 Drivers/STM32MP1xx_HAL_Driver/stm32mp1xx_hal_rcc_ex.o
 .debug_ranges  0x0000000000000538      0x3a8 Drivers/STM32MP1xx_HAL_Driver/stm32mp1xx_hal_tim.o
 .debug_ranges  0x00000000000008e0      0x170 Drivers/STM32MP1xx_HAL_Driver/stm32mp1xx_hal_tim_ex.o
 .debug_ranges  0x0000000000000a50      0x260 Drivers/STM32MP1xx_HAL_Driver/stm32mp1xx_hal_uart.o
 .debug_ranges  0x0000000000000cb0       0x78 Drivers/STM32MP1xx_HAL_Driver/stm32mp1xx_hal_uart_ex.o

.debug_macro    0x0000000000000000    0x38f0f
 .debug_macro   0x0000000000000000      0x31b Common/System/system_stm32mp1xx.o
 .debug_macro   0x000000000000031b      0xa60 Common/System/system_stm32mp1xx.o
 .debug_macro   0x0000000000000d7b       0xe6 Common/System/system_stm32mp1xx.o
 .debug_macro   0x0000000000000e61       0x2e Common/System/system_stm32mp1xx.o
 .debug_macro   0x0000000000000e8f       0x3a Common/System/system_stm32mp1xx.o
 .debug_macro   0x0000000000000ec9       0x22 Common/System/system_stm32mp1xx.o
 .debug_macro   0x0000000000000eeb       0x8e Common/System/system_stm32mp1xx.o
 .debug_macro   0x0000000000000f79       0x51 Common/System/system_stm32mp1xx.o
 .debug_macro   0x0000000000000fca       0xef Common/System/system_stm32mp1xx.o
 .debug_macro   0x00000000000010b9       0x6a Common/System/system_stm32mp1xx.o
 .debug_macro   0x0000000000001123      0x1df Common/System/system_stm32mp1xx.o
 .debug_macro   0x0000000000001302       0x1c Common/System/system_stm32mp1xx.o
 .debug_macro   0x000000000000131e       0x22 Common/System/system_stm32mp1xx.o
 .debug_macro   0x0000000000001340       0xdf Common/System/system_stm32mp1xx.o
 .debug_macro   0x000000000000141f     0x102d Common/System/system_stm32mp1xx.o
 .debug_macro   0x000000000000244c      0x11f Common/System/system_stm32mp1xx.o
 .debug_macro   0x000000000000256b    0x2d564 Common/System/system_stm32mp1xx.o
 .debug_macro   0x000000000002facf       0x43 Common/System/system_stm32mp1xx.o
 .debug_macro   0x000000000002fb12       0x46 Common/System/system_stm32mp1xx.o
 .debug_macro   0x000000000002fb58       0x18 Common/System/system_stm32mp1xx.o
 .debug_macro   0x000000000002fb70       0x3c Common/System/system_stm32mp1xx.o
 .debug_macro   0x000000000002fbac       0x34 Common/System/system_stm32mp1xx.o
 .debug_macro   0x000000000002fbe0       0x16 Common/System/system_stm32mp1xx.o
 .debug_macro   0x000000000002fbf6       0x97 Common/System/system_stm32mp1xx.o
 .debug_macro   0x000000000002fc8d      0x32a Common/System/system_stm32mp1xx.o
 .debug_macro   0x000000000002ffb7       0xfd Common/System/system_stm32mp1xx.o
 .debug_macro   0x00000000000300b4       0x10 Common/System/system_stm32mp1xx.o
 .debug_macro   0x00000000000300c4       0x52 Common/System/system_stm32mp1xx.o
 .debug_macro   0x0000000000030116       0x1f Common/System/system_stm32mp1xx.o
 .debug_macro   0x0000000000030135       0x43 Common/System/system_stm32mp1xx.o
 .debug_macro   0x0000000000030178       0x20 Common/System/system_stm32mp1xx.o
 .debug_macro   0x0000000000030198      0x1a3 Common/System/system_stm32mp1xx.o
 .debug_macro   0x000000000003033b       0x10 Common/System/system_stm32mp1xx.o
 .debug_macro   0x000000000003034b       0x1c Common/System/system_stm32mp1xx.o
 .debug_macro   0x0000000000030367       0x52 Common/System/system_stm32mp1xx.o
 .debug_macro   0x00000000000303b9       0x40 Common/System/system_stm32mp1xx.o
 .debug_macro   0x00000000000303f9       0x10 Common/System/system_stm32mp1xx.o
 .debug_macro   0x0000000000030409       0x40 Common/System/system_stm32mp1xx.o
 .debug_macro   0x0000000000030449       0xd7 Common/System/system_stm32mp1xx.o
 .debug_macro   0x0000000000030520       0x1c Common/System/system_stm32mp1xx.o
 .debug_macro   0x000000000003053c       0x3d Common/System/system_stm32mp1xx.o
 .debug_macro   0x0000000000030579       0x16 Common/System/system_stm32mp1xx.o
 .debug_macro   0x000000000003058f      0x145 Common/System/system_stm32mp1xx.o
 .debug_macro   0x00000000000306d4       0x55 Common/System/system_stm32mp1xx.o
 .debug_macro   0x0000000000030729     0x1d7e Common/System/system_stm32mp1xx.o
 .debug_macro   0x00000000000324a7      0x9b1 Common/System/system_stm32mp1xx.o
 .debug_macro   0x0000000000032e58       0x2e Common/System/system_stm32mp1xx.o
 .debug_macro   0x0000000000032e86      0x33b Common/System/system_stm32mp1xx.o
 .debug_macro   0x00000000000331c1      0x13a Common/System/system_stm32mp1xx.o
 .debug_macro   0x00000000000332fb      0x2f3 Common/System/system_stm32mp1xx.o
 .debug_macro   0x00000000000335ee       0x27 Common/System/system_stm32mp1xx.o
 .debug_macro   0x0000000000033615       0x4a Common/System/system_stm32mp1xx.o
 .debug_macro   0x000000000003365f      0x566 Common/System/system_stm32mp1xx.o
 .debug_macro   0x0000000000033bc5       0xe1 Common/System/system_stm32mp1xx.o
 .debug_macro   0x0000000000033ca6       0x66 Common/System/system_stm32mp1xx.o
 .debug_macro   0x0000000000033d0c      0x3c9 Common/System/system_stm32mp1xx.o
 .debug_macro   0x00000000000340d5      0x228 Common/System/system_stm32mp1xx.o
 .debug_macro   0x00000000000342fd      0x152 Common/System/system_stm32mp1xx.o
 .debug_macro   0x000000000003444f      0x1fa Common/System/system_stm32mp1xx.o
 .debug_macro   0x0000000000034649       0x19 Common/System/system_stm32mp1xx.o
 .debug_macro   0x0000000000034662      0xa1a Common/System/system_stm32mp1xx.o
 .debug_macro   0x000000000003507c      0x27b Common/System/system_stm32mp1xx.o
 .debug_macro   0x00000000000352f7      0x64d Common/System/system_stm32mp1xx.o
 .debug_macro   0x0000000000035944       0xa6 Common/System/system_stm32mp1xx.o
 .debug_macro   0x00000000000359ea      0x522 Common/System/system_stm32mp1xx.o
 .debug_macro   0x0000000000035f0c      0x329 Core/Src/gpio.o
 .debug_macro   0x0000000000036235      0x371 Core/Src/main.o
 .debug_macro   0x00000000000365a6       0x16 Core/Src/main.o
 .debug_macro   0x00000000000365bc       0x35 Core/Src/main.o
 .debug_macro   0x00000000000365f1       0x20 Core/Src/main.o
 .debug_macro   0x0000000000036611      0x31f Core/Src/stm32mp1xx_hal_msp.o
 .debug_macro   0x0000000000036930      0x329 Core/Src/stm32mp1xx_it.o
 .debug_macro   0x0000000000036c59      0x329 Core/Src/tim.o
 .debug_macro   0x0000000000036f82      0x329 Core/Src/usart.o
 .debug_macro   0x00000000000372ab      0x345 Drivers/STM32MP1xx_HAL_Driver/stm32mp1xx_hal.o
 .debug_macro   0x00000000000375f0      0x315 Drivers/STM32MP1xx_HAL_Driver/stm32mp1xx_hal_cortex.o
 .debug_macro   0x0000000000037905      0x34a Drivers/STM32MP1xx_HAL_Driver/stm32mp1xx_hal_gpio.o
 .debug_macro   0x0000000000037c4f      0x321 Drivers/STM32MP1xx_HAL_Driver/stm32mp1xx_hal_rcc.o
 .debug_macro   0x0000000000037f70      0x31b Drivers/STM32MP1xx_HAL_Driver/stm32mp1xx_hal_rcc_ex.o
 .debug_macro   0x000000000003828b      0x316 Drivers/STM32MP1xx_HAL_Driver/stm32mp1xx_hal_tim.o
 .debug_macro   0x00000000000385a1      0x31b Drivers/STM32MP1xx_HAL_Driver/stm32mp1xx_hal_tim_ex.o
 .debug_macro   0x00000000000388bc      0x332 Drivers/STM32MP1xx_HAL_Driver/stm32mp1xx_hal_uart.o
 .debug_macro   0x0000000000038bee      0x321 Drivers/STM32MP1xx_HAL_Driver/stm32mp1xx_hal_uart_ex.o

.debug_line     0x0000000000000000     0xd911
 .debug_line    0x0000000000000000      0x908 Common/System/system_stm32mp1xx.o
 .debug_line    0x0000000000000908      0x8a9 Core/Src/gpio.o
 .debug_line    0x00000000000011b1      0x960 Core/Src/main.o
 .debug_line    0x0000000000001b11      0x8ac Core/Src/stm32mp1xx_hal_msp.o
 .debug_line    0x00000000000023bd      0x952 Core/Src/stm32mp1xx_it.o
 .debug_line    0x0000000000002d0f      0x8f8 Core/Src/tim.o
 .debug_line    0x0000000000003607      0x8f7 Core/Src/usart.o
 .debug_line    0x0000000000003efe       0x8a Core/Startup/startup_stm32mp157cacx.o
 .debug_line    0x0000000000003f88      0xbf1 Drivers/STM32MP1xx_HAL_Driver/stm32mp1xx_hal.o
 .debug_line    0x0000000000004b79      0xbaa Drivers/STM32MP1xx_HAL_Driver/stm32mp1xx_hal_cortex.o
 .debug_line    0x0000000000005723      0xb21 Drivers/STM32MP1xx_HAL_Driver/stm32mp1xx_hal_gpio.o
 .debug_line    0x0000000000006244      0xff0 Drivers/STM32MP1xx_HAL_Driver/stm32mp1xx_hal_rcc.o
 .debug_line    0x0000000000007234      0xeb6 Drivers/STM32MP1xx_HAL_Driver/stm32mp1xx_hal_rcc_ex.o
 .debug_line    0x00000000000080ea     0x1d7b Drivers/STM32MP1xx_HAL_Driver/stm32mp1xx_hal_tim.o
 .debug_line    0x0000000000009e65     0x1031 Drivers/STM32MP1xx_HAL_Driver/stm32mp1xx_hal_tim_ex.o
 .debug_line    0x000000000000ae96     0x1f31 Drivers/STM32MP1xx_HAL_Driver/stm32mp1xx_hal_uart.o
 .debug_line    0x000000000000cdc7      0xb4a Drivers/STM32MP1xx_HAL_Driver/stm32mp1xx_hal_uart_ex.o

.debug_str      0x0000000000000000   0x162403
 .debug_str     0x0000000000000000   0x15d005 Common/System/system_stm32mp1xx.o
                                     0x15d3ac (size before relaxing)
 .debug_str     0x000000000015d005       0x34 Core/Src/gpio.o
                                     0x15d292 (size before relaxing)
 .debug_str     0x000000000015d039      0xcfc Core/Src/main.o
                                     0x15d48a (size before relaxing)
 .debug_str     0x000000000015dd35       0x2d Core/Src/stm32mp1xx_hal_msp.o
                                     0x15d295 (size before relaxing)
 .debug_str     0x000000000015dd62       0xbf Core/Src/stm32mp1xx_it.o
                                     0x15c739 (size before relaxing)
 .debug_str     0x000000000015de21      0x1f2 Core/Src/tim.o
                                     0x15da1e (size before relaxing)
 .debug_str     0x000000000015e013      0x38e Core/Src/usart.o
                                     0x15e00c (size before relaxing)
 .debug_str     0x000000000015e3a1       0x37 Core/Startup/startup_stm32mp157cacx.o
                                         0x71 (size before relaxing)
 .debug_str     0x000000000015e3d8      0xf0c Drivers/STM32MP1xx_HAL_Driver/stm32mp1xx_hal.o
                                     0x15d6cf (size before relaxing)
 .debug_str     0x000000000015f2e4      0x397 Drivers/STM32MP1xx_HAL_Driver/stm32mp1xx_hal_cortex.o
                                     0x15d40e (size before relaxing)
 .debug_str     0x000000000015f67b      0x38f Drivers/STM32MP1xx_HAL_Driver/stm32mp1xx_hal_gpio.o
                                     0x15cbf1 (size before relaxing)
 .debug_str     0x000000000015fa0a      0x71a Drivers/STM32MP1xx_HAL_Driver/stm32mp1xx_hal_rcc.o
                                     0x15dc1b (size before relaxing)
 .debug_str     0x0000000000160124      0x17f Drivers/STM32MP1xx_HAL_Driver/stm32mp1xx_hal_rcc_ex.o
                                     0x15d9f7 (size before relaxing)
 .debug_str     0x00000000001602a3      0xdbd Drivers/STM32MP1xx_HAL_Driver/stm32mp1xx_hal_tim.o
                                     0x15dafd (size before relaxing)
 .debug_str     0x0000000000161060      0x6e3 Drivers/STM32MP1xx_HAL_Driver/stm32mp1xx_hal_tim_ex.o
                                     0x15d4b2 (size before relaxing)
 .debug_str     0x0000000000161743      0x9f1 Drivers/STM32MP1xx_HAL_Driver/stm32mp1xx_hal_uart.o
                                     0x15e5cc (size before relaxing)
 .debug_str     0x0000000000162134      0x2cf Drivers/STM32MP1xx_HAL_Driver/stm32mp1xx_hal_uart_ex.o
                                     0x15d234 (size before relaxing)

.comment        0x0000000000000000       0x7b
 .comment       0x0000000000000000       0x7b Common/System/system_stm32mp1xx.o
                                         0x7c (size before relaxing)
 .comment       0x000000000000007b       0x7c Core/Src/gpio.o
 .comment       0x000000000000007b       0x7c Core/Src/main.o
 .comment       0x000000000000007b       0x7c Core/Src/stm32mp1xx_hal_msp.o
 .comment       0x000000000000007b       0x7c Core/Src/stm32mp1xx_it.o
 .comment       0x000000000000007b       0x7c Core/Src/tim.o
 .comment       0x000000000000007b       0x7c Core/Src/usart.o
 .comment       0x000000000000007b       0x7c Drivers/STM32MP1xx_HAL_Driver/stm32mp1xx_hal.o
 .comment       0x000000000000007b       0x7c Drivers/STM32MP1xx_HAL_Driver/stm32mp1xx_hal_cortex.o
 .comment       0x000000000000007b       0x7c Drivers/STM32MP1xx_HAL_Driver/stm32mp1xx_hal_gpio.o
 .comment       0x000000000000007b       0x7c Drivers/STM32MP1xx_HAL_Driver/stm32mp1xx_hal_rcc.o
 .comment       0x000000000000007b       0x7c Drivers/STM32MP1xx_HAL_Driver/stm32mp1xx_hal_rcc_ex.o
 .comment       0x000000000000007b       0x7c Drivers/STM32MP1xx_HAL_Driver/stm32mp1xx_hal_tim.o
 .comment       0x000000000000007b       0x7c Drivers/STM32MP1xx_HAL_Driver/stm32mp1xx_hal_tim_ex.o
 .comment       0x000000000000007b       0x7c Drivers/STM32MP1xx_HAL_Driver/stm32mp1xx_hal_uart.o
 .comment       0x000000000000007b       0x7c Drivers/STM32MP1xx_HAL_Driver/stm32mp1xx_hal_uart_ex.o

.debug_frame    0x0000000000000000     0x3b18
 .debug_frame   0x0000000000000000       0x58 Common/System/system_stm32mp1xx.o
 .debug_frame   0x0000000000000058       0x30 Core/Src/gpio.o
 .debug_frame   0x0000000000000088       0x7c Core/Src/main.o
 .debug_frame   0x0000000000000104       0x30 Core/Src/stm32mp1xx_hal_msp.o
 .debug_frame   0x0000000000000134      0x10c Core/Src/stm32mp1xx_it.o
 .debug_frame   0x0000000000000240       0xa8 Core/Src/tim.o
 .debug_frame   0x00000000000002e8       0x78 Core/Src/usart.o
 .debug_frame   0x0000000000000360      0x588 Drivers/STM32MP1xx_HAL_Driver/stm32mp1xx_hal.o
 .debug_frame   0x00000000000008e8      0x428 Drivers/STM32MP1xx_HAL_Driver/stm32mp1xx_hal_cortex.o
 .debug_frame   0x0000000000000d10      0x174 Drivers/STM32MP1xx_HAL_Driver/stm32mp1xx_hal_gpio.o
 .debug_frame   0x0000000000000e84      0x5b0 Drivers/STM32MP1xx_HAL_Driver/stm32mp1xx_hal_rcc.o
 .debug_frame   0x0000000000001434      0x148 Drivers/STM32MP1xx_HAL_Driver/stm32mp1xx_hal_rcc_ex.o
 .debug_frame   0x000000000000157c     0x1144 Drivers/STM32MP1xx_HAL_Driver/stm32mp1xx_hal_tim.o
 .debug_frame   0x00000000000026c0      0x6ac Drivers/STM32MP1xx_HAL_Driver/stm32mp1xx_hal_tim_ex.o
 .debug_frame   0x0000000000002d6c      0xb34 Drivers/STM32MP1xx_HAL_Driver/stm32mp1xx_hal_uart.o
 .debug_frame   0x00000000000038a0      0x22c Drivers/STM32MP1xx_HAL_Driver/stm32mp1xx_hal_uart_ex.o
 .debug_frame   0x0000000000003acc       0x2c /Applications/STM32CubeIDE.app/Contents/Eclipse/plugins/com.st.stm32cube.ide.mcu.externaltools.gnu-tools-for-stm32.7-2018-q2-update.macos64_1.4.0.202007081208/tools/bin/../lib/gcc/arm-none-eabi/7.3.1/../../../../arm-none-eabi/lib/thumb/v7e-m/fpv4-sp/hard/libc_nano.a(lib_a-init.o)
 .debug_frame   0x0000000000003af8       0x20 /Applications/STM32CubeIDE.app/Contents/Eclipse/plugins/com.st.stm32cube.ide.mcu.externaltools.gnu-tools-for-stm32.7-2018-q2-update.macos64_1.4.0.202007081208/tools/bin/../lib/gcc/arm-none-eabi/7.3.1/../../../../arm-none-eabi/lib/thumb/v7e-m/fpv4-sp/hard/libc_nano.a(lib_a-memset.o)
